###############################################################################
#
# IAR ELF Linker V9.10.1.308/W64 for ARM                  15/Dec/2025  22:33:32
# Copyright 2007-2021 IAR Systems AB.
#
#    Output file  =  E:\coding\embedded\embededProject\Debug\Exe\main.out
#    Map file     =  E:\coding\embedded\embededProject\Debug\List\main.map
#    Command line =
#        -f E:\coding\embedded\embededProject\Debug\Exe\main.out.rsp
#        (E:\coding\embedded\embededProject\Debug\Obj\HAL\Keypad\dio.o
#        E:\coding\embedded\embededProject\Debug\Obj\APP\display_manager.o
#        E:\coding\embedded\embededProject\Debug\Obj\APP\input_manager.o
#        E:\coding\embedded\embededProject\Debug\Obj\HAL\Keypad\keypad.o
#        E:\coding\embedded\embededProject\Debug\Obj\HAL\LCD\lcd.o
#        E:\coding\embedded\embededProject\Debug\Obj\main.o
#        E:\coding\embedded\embededProject\Debug\Obj\HAL\Potentiometer\potentiometer.o
#        E:\coding\embedded\embededProject\Debug\Obj\APP\potentiometer_manager.o
#        E:\coding\embedded\embededProject\Debug\Obj\startup_ewarm.o
#        --no_out_extension -o
#        E:\coding\embedded\embededProject\Debug\Exe\main.out --redirect
#        _Printf=_PrintfFullNoMb --redirect _Scanf=_ScanfFullNoMb --map
#        E:\coding\embedded\embededProject\Debug\List\main.map --config
#        "C:\Program Files\IAR Systems\Embedded Workbench
#        9.0\arm\config\linker\TexasInstruments\TM4C123GH6.icf" --semihosting
#        C:\ti\TivaWare_C_Series-2.2.0.295\driverlib\ewarm\Exe\driverlib.a
#        --entry __iar_program_start --vfe --text_out locale)
#
###############################################################################

*******************************************************************************
*** MESSAGES
***

Warning[Lt009]: Inconsistent wchar_t size
            sysctl.o(driverlib.a) and 5 other objects in driverlib.a have
                      wchar_t size 16 bits
            dio.o and 25 other objects, some of them in dl7M_tln.a and 11 other
                      libraries have wchar_t size 32 bits


*******************************************************************************
*** RUNTIME MODEL ATTRIBUTES
***

CppFlavor       = *
__SystemLibrary = DLib
__dlib_version  = 6


*******************************************************************************
*** HEAP SELECTION
***

The basic heap was selected because no calls to memory allocation
functions were found in the application outside of system library
functions, and there are calls to deallocation functions in the
application.


*******************************************************************************
*** PLACEMENT SUMMARY
***

"A0":  place at address 0x0 { ro section .intvec };
"P1":  place in [from 0x0 to 0x3'ffff] { ro };
define block CSTACK with size = 4K, alignment = 8 { };
define block HEAP with size = 8K, alignment = 8 { };
"P2":  place in [from 0x2000'0000 to 0x2000'7fff] {
          rw, block CSTACK, block HEAP };
do not initialize { rw section .noinit };

  Section          Kind         Address   Size  Object
  -------          ----         -------   ----  ------
"A0":                                    0x26c
  .intvec          const            0x0  0x26c  startup_ewarm.o [1]
                                - 0x26c  0x26c

"P1":                                    0xc50
  .text            ro code        0x26c  0x2e4  sysctl.o [7]
  .text            ro code        0x550  0x2b8  gpio.o [7]
  .text            ro code        0x808  0x1e8  main.o [1]
  .text            ro code        0x9f0   0xa2  uart.o [7]
  .text            ro code        0xa94   0x66  ABImemset.o [9]
  .text            ro code        0xafc   0x4c  strtok.o [6]
  .text            ro code        0xb48  0x150  iar_Stoulx.o [6]
  .text            ro code        0xc98   0x12  strcmp.o [9]
  .text            ro code        0xcaa   0x22  strspn.o [6]
  .text            ro code        0xccc   0x22  strcspn.o [6]
  .text            ro code        0xcf0   0x58  memchr.o [9]
  .rodata          const          0xd48   0x50  iar_Stoulx.o [6]
  .text            ro code        0xd98   0x38  zero_init3.o [9]
  .text            ro code        0xdd0   0x28  data_init.o [9]
  .text            ro code        0xdf8   0x22  startup_ewarm.o [1]
  .text            ro code        0xe1c   0x1c  cstartup_M.o [9]
  .text            ro code        0xe38   0x22  fpinit_M.o [8]
  .text            ro code        0xe5c   0x1e  cmain.o [9]
  .text            ro code        0xe7a    0x4  low_level_init.o [6]
  .text            ro code        0xe7e    0x4  exit.o [6]
  .text            ro code        0xe84    0xa  cexit.o [9]
  .text            ro code        0xe90   0x14  exit.o [10]
  .iar.init_table  const          0xea4   0x10  - Linker created -
  .rodata          const          0xeb4    0x8  main.o [1]
  .rodata          const          0xebc    0x0  zero_init3.o [9]
                                - 0xebc  0xc50

"P2", part 1 of 2:                        0x1c
  .bss             zero     0x2000'0000   0x14  main.o [1]
  .bss             zero     0x2000'0014    0x4  strtok.o [6]
  .bss             zero     0x2000'0018    0x1  main.o [1]
                          - 0x2000'0019   0x19

"P2", part 2 of 2:                       0x200
  .noinit          uninit   0x2000'001c  0x200  startup_ewarm.o [1]
                          - 0x2000'021c  0x200

Unused ranges:

         From           To      Size
         ----           --      ----
        0xebc     0x3'ffff  0x3'f144
  0x2000'021c  0x2000'7fff    0x7de4


*******************************************************************************
*** INIT TABLE
***

          Address      Size
          -------      ----
Zero (__iar_zero_init3)
    1 destination range, total size 0x19:
          0x2000'0000  0x19



*******************************************************************************
*** MODULE SUMMARY
***

    Module            ro code  ro data  rw data
    ------            -------  -------  -------
command line/config:
    -------------------------------------------
    Total:

E:\coding\embedded\embededProject\Debug\Obj: [1]
    main.o                488        8       21
    startup_ewarm.o        34      620      512
    -------------------------------------------
    Total:                522      628      533

E:\coding\embedded\embededProject\Debug\Obj\APP: [2]
    -------------------------------------------
    Total:

E:\coding\embedded\embededProject\Debug\Obj\HAL\Keypad: [3]
    -------------------------------------------
    Total:

E:\coding\embedded\embededProject\Debug\Obj\HAL\LCD: [4]
    -------------------------------------------
    Total:

E:\coding\embedded\embededProject\Debug\Obj\HAL\Potentiometer: [5]
    -------------------------------------------
    Total:

dl7M_tln.a: [6]
    exit.o                  4
    iar_Stoulx.o          336       80
    low_level_init.o        4
    strcspn.o              34
    strspn.o               34
    strtok.o               76                 4
    -------------------------------------------
    Total:                488       80        4

driverlib.a: [7]
    gpio.o                696
    sysctl.o              740
    uart.o                162
    -------------------------------------------
    Total:              1'598

m7M_tls.a: [8]
    fpinit_M.o             34
    -------------------------------------------
    Total:                 34

rt7M_tl.a: [9]
    ABImemset.o           102
    cexit.o                10
    cmain.o                30
    cstartup_M.o           28
    data_init.o            40
    memchr.o               88
    strcmp.o               18
    zero_init3.o           56
    -------------------------------------------
    Total:                372

shb_l.a: [10]
    exit.o                 20
    -------------------------------------------
    Total:                 20

    Gaps                   14
    Linker created                  16
-----------------------------------------------
    Grand Total:        3'048      724      537


*******************************************************************************
*** ENTRY LIST
***

Entry                       Address   Size  Type      Object
-----                       -------   ----  ----      ------
.iar.init_table$$Base         0xea4          --   Gb  - Linker created -
.iar.init_table$$Limit        0xeb4          --   Gb  - Linker created -
?main                         0xe5d         Code  Gb  cmain.o [9]
FaultISR                      0xe13    0x2  Code  Lc  startup_ewarm.o [1]
GPIODirModeSet                0x551   0x28  Code  Gb  gpio.o [7]
GPIOPadConfigSet              0x579  0x174  Code  Gb  gpio.o [7]
GPIOPinConfigure              0x72f   0x38  Code  Gb  gpio.o [7]
GPIOPinTypeGPIOOutput         0x6f7    0xa  Code  Gb  gpio.o [7]
GPIOPinTypeUART               0x71b   0x14  Code  Gb  gpio.o [7]
GPIOPinWrite                  0x6ed    0x6  Code  Gb  gpio.o [7]
IntDefaultHandler             0xe15    0x2  Code  Lc  startup_ewarm.o [1]
LED_Init                      0x881   0x2c  Code  Gb  main.o [1]
NmiSR                         0xe11    0x2  Code  Lc  startup_ewarm.o [1]
PORTF_Handler                 0xe19    0x2  Code  Gb  startup_ewarm.o [1]
Region$$Table$$Base           0xea4          --   Gb  - Linker created -
Region$$Table$$Limit          0xeb4          --   Gb  - Linker created -
ResetISR                      0xdf9   0x14  Code  Gb  startup_ewarm.o [1]
SysCtlClockGet                0x389  0x110  Code  Gb  sysctl.o [7]
SysCtlClockSet                0x2b1   0xd8  Code  Gb  sysctl.o [7]
SysCtlDelay                   0x2a9    0x8  Code  Gb  sysctl.o [7]
SysCtlPeripheralEnable        0x28d    0x8  Code  Gb  sysctl.o [7]
SysCtlPeripheralReady         0x26d    0x8  Code  Gb  sysctl.o [7]
UART1_Init                    0x809   0x78  Code  Gb  main.o [1]
UARTCharGet                   0xa89    0xa  Code  Gb  uart.o [7]
UARTCharsAvail                0xa79    0x6  Code  Gb  uart.o [7]
UARTConfigSetExpClk           0x9f1   0x4c  Code  Gb  uart.o [7]
UARTDisable                   0xa57   0x1e  Code  Gb  uart.o [7]
UARTEnable                    0xa3d   0x1a  Code  Gb  uart.o [7]
_Strtok_ssave           0x2000'0014    0x4  Data  Lc  strtok.o [6]
__aeabi_memset                0xa95         Code  Gb  ABImemset.o [9]
__cmain                       0xe5d         Code  Gb  cmain.o [9]
__exit                        0xe91   0x14  Code  Gb  exit.o [10]
__iar_Memchr                  0xcf1         Code  Gb  memchr.o [9]
__iar_Memset                  0xa95         Code  Gb  ABImemset.o [9]
__iar_Memset_word             0xa9d         Code  Gb  ABImemset.o [9]
__iar_Stoulx                  0xb49  0x13e  Code  Gb  iar_Stoulx.o [6]
__iar_data_init3              0xdd1   0x28  Code  Gb  data_init.o [9]
__iar_init_vfp                0xe39         Code  Gb  fpinit_M.o [8]
__iar_program_start           0xe1d         Code  Gb  cstartup_M.o [9]
__iar_zero_init3              0xd99   0x38  Code  Gb  zero_init3.o [9]
__low_level_init              0xe7b    0x4  Code  Gb  low_level_init.o [6]
__vector_table                  0x0  0x26c  Data  Gb  startup_ewarm.o [1]
_call_main                    0xe69         Code  Gb  cmain.o [9]
_exit                         0xe85         Code  Gb  cexit.o [9]
atoi                          0xc8d    0x2  Code  Gb  iar_Stoulx.o [6]
digits                        0xd70   0x28  Data  Lc  iar_Stoulx.o [6]
exit                          0xe7f    0x4  Code  Gb  exit.o [6]
g_pui32GPIOBaseAddrs          0x778   0x90  Data  Lc  gpio.o [7]
g_pui32Xtals                  0x4e4   0x6c  Data  Lc  sysctl.o [7]
main                          0x8ad  0x110  Code  Gb  main.o [1]
memchr                        0xcf1         Code  Gb  memchr.o [9]
ndigs                         0xd48   0x28  Data  Lc  iar_Stoulx.o [6]
pui32Stack              0x2000'001c  0x200  Data  Lc  startup_ewarm.o [1]
rxBuffer                0x2000'0000   0x14  Data  Gb  main.o [1]
rxIndex                 0x2000'0018    0x1  Data  Gb  main.o [1]
strcmp                        0xc99         Code  Gb  strcmp.o [9]
strcspn                       0xccd   0x22  Code  Gb  strcspn.o [6]
strspn                        0xcab   0x22  Code  Gb  strspn.o [6]
strtok                        0xafd   0x4c  Code  Gb  strtok.o [6]
systick_ISR                   0xe17    0x2  Code  Gb  startup_ewarm.o [1]


[1] = E:\coding\embedded\embededProject\Debug\Obj
[2] = E:\coding\embedded\embededProject\Debug\Obj\APP
[3] = E:\coding\embedded\embededProject\Debug\Obj\HAL\Keypad
[4] = E:\coding\embedded\embededProject\Debug\Obj\HAL\LCD
[5] = E:\coding\embedded\embededProject\Debug\Obj\HAL\Potentiometer
[6] = dl7M_tln.a
[7] = driverlib.a
[8] = m7M_tls.a
[9] = rt7M_tl.a
[10] = shb_l.a

  3'048 bytes of readonly  code memory
    724 bytes of readonly  data memory
    537 bytes of readwrite data memory

Errors: none
Warnings: 1
