###############################################################################
#
# IAR ELF Linker V9.10.1.308/W64 for ARM                  22/Dec/2025  15:00:54
# Copyright 2007-2021 IAR Systems AB.
#
#    Output file  =  E:\coding\embedded\embededProject\Debug\Exe\main.out
#    Map file     =  E:\coding\embedded\embededProject\Debug\List\main.map
#    Command line =
#        -f E:\coding\embedded\embededProject\Debug\Exe\main.out.rsp
#        (E:\coding\embedded\embededProject\Debug\Obj\Utils\dio.o
#        E:\coding\embedded\embededProject\Debug\Obj\APP\display_manager.o
#        E:\coding\embedded\embededProject\Debug\Obj\Comm\HMI_Comm.o
#        E:\coding\embedded\embededProject\Debug\Obj\APP\input_manager.o
#        E:\coding\embedded\embededProject\Debug\Obj\HAL\Keypad\keypad.o
#        E:\coding\embedded\embededProject\Debug\Obj\HAL\LCD\lcd.o
#        E:\coding\embedded\embededProject\Debug\Obj\main.o
#        E:\coding\embedded\embededProject\Debug\Obj\HAL\Potentiometer\potentiometer.o
#        E:\coding\embedded\embededProject\Debug\Obj\APP\potentiometer_manager.o
#        E:\coding\embedded\embededProject\Debug\Obj\startup_ewarm.o
#        --no_out_extension -o
#        E:\coding\embedded\embededProject\Debug\Exe\main.out --redirect
#        _Printf=_PrintfFullNoMb --redirect _Scanf=_ScanfFullNoMb --map
#        E:\coding\embedded\embededProject\Debug\List\main.map --config
#        "C:\Program Files\IAR Systems\Embedded Workbench
#        9.0\arm\config\linker\TexasInstruments\TM4C123GH6.icf" --semihosting
#        C:\ti\TivaWare_C_Series-2.2.0.295\driverlib\ewarm\Exe\driverlib.a
#        --entry __iar_program_start --vfe --text_out locale)
#
###############################################################################

*******************************************************************************
*** MESSAGES
***

Warning[Lt009]: Inconsistent wchar_t size
            gpio.o(driverlib.a) and 5 other objects in driverlib.a have wchar_t
                      size 16 bits
            dio.o and 22 other objects, some of them in dl7M_tln.a and 11 other
                      libraries have wchar_t size 32 bits


*******************************************************************************
*** RUNTIME MODEL ATTRIBUTES
***

CppFlavor       = *
__SystemLibrary = DLib
__dlib_version  = 6


*******************************************************************************
*** HEAP SELECTION
***

The basic heap was selected because no calls to memory allocation
functions were found in the application outside of system library
functions, and there are calls to deallocation functions in the
application.


*******************************************************************************
*** PLACEMENT SUMMARY
***

"A0":  place at address 0x0 { ro section .intvec };
"P1":  place in [from 0x0 to 0x3'ffff] { ro };
define block CSTACK with size = 4K, alignment = 8 { };
define block HEAP with size = 8K, alignment = 8 { };
"P2":  place in [from 0x2000'0000 to 0x2000'7fff] {
          rw, block CSTACK, block HEAP };
do not initialize { rw section .noinit };

  Section          Kind         Address    Size  Object
  -------          ----         -------    ----  ------
"A0":                                     0x26c
  .intvec          const            0x0   0x26c  startup_ewarm.o [1]
                                - 0x26c   0x26c

"P1":                                    0x178c
  .text            ro code        0x26c   0x4e0  dio.o [7]
  .text            ro code        0x74c   0x2e4  sysctl.o [9]
  .text            ro code        0xa30   0x2b0  gpio.o [9]
  .text            ro code        0xce0   0x1fc  display_manager.o [2]
  .text            ro code        0xedc   0x1de  lcd.o [5]
  .text            ro code       0x10bc     0x6  ABImemclr.o [11]
  .text            ro code       0x10c2    0x4c  input_manager.o [2]
  .text            ro code       0x1110    0x12  strcmp.o [11]
  .text            ro code       0x1124   0x1a4  HMI_Comm.o [3]
  .text            ro code       0x12c8    0x16  strchr.o [11]
  .text            ro code       0x12e0    0x5e  ABImemset.o [11]
  .text            ro code       0x1340   0x15c  keypad.o [4]
  .text            ro code       0x149c    0xf2  uart.o [9]
  .text            ro code       0x1590    0x74  interrupt.o [9]
  .text            ro code       0x1604    0x18  strcpy.o [11]
  .text            ro code       0x161c   0x102  adc.o [9]
  .text            ro code       0x1720    0x8c  potentiometer.o [6]
  .text            ro code       0x17ac    0x60  main.o [1]
  .text            ro code       0x180c    0x38  zero_init3.o [11]
  .text            ro code       0x1844    0x28  data_init.o [11]
  .text            ro code       0x186c    0x22  startup_ewarm.o [1]
  .text            ro code       0x1890    0x1c  cstartup_M.o [11]
  .text            ro code       0x18ac    0x22  fpinit_M.o [10]
  .text            ro code       0x18d0    0x1e  cmain.o [11]
  .text            ro code       0x18ee     0x4  low_level_init.o [8]
  .text            ro code       0x18f2     0x4  exit.o [8]
  .text            ro code       0x18f8     0xa  cexit.o [11]
  .text            ro code       0x1904    0x14  exit.o [12]
  .iar.init_table  const         0x1918    0x10  - Linker created -
  .rodata          const         0x1928    0x18  display_manager.o [2]
  .rodata          const         0x1940    0x14  display_manager.o [2]
  .rodata          const         0x1954    0x14  display_manager.o [2]
  .rodata          const         0x1968    0x14  display_manager.o [2]
  .rodata          const         0x197c    0x10  display_manager.o [2]
  .rodata          const         0x198c    0x10  display_manager.o [2]
  .rodata          const         0x199c    0x10  HMI_Comm.o [3]
  .rodata          const         0x19ac    0x10  keypad.o [4]
  .rodata          const         0x19bc    0x10  main.o [1]
  .rodata          const         0x19cc     0x8  display_manager.o [2]
  .rodata          const         0x19d4     0x8  display_manager.o [2]
  .rodata          const         0x19dc     0x8  HMI_Comm.o [3]
  .rodata          const         0x19e4     0x4  keypad.o [4]
  .rodata          const         0x19e8     0x4  keypad.o [4]
  .rodata          const         0x19ec     0x4  keypad.o [4]
  .rodata          const         0x19f0     0x4  keypad.o [4]
  .rodata          const         0x19f4     0x4  main.o [1]
  .rodata          const         0x19f8     0x0  zero_init3.o [11]
                               - 0x19f8  0x178c

"P2", part 1 of 2:                         0x44
  .bss             zero     0x2000'0000    0x40  HMI_Comm.o [3]
  .bss             zero     0x2000'0040     0x1  HMI_Comm.o [3]
  .bss             zero     0x2000'0041     0x1  HMI_Comm.o [3]
                          - 0x2000'0042    0x42

"P2", part 2 of 2:                        0x200
  .noinit          uninit   0x2000'0044   0x200  startup_ewarm.o [1]
                          - 0x2000'0244   0x200

Unused ranges:

         From           To      Size
         ----           --      ----
       0x19f8     0x3'ffff  0x3'e608
  0x2000'0244  0x2000'7fff    0x7dbc


*******************************************************************************
*** INIT TABLE
***

          Address      Size
          -------      ----
Zero (__iar_zero_init3)
    1 destination range, total size 0x42:
          0x2000'0000  0x42



*******************************************************************************
*** MODULE SUMMARY
***

    Module             ro code  ro data  rw data
    ------             -------  -------  -------
command line/config:
    --------------------------------------------
    Total:

E:\coding\embedded\embededProject\Debug\Obj: [1]
    main.o                  96       20
    startup_ewarm.o         34      620      512
    --------------------------------------------
    Total:                 130      640      512

E:\coding\embedded\embededProject\Debug\Obj\APP: [2]
    display_manager.o      508      132
    input_manager.o         76
    --------------------------------------------
    Total:                 584      132

E:\coding\embedded\embededProject\Debug\Obj\Comm: [3]
    HMI_Comm.o             420       24       66
    --------------------------------------------
    Total:                 420       24       66

E:\coding\embedded\embededProject\Debug\Obj\HAL\Keypad: [4]
    keypad.o               348       32
    --------------------------------------------
    Total:                 348       32

E:\coding\embedded\embededProject\Debug\Obj\HAL\LCD: [5]
    lcd.o                  478
    --------------------------------------------
    Total:                 478

E:\coding\embedded\embededProject\Debug\Obj\HAL\Potentiometer: [6]
    potentiometer.o        140
    --------------------------------------------
    Total:                 140

E:\coding\embedded\embededProject\Debug\Obj\Utils: [7]
    dio.o                1'248
    --------------------------------------------
    Total:               1'248

dl7M_tln.a: [8]
    exit.o                   4
    low_level_init.o         4
    --------------------------------------------
    Total:                   8

driverlib.a: [9]
    adc.o                  258
    gpio.o                 688
    interrupt.o            116
    sysctl.o               740
    uart.o                 242
    --------------------------------------------
    Total:               2'044

m7M_tls.a: [10]
    fpinit_M.o              34
    --------------------------------------------
    Total:                  34

rt7M_tl.a: [11]
    ABImemclr.o              6
    ABImemset.o             94
    cexit.o                 10
    cmain.o                 30
    cstartup_M.o            28
    data_init.o             40
    strchr.o                22
    strcmp.o                18
    strcpy.o                24
    zero_init3.o            56
    --------------------------------------------
    Total:                 328

shb_l.a: [12]
    exit.o                  20
    --------------------------------------------
    Total:                  20

    Gaps                    22
    Linker created                   16
------------------------------------------------
    Grand Total:         5'804      844      578


*******************************************************************************
*** ENTRY LIST
***

Entry                       Address   Size  Type      Object
-----                       -------   ----  ----      ------
.iar.init_table$$Base        0x1918          --   Gb  - Linker created -
.iar.init_table$$Limit       0x1928          --   Gb  - Linker created -
?main                        0x18d1         Code  Gb  cmain.o [11]
ADCIntClear                  0x161d    0xa  Code  Gb  adc.o [9]
ADCSequenceConfigure         0x1641   0x52  Code  Gb  adc.o [9]
ADCSequenceDisable           0x1631    0x2  Code  Gb  adc.o [9]
ADCSequenceEnable            0x1627    0xa  Code  Gb  adc.o [9]
ADCSequenceStepConfigure
                             0x1693   0x76  Code  Gb  adc.o [9]
DIO_Init                      0x26d  0x29c  Code  Gb  dio.o [7]
DIO_ReadPin                   0x5b5   0x48  Code  Gb  dio.o [7]
DIO_SetPUR                    0x5fd   0xa0  Code  Gb  dio.o [7]
DIO_WritePin                  0x509   0xac  Code  Gb  dio.o [7]
DISPLAY_ClearScreen           0xe8d   0x10  Code  Gb  display_manager.o [2]
DISPLAY_Init                  0xce1    0x8  Code  Gb  display_manager.o [2]
DISPLAY_NEW_PASSWORD          0xd09  0x14e  Code  Gb  display_manager.o [2]
DISPLAY_ShowMainMenu          0xce9   0x20  Code  Gb  display_manager.o [2]
DISPLAY_ShowMessage           0xe57   0x10  Code  Gb  display_manager.o [2]
DelayMs                       0xedd   0x12  Code  Lc  lcd.o [5]
FaultISR                     0x1887    0x2  Code  Lc  startup_ewarm.o [1]
GPIODirModeSet                0xa31   0x28  Code  Gb  gpio.o [9]
GPIOPadConfigSet              0xa59  0x174  Code  Gb  gpio.o [9]
GPIOPinConfigure              0xc07   0x38  Code  Gb  gpio.o [9]
GPIOPinTypeADC                0xbcd    0x4  Code  Gb  gpio.o [9]
GPIOPinTypeUART               0xbf3   0x14  Code  Gb  gpio.o [9]
InputManager_GetKey          0x10f1   0x1e  Code  Gb  input_manager.o [2]
IntDefaultHandler            0x1889    0x2  Code  Lc  startup_ewarm.o [1]
IntEnable                    0x1591   0x56  Code  Gb  interrupt.o [9]
Keypad_GetKey                0x13b1   0xd4  Code  Gb  keypad.o [4]
Keypad_Init                  0x1341   0x70  Code  Gb  keypad.o [4]
LCD_Clear                    0x1065   0x10  Code  Gb  lcd.o [5]
LCD_EnablePulse               0xeef   0x24  Code  Lc  lcd.o [5]
LCD_Init                      0xf53   0xaa  Code  Gb  lcd.o [5]
LCD_Send4Bits                 0xf13   0x40  Code  Lc  lcd.o [5]
LCD_SendCommand               0xffd   0x40  Code  Gb  lcd.o [5]
LCD_SendData                 0x103d   0x28  Code  Gb  lcd.o [5]
LCD_SetCursor                0x1075   0x22  Code  Gb  lcd.o [5]
LCD_WriteChar                0x10ad    0xe  Code  Gb  lcd.o [5]
LCD_WriteString              0x1097   0x16  Code  Gb  lcd.o [5]
MapKey                       0x10c3   0x2e  Code  Lc  input_manager.o [2]
NmiSR                        0x1885    0x2  Code  Lc  startup_ewarm.o [1]
PORTF_Handler                0x188d    0x2  Code  Gb  startup_ewarm.o [1]
PROCESS_MESSAGE              0x1201   0x32  Code  Gb  HMI_Comm.o [3]
Potentiometer_Init           0x1721   0x74  Code  Gb  potentiometer.o [6]
Region$$Table$$Base          0x1918          --   Gb  - Linker created -
Region$$Table$$Limit         0x1928          --   Gb  - Linker created -
ResetISR                     0x186d   0x14  Code  Gb  startup_ewarm.o [1]
SHOW_BUFFER                   0xe9d   0x40  Code  Gb  display_manager.o [2]
SysCtlClockGet                0x869  0x110  Code  Gb  sysctl.o [9]
SysCtlClockSet                0x791   0xd8  Code  Gb  sysctl.o [9]
SysCtlDelay                   0x789    0x8  Code  Gb  sysctl.o [9]
SysCtlPeripheralEnable        0x76d    0x8  Code  Gb  sysctl.o [9]
SysCtlPeripheralReady         0x74d    0x8  Code  Gb  sysctl.o [9]
UART5_Handler                0x11a1   0x60  Code  Gb  HMI_Comm.o [3]
UART5_Init                   0x1125   0x7c  Code  Gb  HMI_Comm.o [3]
UART5_ReceiveString          0x124b   0x52  Code  Gb  HMI_Comm.o [3]
UART5_SendString             0x1233   0x18  Code  Gb  HMI_Comm.o [3]
UARTCharGet                  0x1555    0xa  Code  Gb  uart.o [9]
UARTCharGetNonBlocking       0x1547    0xe  Code  Gb  uart.o [9]
UARTCharPut                  0x155f    0xa  Code  Gb  uart.o [9]
UARTCharsAvail               0x1537    0x6  Code  Gb  uart.o [9]
UARTConfigSetExpClk          0x149d   0x4c  Code  Gb  uart.o [9]
UARTDisable                  0x1503   0x1e  Code  Gb  uart.o [9]
UARTEnable                   0x14e9   0x1a  Code  Gb  uart.o [9]
UARTFIFOEnable               0x1525    0xc  Code  Gb  uart.o [9]
UARTIntClear                 0x1585    0x4  Code  Gb  uart.o [9]
UARTIntDisable               0x156f    0x4  Code  Gb  uart.o [9]
UARTIntEnable                0x1569    0x6  Code  Gb  uart.o [9]
UARTIntStatus                0x157b    0xa  Code  Gb  uart.o [9]
UARTRxErrorClear             0x1589    0x6  Code  Gb  uart.o [9]
__aeabi_memclr               0x10bd         Code  Gb  ABImemclr.o [11]
__cmain                      0x18d1         Code  Gb  cmain.o [11]
__exit                       0x1905   0x14  Code  Gb  exit.o [12]
__iar_Memset_word            0x12e1         Code  Gb  ABImemset.o [11]
__iar_Strchr                 0x12c9         Code  Gb  strchr.o [11]
__iar_data_init3             0x1845   0x28  Code  Gb  data_init.o [11]
__iar_init_vfp               0x18ad         Code  Gb  fpinit_M.o [10]
__iar_program_start          0x1891         Code  Gb  cstartup_M.o [11]
__iar_zero_init3             0x180d   0x38  Code  Gb  zero_init3.o [11]
__low_level_init             0x18ef    0x4  Code  Gb  low_level_init.o [8]
__vector_table                  0x0  0x26c  Data  Gb  startup_ewarm.o [1]
_call_main                   0x18dd         Code  Gb  cmain.o [11]
_exit                        0x18f9         Code  Gb  cexit.o [11]
exit                         0x18f3    0x4  Code  Gb  exit.o [8]
g_pui32EnRegs                0x15f0   0x14  Data  Lc  interrupt.o [9]
g_pui32GPIOBaseAddrs          0xc50   0x90  Data  Lc  gpio.o [9]
g_pui32Xtals                  0x9c4   0x6c  Data  Lc  sysctl.o [9]
keypad_codes                 0x19ac   0x10  Data  Gb  keypad.o [4]
main                         0x17ad   0x4e  Code  Gb  main.o [1]
messageReady            0x2000'0041    0x1  Data  Gb  HMI_Comm.o [3]
pui32Stack              0x2000'0044  0x200  Data  Lc  startup_ewarm.o [1]
rxBuffer                0x2000'0000   0x40  Data  Gb  HMI_Comm.o [3]
rxIndex                 0x2000'0040    0x1  Data  Gb  HMI_Comm.o [3]
strchr                       0x12c9         Code  Gb  strchr.o [11]
strcmp                       0x1111         Code  Gb  strcmp.o [11]
strcpy                       0x1605         Code  Gb  strcpy.o [11]
systick_ISR                  0x188b    0x2  Code  Gb  startup_ewarm.o [1]


[1] = E:\coding\embedded\embededProject\Debug\Obj
[2] = E:\coding\embedded\embededProject\Debug\Obj\APP
[3] = E:\coding\embedded\embededProject\Debug\Obj\Comm
[4] = E:\coding\embedded\embededProject\Debug\Obj\HAL\Keypad
[5] = E:\coding\embedded\embededProject\Debug\Obj\HAL\LCD
[6] = E:\coding\embedded\embededProject\Debug\Obj\HAL\Potentiometer
[7] = E:\coding\embedded\embededProject\Debug\Obj\Utils
[8] = dl7M_tln.a
[9] = driverlib.a
[10] = m7M_tls.a
[11] = rt7M_tl.a
[12] = shb_l.a

  5'804 bytes of readonly  code memory
    844 bytes of readonly  data memory
    578 bytes of readwrite data memory

Errors: none
Warnings: 1
