###############################################################################
#
# IAR ELF Linker V9.10.1.308/W64 for ARM                  17/Dec/2025  22:12:59
# Copyright 2007-2021 IAR Systems AB.
#
#    Output file  =  E:\coding\embedded\embededProject\Debug\Exe\main.out
#    Map file     =  E:\coding\embedded\embededProject\Debug\List\main.map
#    Command line =
#        -f E:\coding\embedded\embededProject\Debug\Exe\main.out.rsp
#        (E:\coding\embedded\embededProject\Debug\Obj\Utils\dio.o
#        E:\coding\embedded\embededProject\Debug\Obj\APP\display_manager.o
#        E:\coding\embedded\embededProject\Debug\Obj\Comm\HMI_Comm.o
#        E:\coding\embedded\embededProject\Debug\Obj\APP\input_manager.o
#        E:\coding\embedded\embededProject\Debug\Obj\HAL\Keypad\keypad.o
#        E:\coding\embedded\embededProject\Debug\Obj\HAL\LCD\lcd.o
#        E:\coding\embedded\embededProject\Debug\Obj\main.o
#        E:\coding\embedded\embededProject\Debug\Obj\HAL\Potentiometer\potentiometer.o
#        E:\coding\embedded\embededProject\Debug\Obj\APP\potentiometer_manager.o
#        E:\coding\embedded\embededProject\Debug\Obj\startup_ewarm.o
#        --no_out_extension -o
#        E:\coding\embedded\embededProject\Debug\Exe\main.out --redirect
#        _Printf=_PrintfFullNoMb --redirect _Scanf=_ScanfFullNoMb --map
#        E:\coding\embedded\embededProject\Debug\List\main.map --config
#        "C:\Program Files\IAR Systems\Embedded Workbench
#        9.0\arm\config\linker\TexasInstruments\TM4C123GH6.icf" --semihosting
#        C:\ti\TivaWare_C_Series-2.2.0.295\driverlib\ewarm\Exe\driverlib.a
#        --entry __iar_program_start --vfe --text_out locale)
#
###############################################################################

*******************************************************************************
*** MESSAGES
***

Warning[Lt009]: Inconsistent wchar_t size
            sysctl.o(driverlib.a) and 5 other objects in driverlib.a have
                      wchar_t size 16 bits
            dio.o and 22 other objects, some of them in dl7M_tln.a and 11 other
                      libraries have wchar_t size 32 bits


*******************************************************************************
*** RUNTIME MODEL ATTRIBUTES
***

CppFlavor       = *
__SystemLibrary = DLib
__dlib_version  = 6


*******************************************************************************
*** HEAP SELECTION
***

The basic heap was selected because no calls to memory allocation
functions were found in the application outside of system library
functions, and there are calls to deallocation functions in the
application.


*******************************************************************************
*** PLACEMENT SUMMARY
***

"A0":  place at address 0x0 { ro section .intvec };
"P1":  place in [from 0x0 to 0x3'ffff] { ro };
define block CSTACK with size = 4K, alignment = 8 { };
define block HEAP with size = 8K, alignment = 8 { };
"P2":  place in [from 0x2000'0000 to 0x2000'7fff] {
          rw, block CSTACK, block HEAP };
do not initialize { rw section .noinit };
initialize by copy { rw };

  Section            Kind         Address    Size  Object
  -------            ----         -------    ----  ------
"A0":                                       0x26c
  .intvec            const            0x0   0x26c  startup_ewarm.o [1]
                                  - 0x26c   0x26c

"P1":                                      0x1a24
  .text              ro code        0x26c   0x4e0  dio.o [7]
  .text              ro code        0x74c   0x314  display_manager.o [2]
  .text              ro code        0xa60   0x1de  lcd.o [5]
  .text              ro code        0xc3e    0x2a  copy_init3.o [11]
  .text              ro code        0xc68     0x6  ABImemclr.o [11]
  .text              ro code        0xc6e    0x4c  input_manager.o [2]
  .text              ro code        0xcbc   0x1f0  sysctl.o [9]
  .text              ro code        0xeac    0x12  strcmp.o [11]
  .text              ro code        0xec0   0x128  HMI_Comm.o [3]
  .text              ro code        0xfe8   0x1c4  potentiometer_manager.o [2]
  .text              ro code       0x11ac    0x66  ABImemset.o [11]
  .text              ro code       0x1214   0x154  keypad.o [4]
  .text              ro code       0x1368   0x2d0  gpio.o [9]
  .text              ro code       0x1638    0xb6  uart.o [9]
  .text              ro code       0x16f0    0xf4  potentiometer.o [6]
  .text              ro code       0x17e4   0x170  adc.o [9]
  .text              ro code       0x1954    0xf8  main.o [1]
  .text              ro code       0x1a4c    0x28  data_init.o [11]
  .text              ro code       0x1a74    0x22  startup_ewarm.o [1]
  .text              ro code       0x1a98    0x1c  cstartup_M.o [11]
  .text              ro code       0x1ab4    0x22  fpinit_M.o [10]
  .text              ro code       0x1ad8    0x1e  cmain.o [11]
  .text              ro code       0x1af6     0x4  low_level_init.o [8]
  .text              ro code       0x1afa     0x4  exit.o [8]
  .text              ro code       0x1b00     0xa  cexit.o [11]
  .text              ro code       0x1b0c    0x14  exit.o [12]
  .iar.init_table    const         0x1b20    0x14  - Linker created -
  .rodata            const         0x1b34    0x14  display_manager.o [2]
  .rodata            const         0x1b48    0x14  display_manager.o [2]
  .rodata            const         0x1b5c    0x14  display_manager.o [2]
  .rodata            const         0x1b70    0x14  display_manager.o [2]
  .rodata            const         0x1b84    0x14  display_manager.o [2]
  .rodata            const         0x1b98    0x14  potentiometer_manager.o [2]
  .rodata            const         0x1bac    0x10  display_manager.o [2]
  .rodata            const         0x1bbc    0x10  display_manager.o [2]
  .rodata            const         0x1bcc    0x10  display_manager.o [2]
  .rodata            const         0x1bdc    0x10  display_manager.o [2]
  .rodata            const         0x1bec    0x10  display_manager.o [2]
  .rodata            const         0x1bfc    0x10  keypad.o [4]
  .rodata            const         0x1c0c    0x10  main.o [1]
  .rodata            const         0x1c1c    0x10  potentiometer_manager.o [2]
  .rodata            const         0x1c2c    0x10  potentiometer_manager.o [2]
  .rodata            const         0x1c3c    0x10  potentiometer_manager.o [2]
  .rodata            const         0x1c4c     0xc  display_manager.o [2]
  .rodata            const         0x1c58     0xc  potentiometer_manager.o [2]
  .rodata            const         0x1c64     0x8  display_manager.o [2]
  .rodata            const         0x1c6c     0x8  potentiometer_manager.o [2]
  .rodata            const         0x1c74     0x8  potentiometer_manager.o [2]
  .rodata            const         0x1c7c     0x4  keypad.o [4]
  .rodata            const         0x1c80     0x4  keypad.o [4]
  .rodata            const         0x1c84     0x4  keypad.o [4]
  .rodata            const         0x1c88     0x4  keypad.o [4]
  Initializer bytes  const         0x1c8c     0x4  <for P2-1>
  .rodata            const         0x1c90     0x0  copy_init3.o [11]
                                 - 0x1c90  0x1a24

"P2", part 1 of 2:                            0x4
  P2-1                        0x2000'0000     0x1  <Init block>
    .data            inited   0x2000'0000     0x1  potentiometer_manager.o [2]
                            - 0x2000'0001     0x1

"P2", part 2 of 2:                          0x200
  .noinit            uninit   0x2000'0004   0x200  startup_ewarm.o [1]
                            - 0x2000'0204   0x200

Unused ranges:

         From           To      Size
         ----           --      ----
       0x1c90     0x3'ffff  0x3'e370
  0x2000'0204  0x2000'7fff    0x7dfc


*******************************************************************************
*** INIT TABLE
***

          Address      Size
          -------      ----
Copy (__iar_copy_init3)
    1 source range, total size 0x4 (400% of destination):
               0x1c8c   0x4
    1 destination range, total size 0x1:
          0x2000'0000   0x1



*******************************************************************************
*** MODULE SUMMARY
***

    Module                   ro code  ro data  rw data
    ------                   -------  -------  -------
command line/config:
    --------------------------------------------------
    Total:

E:\coding\embedded\embededProject\Debug\Obj: [1]
    main.o                       248       16
    startup_ewarm.o               34      620      512
    --------------------------------------------------
    Total:                       282      636      512

E:\coding\embedded\embededProject\Debug\Obj\APP: [2]
    display_manager.o            788      200
    input_manager.o               76
    potentiometer_manager.o      452       97        1
    --------------------------------------------------
    Total:                     1'316      297        1

E:\coding\embedded\embededProject\Debug\Obj\Comm: [3]
    HMI_Comm.o                   296
    --------------------------------------------------
    Total:                       296

E:\coding\embedded\embededProject\Debug\Obj\HAL\Keypad: [4]
    keypad.o                     340       32
    --------------------------------------------------
    Total:                       340       32

E:\coding\embedded\embededProject\Debug\Obj\HAL\LCD: [5]
    lcd.o                        478
    --------------------------------------------------
    Total:                       478

E:\coding\embedded\embededProject\Debug\Obj\HAL\Potentiometer: [6]
    potentiometer.o              244
    --------------------------------------------------
    Total:                       244

E:\coding\embedded\embededProject\Debug\Obj\Utils: [7]
    dio.o                      1'248
    --------------------------------------------------
    Total:                     1'248

dl7M_tln.a: [8]
    exit.o                         4
    low_level_init.o               4
    --------------------------------------------------
    Total:                         8

driverlib.a: [9]
    adc.o                        368
    gpio.o                       720
    sysctl.o                     496
    uart.o                       182
    --------------------------------------------------
    Total:                     1'766

m7M_tls.a: [10]
    fpinit_M.o                    34
    --------------------------------------------------
    Total:                        34

rt7M_tl.a: [11]
    ABImemclr.o                    6
    ABImemset.o                  102
    cexit.o                       10
    cmain.o                       30
    copy_init3.o                  42
    cstartup_M.o                  28
    data_init.o                   40
    strcmp.o                      18
    --------------------------------------------------
    Total:                       276

shb_l.a: [12]
    exit.o                        20
    --------------------------------------------------
    Total:                        20

    Gaps                          16
    Linker created                         23
------------------------------------------------------
    Grand Total:               6'324      988      513


*******************************************************************************
*** ENTRY LIST
***

Entry                       Address   Size  Type      Object
-----                       -------   ----  ----      ------
.iar.init_table$$Base        0x1b20          --   Gb  - Linker created -
.iar.init_table$$Limit       0x1b34          --   Gb  - Linker created -
?main                        0x1ad9         Code  Gb  cmain.o [11]
ADCIntClear                  0x180f    0xa  Code  Gb  adc.o [9]
ADCIntStatus                 0x17e5   0x2a  Code  Gb  adc.o [9]
ADCProcessorTrigger          0x192f   0x1c  Code  Gb  adc.o [9]
ADCSequenceConfigure         0x1833   0x52  Code  Gb  adc.o [9]
ADCSequenceDataGet           0x1911   0x1e  Code  Gb  adc.o [9]
ADCSequenceDisable           0x1823    0x2  Code  Gb  adc.o [9]
ADCSequenceEnable            0x1819    0xa  Code  Gb  adc.o [9]
ADCSequenceStepConfigure
                             0x1885   0x76  Code  Gb  adc.o [9]
DELAY                        0x1955    0xc  Code  Gb  main.o [1]
DIO_Init                      0x26d  0x29c  Code  Gb  dio.o [7]
DIO_ReadPin                   0x5b5   0x48  Code  Gb  dio.o [7]
DIO_SetPUR                    0x5fd   0xa0  Code  Gb  dio.o [7]
DIO_WritePin                  0x509   0xac  Code  Gb  dio.o [7]
DISPLAY_CHANGEPASSWORD        0x795  0x1be  Code  Gb  display_manager.o [2]
DISPLAY_CHANGETIMEOUT         0x953    0x8  Code  Gb  display_manager.o [2]
DISPLAY_ClearScreen           0x785   0x10  Code  Gb  display_manager.o [2]
DISPLAY_ERROR                 0xa17    0xe  Code  Gb  display_manager.o [2]
DISPLAY_Init                  0x74d    0x8  Code  Gb  display_manager.o [2]
DISPLAY_OLD_PASSWORD          0x95b   0xb4  Code  Gb  display_manager.o [2]
DISPLAY_OPEN                  0xa0f    0x8  Code  Gb  display_manager.o [2]
DISPLAY_ShowMainMenu          0x755   0x20  Code  Gb  display_manager.o [2]
DISPLAY_ShowMessage           0x775   0x10  Code  Gb  display_manager.o [2]
DelayMs                       0xa61   0x12  Code  Lc  lcd.o [5]
FaultISR                     0x1a8f    0x2  Code  Lc  startup_ewarm.o [1]
GPIODirModeSet               0x1369   0x28  Code  Gb  gpio.o [9]
GPIOPadConfigSet             0x1391  0x174  Code  Gb  gpio.o [9]
GPIOPinConfigure             0x1561   0x38  Code  Gb  gpio.o [9]
GPIOPinTypeADC               0x150b    0x4  Code  Gb  gpio.o [9]
GPIOPinTypeGPIOOutput        0x1529    0xa  Code  Gb  gpio.o [9]
GPIOPinTypeUART              0x154d   0x14  Code  Gb  gpio.o [9]
GPIOPinWrite                 0x1505    0x6  Code  Gb  gpio.o [9]
InputManager_GetKey           0xc9d   0x1e  Code  Gb  input_manager.o [2]
IntDefaultHandler            0x1a91    0x2  Code  Lc  startup_ewarm.o [1]
Keypad_GetKey                0x1285   0xce  Code  Gb  keypad.o [4]
Keypad_Init                  0x1215   0x70  Code  Gb  keypad.o [4]
LCD_Clear                     0xbe9   0x10  Code  Gb  lcd.o [5]
LCD_EnablePulse               0xa73   0x24  Code  Lc  lcd.o [5]
LCD_Init                      0xad7   0xaa  Code  Gb  lcd.o [5]
LCD_Send4Bits                 0xa97   0x40  Code  Lc  lcd.o [5]
LCD_SendCommand               0xb81   0x40  Code  Gb  lcd.o [5]
LCD_SendData                  0xbc1   0x28  Code  Gb  lcd.o [5]
LCD_SetCursor                 0xbf9   0x22  Code  Gb  lcd.o [5]
LCD_WriteChar                 0xc31    0xe  Code  Gb  lcd.o [5]
LCD_WriteString               0xc1b   0x16  Code  Gb  lcd.o [5]
MapKey                        0xc6f   0x2e  Code  Lc  input_manager.o [2]
NmiSR                        0x1a8d    0x2  Code  Lc  startup_ewarm.o [1]
PORTF_Handler                0x1a95    0x2  Code  Gb  startup_ewarm.o [1]
PotentiometerManager_GetTimeout
                              0xfe9    0x6  Code  Gb  potentiometer_manager.o [2]
PotentiometerManager_HandleTimeoutConfig
                              0xfef  0x180  Code  Gb  potentiometer_manager.o [2]
Potentiometer_Init           0x16f1   0x74  Code  Gb  potentiometer.o [6]
Potentiometer_ReadRaw        0x1765   0x36  Code  Gb  potentiometer.o [6]
Potentiometer_ReadTimeout
                             0x17b5   0x30  Code  Gb  potentiometer.o [6]
Region$$Table$$Base          0x1b20          --   Gb  - Linker created -
Region$$Table$$Limit         0x1b34          --   Gb  - Linker created -
ResetISR                     0x1a75   0x14  Code  Gb  startup_ewarm.o [1]
SysCtlClockGet                0xd01  0x110  Code  Gb  sysctl.o [9]
SysCtlDelay                   0xcf9    0x8  Code  Gb  sysctl.o [9]
SysCtlPeripheralEnable        0xcdd    0x8  Code  Gb  sysctl.o [9]
SysCtlPeripheralReady         0xcbd    0x8  Code  Gb  sysctl.o [9]
UART5_Init_front              0xec1   0x82  Code  Gb  HMI_Comm.o [3]
UART5_ReceiveString           0xf83   0x44  Code  Gb  HMI_Comm.o [3]
UART5_SendString              0xf43   0x40  Code  Gb  HMI_Comm.o [3]
UARTBusy                     0x16e5    0xa  Code  Gb  uart.o [9]
UARTCharGet                  0x16d1    0xa  Code  Gb  uart.o [9]
UARTCharPut                  0x16db    0xa  Code  Gb  uart.o [9]
UARTCharsAvail               0x16c1    0x6  Code  Gb  uart.o [9]
UARTConfigSetExpClk          0x1639   0x4c  Code  Gb  uart.o [9]
UARTDisable                  0x169f   0x1e  Code  Gb  uart.o [9]
UARTEnable                   0x1685   0x1a  Code  Gb  uart.o [9]
__aeabi_memclr                0xc69         Code  Gb  ABImemclr.o [11]
__aeabi_memset               0x11ad         Code  Gb  ABImemset.o [11]
__cmain                      0x1ad9         Code  Gb  cmain.o [11]
__exit                       0x1b0d   0x14  Code  Gb  exit.o [12]
__iar_Memset                 0x11ad         Code  Gb  ABImemset.o [11]
__iar_Memset_word            0x11b5         Code  Gb  ABImemset.o [11]
__iar_copy_init3              0xc3f   0x2a  Code  Gb  copy_init3.o [11]
__iar_data_init3             0x1a4d   0x28  Code  Gb  data_init.o [11]
__iar_init_vfp               0x1ab5         Code  Gb  fpinit_M.o [10]
__iar_program_start          0x1a99         Code  Gb  cstartup_M.o [11]
__low_level_init             0x1af7    0x4  Code  Gb  low_level_init.o [8]
__vector_table                  0x0  0x26c  Data  Gb  startup_ewarm.o [1]
_call_main                   0x1ae5         Code  Gb  cmain.o [11]
_exit                        0x1b01         Code  Gb  cexit.o [11]
exit                         0x1afb    0x4  Code  Gb  exit.o [8]
g_pui32GPIOBaseAddrs         0x15a8   0x90  Data  Lc  gpio.o [9]
g_pui32Xtals                  0xe40   0x6c  Data  Lc  sysctl.o [9]
keypad_codes                 0x1bfc   0x10  Data  Gb  keypad.o [4]
main                         0x1961   0xe8  Code  Gb  main.o [1]
pui32Stack              0x2000'0004  0x200  Data  Lc  startup_ewarm.o [1]
stored_timeout          0x2000'0000    0x1  Data  Lc  potentiometer_manager.o [2]
strcmp                        0xead         Code  Gb  strcmp.o [11]
systick_ISR                  0x1a93    0x2  Code  Gb  startup_ewarm.o [1]


[1] = E:\coding\embedded\embededProject\Debug\Obj
[2] = E:\coding\embedded\embededProject\Debug\Obj\APP
[3] = E:\coding\embedded\embededProject\Debug\Obj\Comm
[4] = E:\coding\embedded\embededProject\Debug\Obj\HAL\Keypad
[5] = E:\coding\embedded\embededProject\Debug\Obj\HAL\LCD
[6] = E:\coding\embedded\embededProject\Debug\Obj\HAL\Potentiometer
[7] = E:\coding\embedded\embededProject\Debug\Obj\Utils
[8] = dl7M_tln.a
[9] = driverlib.a
[10] = m7M_tls.a
[11] = rt7M_tl.a
[12] = shb_l.a

  6'324 bytes of readonly  code memory
    988 bytes of readonly  data memory
    513 bytes of readwrite data memory

Errors: none
Warnings: 1
