###############################################################################
#
# IAR ELF Linker V9.10.1.308/W64 for ARM                  22/Dec/2025  17:24:27
# Copyright 2007-2021 IAR Systems AB.
#
#    Output file  =  E:\coding\embedded\embededProject\Debug\Exe\main.out
#    Map file     =  E:\coding\embedded\embededProject\Debug\List\main.map
#    Command line =
#        -f E:\coding\embedded\embededProject\Debug\Exe\main.out.rsp
#        (E:\coding\embedded\embededProject\Debug\Obj\BUZZER\buzzer.o
#        E:\coding\embedded\embededProject\Debug\Obj\HAL\Keypad\dio.o
#        E:\coding\embedded\embededProject\Debug\Obj\APP\display_manager.o
#        E:\coding\embedded\embededProject\Debug\Obj\EEPROM\eepromDriver.o
#        E:\coding\embedded\embededProject\Debug\Obj\UART\HMI_Comm.o
#        E:\coding\embedded\embededProject\Debug\Obj\APP\input_manager.o
#        E:\coding\embedded\embededProject\Debug\Obj\HAL\Keypad\keypad.o
#        E:\coding\embedded\embededProject\Debug\Obj\HAL\LCD\lcd.o
#        E:\coding\embedded\embededProject\Debug\Obj\main.o
#        E:\coding\embedded\embededProject\Debug\Obj\HAL\PASSWORD\password.o
#        E:\coding\embedded\embededProject\Debug\Obj\APP\password_manager.o
#        E:\coding\embedded\embededProject\Debug\Obj\HAL\Potentiometer\potentiometer.o
#        E:\coding\embedded\embededProject\Debug\Obj\APP\potentiometer_manager.o
#        E:\coding\embedded\embededProject\Debug\Obj\startup_ewarm.o
#        E:\coding\embedded\embededProject\Debug\Obj\TIMER\timer.o
#        --no_out_extension -o
#        E:\coding\embedded\embededProject\Debug\Exe\main.out --redirect
#        _Printf=_PrintfFullNoMb --redirect _Scanf=_ScanfFullNoMb --map
#        E:\coding\embedded\embededProject\Debug\List\main.map --config
#        "C:\Program Files\IAR Systems\Embedded Workbench
#        9.0\arm\config\linker\TexasInstruments\TM4C123GH6.icf" --semihosting
#        C:\ti\TivaWare_C_Series-2.2.0.295\driverlib\ewarm\Exe\driverlib.a
#        --entry __iar_program_start --vfe --text_out locale)
#
###############################################################################

*******************************************************************************
*** MESSAGES
***

Warning[Lt009]: Inconsistent wchar_t size
            eeprom.o(driverlib.a) and 7 other objects in driverlib.a have
                      wchar_t size 16 bits
            buzzer.o and 31 other objects, some of them in dl7M_tln.a and 11
                      other libraries have wchar_t size 32 bits


*******************************************************************************
*** RUNTIME MODEL ATTRIBUTES
***

CppFlavor       = *
__SystemLibrary = DLib
__dlib_version  = 6


*******************************************************************************
*** HEAP SELECTION
***

The basic heap was selected because no calls to memory allocation
functions were found in the application outside of system library
functions, and there are calls to deallocation functions in the
application.


*******************************************************************************
*** PLACEMENT SUMMARY
***

"A0":  place at address 0x0 { ro section .intvec };
"P1":  place in [from 0x0 to 0x3'ffff] { ro };
define block CSTACK with size = 4K, alignment = 8 { };
define block HEAP with size = 8K, alignment = 8 { };
"P2":  place in [from 0x2000'0000 to 0x2000'7fff] {
          rw, block CSTACK, block HEAP };
do not initialize { rw section .noinit };

  Section          Kind         Address    Size  Object
  -------          ----         -------    ----  ------
"A0":                                     0x26c
  .intvec          const            0x0   0x26c  startup_ewarm.o [1]
                                - 0x26c   0x26c

"P1":                                    0x17b4
  .text            ro code        0x26c   0x3e4  HMI_Comm.o [10]
  .text            ro code        0x650   0x328  sysctl.o [12]
  .text            ro code        0x978   0x2b8  gpio.o [12]
  .text            ro code        0xc30    0xe8  uart.o [12]
  .text            ro code        0xd18    0x84  interrupt.o [12]
  .text            ro code        0xd9c    0x18  strcpy.o [14]
  .text            ro code        0xdb4    0x4c  strtok.o [11]
  .text            ro code        0xe00    0x12  strcmp.o [14]
  .text            ro code        0xe14   0x1d4  password.o [7]
  .text            ro code        0xfe8   0x150  iar_Stoulx.o [11]
  .text            ro code       0x1138   0x13c  eepromDriver.o [4]
  .text            ro code       0x1274    0x36  strlen.o [14]
  .text            ro code       0x12ac    0x66  ABImemset.o [14]
  .text            ro code       0x1314   0x100  timer.o [9]
  .text            ro code       0x1414     0x8  cpu.o [12]
  .text            ro code       0x141c    0x22  strspn.o [11]
  .text            ro code       0x143e    0x22  strcspn.o [11]
  .text            ro code       0x1460    0x58  memchr.o [14]
  .text            ro code       0x14b8   0x1b4  eeprom.o [12]
  .text            ro code       0x166c    0xa2  timer.o [12]
  .text            ro code       0x1710   0x118  main.o [1]
  .rodata          const         0x1828    0x50  iar_Stoulx.o [11]
  .text            ro code       0x1878    0x38  zero_init3.o [14]
  .text            ro code       0x18b0    0x28  data_init.o [14]
  .text            ro code       0x18d8    0x22  startup_ewarm.o [1]
  .text            ro code       0x18fc    0x1c  cstartup_M.o [14]
  .text            ro code       0x1918    0x22  fpinit_M.o [13]
  .text            ro code       0x193c    0x1e  cmain.o [14]
  .text            ro code       0x195a     0x4  low_level_init.o [11]
  .text            ro code       0x195e     0x4  exit.o [11]
  .text            ro code       0x1964     0xa  cexit.o [14]
  .text            ro code       0x1970    0x14  exit.o [15]
  .iar.init_table  const         0x1984    0x10  - Linker created -
  .rodata          const         0x1994    0x10  HMI_Comm.o [10]
  .rodata          const         0x19a4    0x10  HMI_Comm.o [10]
  .rodata          const         0x19b4     0xc  HMI_Comm.o [10]
  .rodata          const         0x19c0     0xc  HMI_Comm.o [10]
  .rodata          const         0x19cc     0xc  HMI_Comm.o [10]
  .rodata          const         0x19d8     0xc  HMI_Comm.o [10]
  .rodata          const         0x19e4     0xc  HMI_Comm.o [10]
  .rodata          const         0x19f0     0xc  HMI_Comm.o [10]
  .rodata          const         0x19fc     0xc  HMI_Comm.o [10]
  .rodata          const         0x1a08     0x8  HMI_Comm.o [10]
  .rodata          const         0x1a10     0x8  HMI_Comm.o [10]
  .rodata          const         0x1a18     0x8  password.o [7]
  .rodata          const         0x1a20     0x0  zero_init3.o [14]
                               - 0x1a20  0x17b4

"P2", part 1 of 2:                         0x48
  .bss             zero     0x2000'0000    0x40  HMI_Comm.o [10]
  .bss             zero     0x2000'0040     0x4  strtok.o [11]
  .bss             zero     0x2000'0044     0x2  HMI_Comm.o [10]
  .bss             zero     0x2000'0046     0x1  HMI_Comm.o [10]
  .bss             zero     0x2000'0047     0x1  HMI_Comm.o [10]
                          - 0x2000'0048    0x48

"P2", part 2 of 2:                        0x200
  .noinit          uninit   0x2000'0048   0x200  startup_ewarm.o [1]
                          - 0x2000'0248   0x200

Unused ranges:

         From           To      Size
         ----           --      ----
       0x1a20     0x3'ffff  0x3'e5e0
  0x2000'0248  0x2000'7fff    0x7db8


*******************************************************************************
*** INIT TABLE
***

          Address      Size
          -------      ----
Zero (__iar_zero_init3)
    1 destination range, total size 0x48:
          0x2000'0000  0x48



*******************************************************************************
*** MODULE SUMMARY
***

    Module            ro code  ro data  rw data
    ------            -------  -------  -------
command line/config:
    -------------------------------------------
    Total:

E:\coding\embedded\embededProject\Debug\Obj: [1]
    main.o                280
    startup_ewarm.o        34      620      512
    -------------------------------------------
    Total:                314      620      512

E:\coding\embedded\embededProject\Debug\Obj\APP: [2]
    -------------------------------------------
    Total:

E:\coding\embedded\embededProject\Debug\Obj\BUZZER: [3]
    -------------------------------------------
    Total:

E:\coding\embedded\embededProject\Debug\Obj\EEPROM: [4]
    eepromDriver.o        316
    -------------------------------------------
    Total:                316

E:\coding\embedded\embededProject\Debug\Obj\HAL\Keypad: [5]
    -------------------------------------------
    Total:

E:\coding\embedded\embededProject\Debug\Obj\HAL\LCD: [6]
    -------------------------------------------
    Total:

E:\coding\embedded\embededProject\Debug\Obj\HAL\PASSWORD: [7]
    password.o            468        8
    -------------------------------------------
    Total:                468        8

E:\coding\embedded\embededProject\Debug\Obj\HAL\Potentiometer: [8]
    -------------------------------------------
    Total:

E:\coding\embedded\embededProject\Debug\Obj\TIMER: [9]
    timer.o               256
    -------------------------------------------
    Total:                256

E:\coding\embedded\embededProject\Debug\Obj\UART: [10]
    HMI_Comm.o            996      132       68
    -------------------------------------------
    Total:                996      132       68

dl7M_tln.a: [11]
    exit.o                  4
    iar_Stoulx.o          336       80
    low_level_init.o        4
    strcspn.o              34
    strspn.o               34
    strtok.o               76                 4
    -------------------------------------------
    Total:                488       80        4

driverlib.a: [12]
    cpu.o                   8
    eeprom.o              436
    gpio.o                696
    interrupt.o           132
    sysctl.o              808
    timer.o               162
    uart.o                232
    -------------------------------------------
    Total:              2'474

m7M_tls.a: [13]
    fpinit_M.o             34
    -------------------------------------------
    Total:                 34

rt7M_tl.a: [14]
    ABImemset.o           102
    cexit.o                10
    cmain.o                30
    cstartup_M.o           28
    data_init.o            40
    memchr.o               88
    strcmp.o               18
    strcpy.o               24
    strlen.o               54
    zero_init3.o           56
    -------------------------------------------
    Total:                450

shb_l.a: [15]
    exit.o                 20
    -------------------------------------------
    Total:                 20

    Gaps                   16
    Linker created                  16
-----------------------------------------------
    Grand Total:        5'832      856      584


*******************************************************************************
*** ENTRY LIST
***

Entry                       Address   Size  Type      Object
-----                       -------   ----  ----      ------
.iar.init_table$$Base        0x1984          --   Gb  - Linker created -
.iar.init_table$$Limit       0x1994          --   Gb  - Linker created -
?main                        0x193d         Code  Gb  cmain.o [14]
Activate_Lockout              0x5cf   0x14  Code  Gb  HMI_Comm.o [10]
CPUcpsie                     0x1415    0x8  Code  Gb  cpu.o [12]
CalculateAddress             0x1139    0xa  Code  Lc  eepromDriver.o [4]
Door_Unlock                   0x5bd   0x12  Code  Gb  HMI_Comm.o [10]
EEPROMInit                   0x1511   0x2a  Code  Gb  eeprom.o [12]
EEPROMMassErase              0x160b   0x3c  Code  Gb  eeprom.o [12]
EEPROMProgram                0x1573   0x98  Code  Gb  eeprom.o [12]
EEPROMRead                   0x1549   0x2a  Code  Gb  eeprom.o [12]
EEPROM_Init                  0x1143   0x4c  Code  Gb  eepromDriver.o [4]
EEPROM_MassErase             0x11f3   0x14  Code  Gb  eepromDriver.o [4]
EEPROM_ReadTimeout           0x1249   0x28  Code  Gb  eepromDriver.o [4]
EEPROM_ReadWord              0x11c3   0x30  Code  Gb  eepromDriver.o [4]
EEPROM_SaveTimeout           0x1207   0x42  Code  Gb  eepromDriver.o [4]
EEPROM_WriteWord             0x118f   0x34  Code  Gb  eepromDriver.o [4]
FaultISR                     0x18f3    0x2  Code  Lc  startup_ewarm.o [1]
GPIODirModeSet                0x979   0x28  Code  Gb  gpio.o [12]
GPIOPadConfigSet              0x9a1  0x174  Code  Gb  gpio.o [12]
GPIOPinConfigure              0xb57   0x38  Code  Gb  gpio.o [12]
GPIOPinTypeGPIOOutput         0xb1f    0xa  Code  Gb  gpio.o [12]
GPIOPinTypeUART               0xb43   0x14  Code  Gb  gpio.o [12]
GPIOPinWrite                  0xb15    0x6  Code  Gb  gpio.o [12]
IntDefaultHandler            0x18f5    0x2  Code  Lc  startup_ewarm.o [1]
IntEnable                     0xd29   0x56  Code  Gb  interrupt.o [12]
IntMasterEnable               0xd19    0x8  Code  Gb  interrupt.o [12]
LED_Init                     0x1711   0x7e  Code  Gb  main.o [1]
NmiSR                        0x18f1    0x2  Code  Lc  startup_ewarm.o [1]
PORTF_Handler                0x18f9    0x2  Code  Gb  startup_ewarm.o [1]
PROCESS_MESSAGE               0x36b  0x234  Code  Gb  HMI_Comm.o [10]
Password_Change               0xfcd   0x1c  Code  Gb  password.o [7]
Password_Compare              0xf9f   0x2e  Code  Gb  password.o [7]
Password_Init                 0xe15   0x62  Code  Gb  password.o [7]
Password_IsInitialized        0xe7d   0x3e  Code  Gb  password.o [7]
Password_Read                 0xf59   0x46  Code  Gb  password.o [7]
Password_Save                 0xebb   0x9e  Code  Gb  password.o [7]
Region$$Table$$Base          0x1984          --   Gb  - Linker created -
Region$$Table$$Limit         0x1994          --   Gb  - Linker created -
ResetISR                     0x18d9   0x14  Code  Gb  startup_ewarm.o [1]
SysCtlClockGet                0x7ad  0x110  Code  Gb  sysctl.o [12]
SysCtlClockSet                0x6d5   0xd8  Code  Gb  sysctl.o [12]
SysCtlDelay                   0x6cd    0x8  Code  Gb  sysctl.o [12]
SysCtlPeripheralEnable        0x6b1    0x8  Code  Gb  sysctl.o [12]
SysCtlPeripheralReady         0x651    0x8  Code  Gb  sysctl.o [12]
SysCtlPeripheralReset         0x671   0x40  Code  Gb  sysctl.o [12]
Timer0A_Handler              0x1347   0x16  Code  Gb  timer.o [9]
Timer0A_Init                 0x1315   0x32  Code  Gb  timer.o [9]
Timer1AStart                 0x13db   0x20  Code  Gb  timer.o [9]
Timer1A_Handler              0x13c5   0x16  Code  Gb  timer.o [9]
Timer1A_Init                 0x1393   0x32  Code  Gb  timer.o [9]
TimerConfigure               0x1685   0x52  Code  Gb  timer.o [12]
TimerDisable                 0x1679    0xc  Code  Gb  timer.o [12]
TimerEnable                  0x166d    0xc  Code  Gb  timer.o [12]
TimerIntClear                0x170b    0x4  Code  Gb  timer.o [12]
TimerIntEnable               0x16f9    0x4  Code  Gb  timer.o [12]
TimerLoadSet                 0x16e9   0x10  Code  Gb  timer.o [12]
TimerStart                   0x135d   0x36  Code  Gb  timer.o [9]
UART1_Handler                 0x305   0x66  Code  Gb  HMI_Comm.o [10]
UART1_Init                    0x26d   0x98  Code  Gb  HMI_Comm.o [10]
UART1_SendString              0x59f   0x18  Code  Gb  HMI_Comm.o [10]
UARTCharGetNonBlocking        0xcdb    0xe  Code  Gb  uart.o [12]
UARTCharPut                   0xce9    0xa  Code  Gb  uart.o [12]
UARTCharsAvail                0xccb    0x6  Code  Gb  uart.o [12]
UARTConfigSetExpClk           0xc31   0x4c  Code  Gb  uart.o [12]
UARTDisable                   0xc97   0x1e  Code  Gb  uart.o [12]
UARTEnable                    0xc7d   0x1a  Code  Gb  uart.o [12]
UARTFIFOEnable                0xcb9    0xc  Code  Gb  uart.o [12]
UARTIntClear                  0xd0f    0x4  Code  Gb  uart.o [12]
UARTIntDisable                0xcf9    0x4  Code  Gb  uart.o [12]
UARTIntEnable                 0xcf3    0x6  Code  Gb  uart.o [12]
UARTIntStatus                 0xd05    0xa  Code  Gb  uart.o [12]
UARTRxErrorClear              0xd13    0x6  Code  Gb  uart.o [12]
_EEPROMSectorMaskClear       0x14e3   0x22  Code  Lc  eeprom.o [12]
_EEPROMSectorMaskSet         0x14b9   0x2a  Code  Lc  eeprom.o [12]
_Strtok_ssave           0x2000'0040    0x4  Data  Lc  strtok.o [11]
__aeabi_memset               0x12ad         Code  Gb  ABImemset.o [14]
__cmain                      0x193d         Code  Gb  cmain.o [14]
__exit                       0x1971   0x14  Code  Gb  exit.o [15]
__iar_Memchr                 0x1461         Code  Gb  memchr.o [14]
__iar_Memset                 0x12ad         Code  Gb  ABImemset.o [14]
__iar_Memset_word            0x12b5         Code  Gb  ABImemset.o [14]
__iar_Stoulx                  0xfe9  0x13e  Code  Gb  iar_Stoulx.o [11]
__iar_data_init3             0x18b1   0x28  Code  Gb  data_init.o [14]
__iar_init_vfp               0x1919         Code  Gb  fpinit_M.o [13]
__iar_program_start          0x18fd         Code  Gb  cstartup_M.o [14]
__iar_zero_init3             0x1879   0x38  Code  Gb  zero_init3.o [14]
__low_level_init             0x195b    0x4  Code  Gb  low_level_init.o [11]
__vector_table                  0x0  0x26c  Data  Gb  startup_ewarm.o [1]
_call_main                   0x1949         Code  Gb  cmain.o [14]
_exit                        0x1965         Code  Gb  cexit.o [14]
atoi                         0x112d    0x2  Code  Gb  iar_Stoulx.o [11]
digits                       0x1850   0x28  Data  Lc  iar_Stoulx.o [11]
exit                         0x195f    0x4  Code  Gb  exit.o [11]
failedAttempts          0x2000'0044    0x2  Data  Gb  HMI_Comm.o [10]
g_pui32EnRegs                 0xd88   0x14  Data  Lc  interrupt.o [12]
g_pui32GPIOBaseAddrs          0xba0   0x90  Data  Lc  gpio.o [12]
g_pui32Xtals                  0x90c   0x6c  Data  Lc  sysctl.o [12]
main                         0x178f   0x82  Code  Gb  main.o [1]
memchr                       0x1461         Code  Gb  memchr.o [14]
messageReady            0x2000'0047    0x1  Data  Gb  HMI_Comm.o [10]
ndigs                        0x1828   0x28  Data  Lc  iar_Stoulx.o [11]
pui32Stack              0x2000'0048  0x200  Data  Lc  startup_ewarm.o [1]
rxBuffer                0x2000'0000   0x40  Data  Gb  HMI_Comm.o [10]
rxIndex                 0x2000'0046    0x1  Data  Gb  HMI_Comm.o [10]
strcmp                        0xe01         Code  Gb  strcmp.o [14]
strcpy                        0xd9d         Code  Gb  strcpy.o [14]
strcspn                      0x143f   0x22  Code  Gb  strcspn.o [11]
strlen                       0x1275         Code  Gb  strlen.o [14]
strspn                       0x141d   0x22  Code  Gb  strspn.o [11]
strtok                        0xdb5   0x4c  Code  Gb  strtok.o [11]
systick_ISR                  0x18f7    0x2  Code  Gb  startup_ewarm.o [1]


[1] = E:\coding\embedded\embededProject\Debug\Obj
[2] = E:\coding\embedded\embededProject\Debug\Obj\APP
[3] = E:\coding\embedded\embededProject\Debug\Obj\BUZZER
[4] = E:\coding\embedded\embededProject\Debug\Obj\EEPROM
[5] = E:\coding\embedded\embededProject\Debug\Obj\HAL\Keypad
[6] = E:\coding\embedded\embededProject\Debug\Obj\HAL\LCD
[7] = E:\coding\embedded\embededProject\Debug\Obj\HAL\PASSWORD
[8] = E:\coding\embedded\embededProject\Debug\Obj\HAL\Potentiometer
[9] = E:\coding\embedded\embededProject\Debug\Obj\TIMER
[10] = E:\coding\embedded\embededProject\Debug\Obj\UART
[11] = dl7M_tln.a
[12] = driverlib.a
[13] = m7M_tls.a
[14] = rt7M_tl.a
[15] = shb_l.a

  5'832 bytes of readonly  code memory
    856 bytes of readonly  data memory
    584 bytes of readwrite data memory

Errors: none
Warnings: 1
