###############################################################################
#
# IAR ELF Linker V9.10.1.308/W64 for ARM                  02/Dec/2025  18:23:50
# Copyright 2007-2021 IAR Systems AB.
#
#    Output file  =  E:\coding\embedded\project\Debug\Exe\main.out
#    Map file     =  E:\coding\embedded\project\Debug\List\main.map
#    Command line =
#        -f E:\coding\embedded\project\Debug\Exe\main.out.rsp
#        (E:\coding\embedded\project\Debug\Obj\main.o
#        E:\coding\embedded\project\Debug\Obj\startup_ewarm.o
#        --no_out_extension -o E:\coding\embedded\project\Debug\Exe\main.out
#        --redirect _Printf=_PrintfFullNoMb --redirect _Scanf=_ScanfFullNoMb
#        --map E:\coding\embedded\project\Debug\List\main.map --config
#        "C:\Program Files\IAR Systems\Embedded Workbench
#        9.0\arm\config\linker\TexasInstruments\TM4C123GH6.icf" --semihosting
#        C:\ti\TivaWare_C_Series-2.2.0.295\driverlib\ewarm\Exe\driverlib.a
#        --entry __iar_program_start --vfe --text_out locale)
#
###############################################################################

*******************************************************************************
*** MESSAGES
***

Warning[Lt009]: Inconsistent wchar_t size
            sysctl.o(driverlib.a) and 2 other objects in driverlib.a have
                      wchar_t size 16 bits
            main.o and 14 other objects, some of them in dl7M_tln.a and 11
                      other libraries have wchar_t size 32 bits


*******************************************************************************
*** RUNTIME MODEL ATTRIBUTES
***

CppFlavor       = *
__SystemLibrary = DLib
__dlib_version  = 6


*******************************************************************************
*** HEAP SELECTION
***

The basic heap was selected because no calls to memory allocation
functions were found in the application outside of system library
functions, and there are calls to deallocation functions in the
application.


*******************************************************************************
*** PLACEMENT SUMMARY
***

"A0":  place at address 0x0 { ro section .intvec };
"P1":  place in [from 0x0 to 0x3'ffff] { ro };
define block CSTACK with size = 4K, alignment = 8 { };
define block HEAP with size = 8K, alignment = 8 { };
"P2":  place in [from 0x2000'0000 to 0x2000'7fff] {
          rw, block CSTACK, block HEAP };
do not initialize { rw section .noinit };

  Section  Kind         Address   Size  Object
  -------  ----         -------   ----  ------
"A0":                            0x26c
  .intvec  const            0x0  0x26c  startup_ewarm.o [1]
                        - 0x26c  0x26c

"P1":                             0xb0
  .text    ro code        0x26c   0x22  startup_ewarm.o [1]
  .text    ro code        0x290   0x1c  cstartup_M.o [5]
  .text    ro code        0x2ac   0x22  fpinit_M.o [4]
  .text    ro code        0x2d0   0x1e  cmain.o [5]
  .text    ro code        0x2ee    0x4  low_level_init.o [2]
  .text    ro code        0x2f4    0x4  main.o [1]
  .text    ro code        0x2f8    0x4  exit.o [2]
  .text    ro code        0x2fc    0xa  cexit.o [5]
  .text    ro code        0x308   0x14  exit.o [6]
                        - 0x31c   0xb0

"P2":                            0x200
  .noinit  uninit   0x2000'0000  0x200  startup_ewarm.o [1]
                  - 0x2000'0200  0x200

Unused ranges:

         From           To      Size
         ----           --      ----
        0x31c     0x3'ffff  0x3'fce4
  0x2000'0200  0x2000'7fff    0x7e00



*******************************************************************************
*** MODULE SUMMARY
***

    Module            ro code  ro data  rw data
    ------            -------  -------  -------
command line/config:
    -------------------------------------------
    Total:

E:\coding\embedded\project\Debug\Obj: [1]
    main.o                  4
    startup_ewarm.o        34      620      512
    -------------------------------------------
    Total:                 38      620      512

dl7M_tln.a: [2]
    exit.o                  4
    low_level_init.o        4
    -------------------------------------------
    Total:                  8

driverlib.a: [3]
    -------------------------------------------
    Total:

m7M_tls.a: [4]
    fpinit_M.o             34
    -------------------------------------------
    Total:                 34

rt7M_tl.a: [5]
    cexit.o                10
    cmain.o                30
    cstartup_M.o           28
    -------------------------------------------
    Total:                 68

shb_l.a: [6]
    exit.o                 20
    -------------------------------------------
    Total:                 20

    Gaps                    8
-----------------------------------------------
    Grand Total:          176      620      512


*******************************************************************************
*** ENTRY LIST
***

Entry                     Address   Size  Type      Object
-----                     -------   ----  ----      ------
?main                       0x2d1         Code  Gb  cmain.o [5]
FaultISR                    0x287    0x2  Code  Lc  startup_ewarm.o [1]
IntDefaultHandler           0x289    0x2  Code  Lc  startup_ewarm.o [1]
NmiSR                       0x285    0x2  Code  Lc  startup_ewarm.o [1]
PORTF_Handler               0x28d    0x2  Code  Gb  startup_ewarm.o [1]
Region$$Table$$Base           0x0          --   Gb  - Linker created -
Region$$Table$$Limit          0x0          --   Gb  - Linker created -
ResetISR                    0x26d   0x14  Code  Gb  startup_ewarm.o [1]
__cmain                     0x2d1         Code  Gb  cmain.o [5]
__exit                      0x309   0x14  Code  Gb  exit.o [6]
__iar_init_vfp              0x2ad         Code  Gb  fpinit_M.o [4]
__iar_program_start         0x291         Code  Gb  cstartup_M.o [5]
__low_level_init            0x2ef    0x4  Code  Gb  low_level_init.o [2]
__vector_table                0x0  0x26c  Data  Gb  startup_ewarm.o [1]
_call_main                  0x2dd         Code  Gb  cmain.o [5]
_exit                       0x2fd         Code  Gb  cexit.o [5]
exit                        0x2f9    0x4  Code  Gb  exit.o [2]
main                        0x2f5    0x4  Code  Gb  main.o [1]
pui32Stack            0x2000'0000  0x200  Data  Lc  startup_ewarm.o [1]
systick_ISR                 0x28b    0x2  Code  Gb  startup_ewarm.o [1]


[1] = E:\coding\embedded\project\Debug\Obj
[2] = dl7M_tln.a
[3] = driverlib.a
[4] = m7M_tls.a
[5] = rt7M_tl.a
[6] = shb_l.a

  176 bytes of readonly  code memory
  620 bytes of readonly  data memory
  512 bytes of readwrite data memory

Errors: none
Warnings: 1
