###############################################################################
#
# IAR ELF Linker V9.10.1.308/W64 for ARM                  18/Dec/2025  05:05:25
# Copyright 2007-2021 IAR Systems AB.
#
#    Output file  =  E:\coding\embedded\embededProject\Debug\Exe\main.out
#    Map file     =  E:\coding\embedded\embededProject\Debug\List\main.map
#    Command line =
#        -f E:\coding\embedded\embededProject\Debug\Exe\main.out.rsp
#        (E:\coding\embedded\embededProject\Debug\Obj\Utils\dio.o
#        E:\coding\embedded\embededProject\Debug\Obj\APP\display_manager.o
#        E:\coding\embedded\embededProject\Debug\Obj\Comm\HMI_Comm.o
#        E:\coding\embedded\embededProject\Debug\Obj\APP\input_manager.o
#        E:\coding\embedded\embededProject\Debug\Obj\HAL\Keypad\keypad.o
#        E:\coding\embedded\embededProject\Debug\Obj\HAL\LCD\lcd.o
#        E:\coding\embedded\embededProject\Debug\Obj\main.o
#        E:\coding\embedded\embededProject\Debug\Obj\HAL\Potentiometer\potentiometer.o
#        E:\coding\embedded\embededProject\Debug\Obj\APP\potentiometer_manager.o
#        E:\coding\embedded\embededProject\Debug\Obj\startup_ewarm.o
#        --no_out_extension -o
#        E:\coding\embedded\embededProject\Debug\Exe\main.out --redirect
#        _Printf=_PrintfFullNoMb --redirect _Scanf=_ScanfFullNoMb --map
#        E:\coding\embedded\embededProject\Debug\List\main.map --config
#        "C:\Program Files\IAR Systems\Embedded Workbench
#        9.0\arm\config\linker\TexasInstruments\TM4C123GH6.icf" --semihosting
#        C:\ti\TivaWare_C_Series-2.2.0.295\driverlib\ewarm\Exe\driverlib.a
#        --entry __iar_program_start --vfe --text_out locale)
#
###############################################################################

*******************************************************************************
*** MESSAGES
***

Warning[Lt009]: Inconsistent wchar_t size
            gpio.o(driverlib.a) and 5 other objects in driverlib.a have wchar_t
                      size 16 bits
            dio.o and 22 other objects, some of them in dl7M_tln.a and 11 other
                      libraries have wchar_t size 32 bits


*******************************************************************************
*** RUNTIME MODEL ATTRIBUTES
***

CppFlavor       = *
__SystemLibrary = DLib
__dlib_version  = 6


*******************************************************************************
*** HEAP SELECTION
***

The basic heap was selected because no calls to memory allocation
functions were found in the application outside of system library
functions, and there are calls to deallocation functions in the
application.


*******************************************************************************
*** PLACEMENT SUMMARY
***

"A0":  place at address 0x0 { ro section .intvec };
"P1":  place in [from 0x0 to 0x3'ffff] { ro };
define block CSTACK with size = 4K, alignment = 8 { };
define block HEAP with size = 8K, alignment = 8 { };
"P2":  place in [from 0x2000'0000 to 0x2000'7fff] {
          rw, block CSTACK, block HEAP };
do not initialize { rw section .noinit };
initialize by copy { rw };

  Section            Kind         Address    Size  Object
  -------            ----         -------    ----  ------
"A0":                                       0x26c
  .intvec            const            0x0   0x26c  startup_ewarm.o [1]
                                  - 0x26c   0x26c

"P1":                                      0x1c70
  .text              ro code        0x26c   0x4e0  dio.o [7]
  .text              ro code        0x74c   0x46c  display_manager.o [2]
  .text              ro code        0xbb8   0x1de  lcd.o [5]
  .text              ro code        0xd96    0x2a  copy_init3.o [11]
  .text              ro code        0xdc0    0x16  strchr.o [11]
  .text              ro code        0xdd8     0x6  ABImemclr.o [11]
  .text              ro code        0xdde    0x4c  input_manager.o [2]
  .text              ro code        0xe2c   0x2e4  sysctl.o [9]
  .text              ro code       0x1110    0x12  strcmp.o [11]
  .text              ro code       0x1124   0x2d0  gpio.o [9]
  .text              ro code       0x13f4   0x178  HMI_Comm.o [3]
  .text              ro code       0x156c   0x184  potentiometer_manager.o [2]
  .text              ro code       0x16f0    0x66  ABImemset.o [11]
  .text              ro code       0x1758   0x154  keypad.o [4]
  .text              ro code       0x18ac    0xb6  uart.o [9]
  .text              ro code       0x1964    0xf4  potentiometer.o [6]
  .text              ro code       0x1a58   0x170  adc.o [9]
  .text              ro code       0x1bc8   0x104  main.o [1]
  .text              ro code       0x1ccc    0x28  data_init.o [11]
  .text              ro code       0x1cf4    0x22  startup_ewarm.o [1]
  .text              ro code       0x1d18    0x1c  cstartup_M.o [11]
  .text              ro code       0x1d34    0x22  fpinit_M.o [10]
  .text              ro code       0x1d58    0x1e  cmain.o [11]
  .text              ro code       0x1d76     0x4  low_level_init.o [8]
  .text              ro code       0x1d7a     0x4  exit.o [8]
  .text              ro code       0x1d80     0xa  cexit.o [11]
  .text              ro code       0x1d8c    0x14  exit.o [12]
  .iar.init_table    const         0x1da0    0x14  - Linker created -
  .rodata            const         0x1db4    0x14  display_manager.o [2]
  .rodata            const         0x1dc8    0x14  display_manager.o [2]
  .rodata            const         0x1ddc    0x14  display_manager.o [2]
  .rodata            const         0x1df0    0x14  display_manager.o [2]
  .rodata            const         0x1e04    0x14  potentiometer_manager.o [2]
  .rodata            const         0x1e18    0x10  display_manager.o [2]
  .rodata            const         0x1e28    0x10  display_manager.o [2]
  .rodata            const         0x1e38    0x10  display_manager.o [2]
  .rodata            const         0x1e48    0x10  display_manager.o [2]
  .rodata            const         0x1e58    0x10  keypad.o [4]
  .rodata            const         0x1e68    0x10  main.o [1]
  .rodata            const         0x1e78    0x10  potentiometer_manager.o [2]
  .rodata            const         0x1e88    0x10  potentiometer_manager.o [2]
  .rodata            const         0x1e98     0xc  display_manager.o [2]
  .rodata            const         0x1ea4     0xc  potentiometer_manager.o [2]
  .rodata            const         0x1eb0     0x8  display_manager.o [2]
  .rodata            const         0x1eb8     0x8  potentiometer_manager.o [2]
  .rodata            const         0x1ec0     0x8  potentiometer_manager.o [2]
  .rodata            const         0x1ec8     0x4  keypad.o [4]
  .rodata            const         0x1ecc     0x4  keypad.o [4]
  .rodata            const         0x1ed0     0x4  keypad.o [4]
  .rodata            const         0x1ed4     0x4  keypad.o [4]
  Initializer bytes  const         0x1ed8     0x4  <for P2-1>
  .rodata            const         0x1edc     0x0  copy_init3.o [11]
                                 - 0x1edc  0x1c70

"P2", part 1 of 2:                            0x4
  P2-1                        0x2000'0000     0x1  <Init block>
    .data            inited   0x2000'0000     0x1  potentiometer_manager.o [2]
                            - 0x2000'0001     0x1

"P2", part 2 of 2:                          0x200
  .noinit            uninit   0x2000'0004   0x200  startup_ewarm.o [1]
                            - 0x2000'0204   0x200

Unused ranges:

         From           To      Size
         ----           --      ----
       0x1edc     0x3'ffff  0x3'e124
  0x2000'0204  0x2000'7fff    0x7dfc


*******************************************************************************
*** INIT TABLE
***

          Address      Size
          -------      ----
Copy (__iar_copy_init3)
    1 source range, total size 0x4 (400% of destination):
               0x1ed8   0x4
    1 destination range, total size 0x1:
          0x2000'0000   0x1



*******************************************************************************
*** MODULE SUMMARY
***

    Module                   ro code  ro data  rw data
    ------                   -------  -------  -------
command line/config:
    --------------------------------------------------
    Total:

E:\coding\embedded\embededProject\Debug\Obj: [1]
    main.o                       260       16
    startup_ewarm.o               34      620      512
    --------------------------------------------------
    Total:                       294      636      512

E:\coding\embedded\embededProject\Debug\Obj\APP: [2]
    display_manager.o          1'132      164
    input_manager.o               76
    potentiometer_manager.o      388       81        1
    --------------------------------------------------
    Total:                     1'596      245        1

E:\coding\embedded\embededProject\Debug\Obj\Comm: [3]
    HMI_Comm.o                   376
    --------------------------------------------------
    Total:                       376

E:\coding\embedded\embededProject\Debug\Obj\HAL\Keypad: [4]
    keypad.o                     340       32
    --------------------------------------------------
    Total:                       340       32

E:\coding\embedded\embededProject\Debug\Obj\HAL\LCD: [5]
    lcd.o                        478
    --------------------------------------------------
    Total:                       478

E:\coding\embedded\embededProject\Debug\Obj\HAL\Potentiometer: [6]
    potentiometer.o              244
    --------------------------------------------------
    Total:                       244

E:\coding\embedded\embededProject\Debug\Obj\Utils: [7]
    dio.o                      1'248
    --------------------------------------------------
    Total:                     1'248

dl7M_tln.a: [8]
    exit.o                         4
    low_level_init.o               4
    --------------------------------------------------
    Total:                         8

driverlib.a: [9]
    adc.o                        368
    gpio.o                       720
    sysctl.o                     740
    uart.o                       182
    --------------------------------------------------
    Total:                     2'010

m7M_tls.a: [10]
    fpinit_M.o                    34
    --------------------------------------------------
    Total:                        34

rt7M_tl.a: [11]
    ABImemclr.o                    6
    ABImemset.o                  102
    cexit.o                       10
    cmain.o                       30
    copy_init3.o                  42
    cstartup_M.o                  28
    data_init.o                   40
    strchr.o                      22
    strcmp.o                      18
    --------------------------------------------------
    Total:                       298

shb_l.a: [12]
    exit.o                        20
    --------------------------------------------------
    Total:                        20

    Gaps                          18
    Linker created                         23
------------------------------------------------------
    Grand Total:               6'964      936      513


*******************************************************************************
*** ENTRY LIST
***

Entry                       Address   Size  Type      Object
-----                       -------   ----  ----      ------
.iar.init_table$$Base        0x1da0          --   Gb  - Linker created -
.iar.init_table$$Limit       0x1db4          --   Gb  - Linker created -
?main                        0x1d59         Code  Gb  cmain.o [11]
ADCIntClear                  0x1a83    0xa  Code  Gb  adc.o [9]
ADCIntStatus                 0x1a59   0x2a  Code  Gb  adc.o [9]
ADCProcessorTrigger          0x1ba3   0x1c  Code  Gb  adc.o [9]
ADCSequenceConfigure         0x1aa7   0x52  Code  Gb  adc.o [9]
ADCSequenceDataGet           0x1b85   0x1e  Code  Gb  adc.o [9]
ADCSequenceDisable           0x1a97    0x2  Code  Gb  adc.o [9]
ADCSequenceEnable            0x1a8d    0xa  Code  Gb  adc.o [9]
ADCSequenceStepConfigure
                             0x1af9   0x76  Code  Gb  adc.o [9]
DELAY                        0x1bc9    0xc  Code  Gb  main.o [1]
DIO_Init                      0x26d  0x29c  Code  Gb  dio.o [7]
DIO_ReadPin                   0x5b5   0x48  Code  Gb  dio.o [7]
DIO_SetPUR                    0x5fd   0xa0  Code  Gb  dio.o [7]
DIO_WritePin                  0x509   0xac  Code  Gb  dio.o [7]
DISPLAY_CHANGEPASSWORD        0x7d5  0x248  Code  Gb  display_manager.o [2]
DISPLAY_CHANGETIMEOUT         0xa1d    0x8  Code  Gb  display_manager.o [2]
DISPLAY_ClearScreen           0x7c5   0x10  Code  Gb  display_manager.o [2]
DISPLAY_ERROR                 0xb65    0xe  Code  Gb  display_manager.o [2]
DISPLAY_Init                  0x74d    0x8  Code  Gb  display_manager.o [2]
DISPLAY_OLD_PASSWORD          0xa25  0x138  Code  Gb  display_manager.o [2]
DISPLAY_OPEN                  0xb5d    0x8  Code  Gb  display_manager.o [2]
DISPLAY_ShowMainMenu          0x795   0x20  Code  Gb  display_manager.o [2]
DISPLAY_ShowMessage           0x7b5   0x10  Code  Gb  display_manager.o [2]
DelayMs                       0xbb9   0x12  Code  Lc  lcd.o [5]
FaultISR                     0x1d0f    0x2  Code  Lc  startup_ewarm.o [1]
GPIODirModeSet               0x1125   0x28  Code  Gb  gpio.o [9]
GPIOPadConfigSet             0x114d  0x174  Code  Gb  gpio.o [9]
GPIOPinConfigure             0x131d   0x38  Code  Gb  gpio.o [9]
GPIOPinTypeADC               0x12c7    0x4  Code  Gb  gpio.o [9]
GPIOPinTypeGPIOOutput        0x12e5    0xa  Code  Gb  gpio.o [9]
GPIOPinTypeUART              0x1309   0x14  Code  Gb  gpio.o [9]
GPIOPinWrite                 0x12c1    0x6  Code  Gb  gpio.o [9]
InputManager_GetKey           0xe0d   0x1e  Code  Gb  input_manager.o [2]
IntDefaultHandler            0x1d11    0x2  Code  Lc  startup_ewarm.o [1]
Keypad_GetKey                0x17c9   0xce  Code  Gb  keypad.o [4]
Keypad_Init                  0x1759   0x70  Code  Gb  keypad.o [4]
LCD_Clear                     0xd41   0x10  Code  Gb  lcd.o [5]
LCD_EnablePulse               0xbcb   0x24  Code  Lc  lcd.o [5]
LCD_Init                      0xc2f   0xaa  Code  Gb  lcd.o [5]
LCD_Send4Bits                 0xbef   0x40  Code  Lc  lcd.o [5]
LCD_SendCommand               0xcd9   0x40  Code  Gb  lcd.o [5]
LCD_SendData                  0xd19   0x28  Code  Gb  lcd.o [5]
LCD_SetCursor                 0xd51   0x22  Code  Gb  lcd.o [5]
LCD_WriteChar                 0xd89    0xe  Code  Gb  lcd.o [5]
LCD_WriteString               0xd73   0x16  Code  Gb  lcd.o [5]
MapKey                        0xddf   0x2e  Code  Lc  input_manager.o [2]
NmiSR                        0x1d0d    0x2  Code  Lc  startup_ewarm.o [1]
PORTF_Handler                0x1d15    0x2  Code  Gb  startup_ewarm.o [1]
PotentiometerManager_GetTimeout
                             0x156d    0x6  Code  Gb  potentiometer_manager.o [2]
PotentiometerManager_HandleTimeoutConfig
                             0x1573  0x156  Code  Gb  potentiometer_manager.o [2]
Potentiometer_Init           0x1965   0x74  Code  Gb  potentiometer.o [6]
Potentiometer_ReadRaw        0x19d9   0x36  Code  Gb  potentiometer.o [6]
Potentiometer_ReadTimeout
                             0x1a29   0x30  Code  Gb  potentiometer.o [6]
Region$$Table$$Base          0x1da0          --   Gb  - Linker created -
Region$$Table$$Limit         0x1db4          --   Gb  - Linker created -
ResetISR                     0x1cf5   0x14  Code  Gb  startup_ewarm.o [1]
SHOW_BUFFER                   0x755   0x40  Code  Gb  display_manager.o [2]
SysCtlClockGet                0xf49  0x110  Code  Gb  sysctl.o [9]
SysCtlClockSet                0xe71   0xd8  Code  Gb  sysctl.o [9]
SysCtlDelay                   0xe69    0x8  Code  Gb  sysctl.o [9]
SysCtlPeripheralEnable        0xe4d    0x8  Code  Gb  sysctl.o [9]
SysCtlPeripheralReady         0xe2d    0x8  Code  Gb  sysctl.o [9]
UART5_Init_front             0x13f5   0xa6  Code  Gb  HMI_Comm.o [3]
UART5_ReceiveString          0x14db   0x6e  Code  Gb  HMI_Comm.o [3]
UART5_SendString             0x149b   0x40  Code  Gb  HMI_Comm.o [3]
UARTBusy                     0x1959    0xa  Code  Gb  uart.o [9]
UARTCharGet                  0x1945    0xa  Code  Gb  uart.o [9]
UARTCharPut                  0x194f    0xa  Code  Gb  uart.o [9]
UARTCharsAvail               0x1935    0x6  Code  Gb  uart.o [9]
UARTConfigSetExpClk          0x18ad   0x4c  Code  Gb  uart.o [9]
UARTDisable                  0x1913   0x1e  Code  Gb  uart.o [9]
UARTEnable                   0x18f9   0x1a  Code  Gb  uart.o [9]
__aeabi_memclr                0xdd9         Code  Gb  ABImemclr.o [11]
__aeabi_memset               0x16f1         Code  Gb  ABImemset.o [11]
__cmain                      0x1d59         Code  Gb  cmain.o [11]
__exit                       0x1d8d   0x14  Code  Gb  exit.o [12]
__iar_Memset                 0x16f1         Code  Gb  ABImemset.o [11]
__iar_Memset_word            0x16f9         Code  Gb  ABImemset.o [11]
__iar_Strchr                  0xdc1         Code  Gb  strchr.o [11]
__iar_copy_init3              0xd97   0x2a  Code  Gb  copy_init3.o [11]
__iar_data_init3             0x1ccd   0x28  Code  Gb  data_init.o [11]
__iar_init_vfp               0x1d35         Code  Gb  fpinit_M.o [10]
__iar_program_start          0x1d19         Code  Gb  cstartup_M.o [11]
__low_level_init             0x1d77    0x4  Code  Gb  low_level_init.o [8]
__vector_table                  0x0  0x26c  Data  Gb  startup_ewarm.o [1]
_call_main                   0x1d65         Code  Gb  cmain.o [11]
_exit                        0x1d81         Code  Gb  cexit.o [11]
exit                         0x1d7b    0x4  Code  Gb  exit.o [8]
g_pui32GPIOBaseAddrs         0x1364   0x90  Data  Lc  gpio.o [9]
g_pui32Xtals                 0x10a4   0x6c  Data  Lc  sysctl.o [9]
keypad_codes                 0x1e58   0x10  Data  Gb  keypad.o [4]
main                         0x1bd5   0xee  Code  Gb  main.o [1]
pui32Stack              0x2000'0004  0x200  Data  Lc  startup_ewarm.o [1]
stored_timeout          0x2000'0000    0x1  Data  Lc  potentiometer_manager.o [2]
strchr                        0xdc1         Code  Gb  strchr.o [11]
strcmp                       0x1111         Code  Gb  strcmp.o [11]
systick_ISR                  0x1d13    0x2  Code  Gb  startup_ewarm.o [1]


[1] = E:\coding\embedded\embededProject\Debug\Obj
[2] = E:\coding\embedded\embededProject\Debug\Obj\APP
[3] = E:\coding\embedded\embededProject\Debug\Obj\Comm
[4] = E:\coding\embedded\embededProject\Debug\Obj\HAL\Keypad
[5] = E:\coding\embedded\embededProject\Debug\Obj\HAL\LCD
[6] = E:\coding\embedded\embededProject\Debug\Obj\HAL\Potentiometer
[7] = E:\coding\embedded\embededProject\Debug\Obj\Utils
[8] = dl7M_tln.a
[9] = driverlib.a
[10] = m7M_tls.a
[11] = rt7M_tl.a
[12] = shb_l.a

  6'964 bytes of readonly  code memory
    936 bytes of readonly  data memory
    513 bytes of readwrite data memory

Errors: none
Warnings: 1
