###############################################################################
#
# IAR ELF Linker V9.10.1.308/W64 for ARM                  15/Dec/2025  16:02:30
# Copyright 2007-2021 IAR Systems AB.
#
#    Output file  =  E:\coding\embedded\embededProject\Debug\Exe\main.out
#    Map file     =  E:\coding\embedded\embededProject\Debug\List\main.map
#    Command line =
#        -f E:\coding\embedded\embededProject\Debug\Exe\main.out.rsp
#        (E:\coding\embedded\embededProject\Debug\Obj\HAL\Keypad\dio.o
#        E:\coding\embedded\embededProject\Debug\Obj\APP\display_manager.o
#        E:\coding\embedded\embededProject\Debug\Obj\APP\input_manager.o
#        E:\coding\embedded\embededProject\Debug\Obj\HAL\Keypad\keypad.o
#        E:\coding\embedded\embededProject\Debug\Obj\HAL\LCD\lcd.o
#        E:\coding\embedded\embededProject\Debug\Obj\main.o
#        E:\coding\embedded\embededProject\Debug\Obj\HAL\Potentiometer\potentiometer.o
#        E:\coding\embedded\embededProject\Debug\Obj\APP\potentiometer_manager.o
#        E:\coding\embedded\embededProject\Debug\Obj\startup_ewarm.o
#        --no_out_extension -o
#        E:\coding\embedded\embededProject\Debug\Exe\main.out --redirect
#        _Printf=_PrintfFullNoMb --redirect _Scanf=_ScanfFullNoMb --map
#        E:\coding\embedded\embededProject\Debug\List\main.map --config
#        "C:\Program Files\IAR Systems\Embedded Workbench
#        9.0\arm\config\linker\TexasInstruments\TM4C123GH6.icf" --semihosting
#        C:\ti\TivaWare_C_Series-2.2.0.295\driverlib\ewarm\Exe\driverlib.a
#        --entry __iar_program_start --vfe --text_out locale)
#
###############################################################################

*******************************************************************************
*** MESSAGES
***

Warning[Lt009]: Inconsistent wchar_t size
            sysctl.o(driverlib.a) and 5 other objects in driverlib.a have
                      wchar_t size 16 bits
            dio.o and 21 other objects, some of them in dl7M_tln.a and 11 other
                      libraries have wchar_t size 32 bits


*******************************************************************************
*** RUNTIME MODEL ATTRIBUTES
***

CppFlavor       = *
__SystemLibrary = DLib
__dlib_version  = 6


*******************************************************************************
*** HEAP SELECTION
***

The basic heap was selected because no calls to memory allocation
functions were found in the application outside of system library
functions, and there are calls to deallocation functions in the
application.


*******************************************************************************
*** PLACEMENT SUMMARY
***

"A0":  place at address 0x0 { ro section .intvec };
"P1":  place in [from 0x0 to 0x3'ffff] { ro };
define block CSTACK with size = 4K, alignment = 8 { };
define block HEAP with size = 8K, alignment = 8 { };
"P2":  place in [from 0x2000'0000 to 0x2000'7fff] {
          rw, block CSTACK, block HEAP };
do not initialize { rw section .noinit };

  Section  Kind         Address   Size  Object
  -------  ----         -------   ----  ------
"A0":                            0x26c
  .intvec  const            0x0  0x26c  startup_ewarm.o [1]
                        - 0x26c  0x26c

"P1":                            0x774
  .text    ro code        0x26c  0x2e4  sysctl.o [7]
  .text    ro code        0x550  0x294  gpio.o [7]
  .text    ro code        0x7e4   0xb4  main.o [1]
  .text    ro code        0x898   0x92  uart.o [7]
  .text    ro code        0x92c   0x22  startup_ewarm.o [1]
  .text    ro code        0x950   0x1c  cstartup_M.o [9]
  .text    ro code        0x96c   0x22  fpinit_M.o [8]
  .text    ro code        0x990   0x1e  cmain.o [9]
  .text    ro code        0x9ae    0x4  low_level_init.o [6]
  .text    ro code        0x9b2    0x4  exit.o [6]
  .text    ro code        0x9b8    0xa  cexit.o [9]
  .text    ro code        0x9c4   0x14  exit.o [10]
  .rodata  const          0x9d8    0x8  main.o [1]
                        - 0x9e0  0x774

"P2":                            0x200
  .noinit  uninit   0x2000'0000  0x200  startup_ewarm.o [1]
                  - 0x2000'0200  0x200

Unused ranges:

         From           To      Size
         ----           --      ----
        0x9e0     0x3'ffff  0x3'f620
  0x2000'0200  0x2000'7fff    0x7e00



*******************************************************************************
*** MODULE SUMMARY
***

    Module            ro code  ro data  rw data
    ------            -------  -------  -------
command line/config:
    -------------------------------------------
    Total:

E:\coding\embedded\embededProject\Debug\Obj: [1]
    main.o                180        8
    startup_ewarm.o        34      620      512
    -------------------------------------------
    Total:                214      628      512

E:\coding\embedded\embededProject\Debug\Obj\APP: [2]
    -------------------------------------------
    Total:

E:\coding\embedded\embededProject\Debug\Obj\HAL\Keypad: [3]
    -------------------------------------------
    Total:

E:\coding\embedded\embededProject\Debug\Obj\HAL\LCD: [4]
    -------------------------------------------
    Total:

E:\coding\embedded\embededProject\Debug\Obj\HAL\Potentiometer: [5]
    -------------------------------------------
    Total:

dl7M_tln.a: [6]
    exit.o                  4
    low_level_init.o        4
    -------------------------------------------
    Total:                  8

driverlib.a: [7]
    gpio.o                660
    sysctl.o              740
    uart.o                146
    -------------------------------------------
    Total:              1'546

m7M_tls.a: [8]
    fpinit_M.o             34
    -------------------------------------------
    Total:                 34

rt7M_tl.a: [9]
    cexit.o                10
    cmain.o                30
    cstartup_M.o           28
    -------------------------------------------
    Total:                 68

shb_l.a: [10]
    exit.o                 20
    -------------------------------------------
    Total:                 20

    Gaps                   10
-----------------------------------------------
    Grand Total:        1'900      628      512


*******************************************************************************
*** ENTRY LIST
***

Entry                       Address   Size  Type      Object
-----                       -------   ----  ----      ------
?main                         0x991         Code  Gb  cmain.o [9]
FaultISR                      0x947    0x2  Code  Lc  startup_ewarm.o [1]
GPIODirModeSet                0x551   0x28  Code  Gb  gpio.o [7]
GPIOPadConfigSet              0x579  0x174  Code  Gb  gpio.o [7]
GPIOPinConfigure              0x70d   0x38  Code  Gb  gpio.o [7]
GPIOPinTypeUART               0x6f9   0x14  Code  Gb  gpio.o [7]
IntDefaultHandler             0x949    0x2  Code  Lc  startup_ewarm.o [1]
NmiSR                         0x945    0x2  Code  Lc  startup_ewarm.o [1]
PORTF_Handler                 0x94d    0x2  Code  Gb  startup_ewarm.o [1]
Region$$Table$$Base             0x0          --   Gb  - Linker created -
Region$$Table$$Limit            0x0          --   Gb  - Linker created -
ResetISR                      0x92d   0x14  Code  Gb  startup_ewarm.o [1]
SysCtlClockGet                0x389  0x110  Code  Gb  sysctl.o [7]
SysCtlClockSet                0x2b1   0xd8  Code  Gb  sysctl.o [7]
SysCtlDelay                   0x2a9    0x8  Code  Gb  sysctl.o [7]
SysCtlPeripheralEnable        0x28d    0x8  Code  Gb  sysctl.o [7]
SysCtlPeripheralReady         0x26d    0x8  Code  Gb  sysctl.o [7]
UART1_Init_front              0x7e5   0x50  Code  Gb  main.o [1]
UART1_SendString              0x835   0x18  Code  Gb  main.o [1]
UARTCharPut                   0x921    0xa  Code  Gb  uart.o [7]
UARTConfigSetExpClk           0x899   0x4c  Code  Gb  uart.o [7]
UARTDisable                   0x8ff   0x1e  Code  Gb  uart.o [7]
UARTEnable                    0x8e5   0x1a  Code  Gb  uart.o [7]
__cmain                       0x991         Code  Gb  cmain.o [9]
__exit                        0x9c5   0x14  Code  Gb  exit.o [10]
__iar_init_vfp                0x96d         Code  Gb  fpinit_M.o [8]
__iar_program_start           0x951         Code  Gb  cstartup_M.o [9]
__low_level_init              0x9af    0x4  Code  Gb  low_level_init.o [6]
__vector_table                  0x0  0x26c  Data  Gb  startup_ewarm.o [1]
_call_main                    0x99d         Code  Gb  cmain.o [9]
_exit                         0x9b9         Code  Gb  cexit.o [9]
exit                          0x9b3    0x4  Code  Gb  exit.o [6]
g_pui32GPIOBaseAddrs          0x754   0x90  Data  Lc  gpio.o [7]
g_pui32Xtals                  0x4e4   0x6c  Data  Lc  sysctl.o [7]
main                          0x84d   0x26  Code  Gb  main.o [1]
pui32Stack              0x2000'0000  0x200  Data  Lc  startup_ewarm.o [1]
systick_ISR                   0x94b    0x2  Code  Gb  startup_ewarm.o [1]


[1] = E:\coding\embedded\embededProject\Debug\Obj
[2] = E:\coding\embedded\embededProject\Debug\Obj\APP
[3] = E:\coding\embedded\embededProject\Debug\Obj\HAL\Keypad
[4] = E:\coding\embedded\embededProject\Debug\Obj\HAL\LCD
[5] = E:\coding\embedded\embededProject\Debug\Obj\HAL\Potentiometer
[6] = dl7M_tln.a
[7] = driverlib.a
[8] = m7M_tls.a
[9] = rt7M_tl.a
[10] = shb_l.a

  1'900 bytes of readonly  code memory
    628 bytes of readonly  data memory
    512 bytes of readwrite data memory

Errors: none
Warnings: 1
