###############################################################################
#
# IAR ELF Linker V9.10.1.308/W64 for ARM                  11/Dec/2025  18:13:24
# Copyright 2007-2021 IAR Systems AB.
#
#    Output file  =  E:\coding\embedded\embededProject\Debug\Exe\main.out
#    Map file     =  E:\coding\embedded\embededProject\Debug\List\main.map
#    Command line =
#        -f E:\coding\embedded\embededProject\Debug\Exe\main.out.rsp
#        (E:\coding\embedded\embededProject\Debug\Obj\Utils\dio.o
#        E:\coding\embedded\embededProject\Debug\Obj\APP\display_manager.o
#        E:\coding\embedded\embededProject\Debug\Obj\Comm\HMI_Comm.o
#        E:\coding\embedded\embededProject\Debug\Obj\APP\input_manager.o
#        E:\coding\embedded\embededProject\Debug\Obj\HAL\Keypad\keypad.o
#        E:\coding\embedded\embededProject\Debug\Obj\HAL\LCD\lcd.o
#        E:\coding\embedded\embededProject\Debug\Obj\main.o
#        E:\coding\embedded\embededProject\Debug\Obj\HAL\Potentiometer\potentiometer.o
#        E:\coding\embedded\embededProject\Debug\Obj\APP\potentiometer_manager.o
#        E:\coding\embedded\embededProject\Debug\Obj\startup_ewarm.o
#        --no_out_extension -o
#        E:\coding\embedded\embededProject\Debug\Exe\main.out --redirect
#        _Printf=_PrintfFullNoMb --redirect _Scanf=_ScanfFullNoMb --map
#        E:\coding\embedded\embededProject\Debug\List\main.map --config
#        "C:\Program Files\IAR Systems\Embedded Workbench
#        9.0\arm\config\linker\TexasInstruments\TM4C123GH6.icf" --semihosting
#        C:\ti\TivaWare_C_Series-2.2.0.295\driverlib\ewarm\Exe\driverlib.a
#        --entry __iar_program_start --vfe --text_out locale)
#
###############################################################################

*******************************************************************************
*** MESSAGES
***

Warning[Lt009]: Inconsistent wchar_t size
            sysctl.o(driverlib.a) and 5 other objects in driverlib.a have
                      wchar_t size 16 bits
            dio.o and 22 other objects, some of them in dl7M_tln.a and 11 other
                      libraries have wchar_t size 32 bits


*******************************************************************************
*** RUNTIME MODEL ATTRIBUTES
***

CppFlavor       = *
__SystemLibrary = DLib
__dlib_version  = 6


*******************************************************************************
*** HEAP SELECTION
***

The basic heap was selected because no calls to memory allocation
functions were found in the application outside of system library
functions, and there are calls to deallocation functions in the
application.


*******************************************************************************
*** PLACEMENT SUMMARY
***

"A0":  place at address 0x0 { ro section .intvec };
"P1":  place in [from 0x0 to 0x3'ffff] { ro };
define block CSTACK with size = 4K, alignment = 8 { };
define block HEAP with size = 8K, alignment = 8 { };
"P2":  place in [from 0x2000'0000 to 0x2000'7fff] {
          rw, block CSTACK, block HEAP };
do not initialize { rw section .noinit };

  Section          Kind         Address   Size  Object
  -------          ----         -------   ----  ------
"A0":                                    0x26c
  .intvec          const            0x0  0x26c  startup_ewarm.o [1]
                                - 0x26c  0x26c

"P1":                                    0xe24
  .text            ro code        0x26c  0x4d8  dio.o [7]
  .text            ro code        0x744  0x1ce  lcd.o [5]
  .text            ro code        0x914  0x1ac  sysctl.o [9]
  .text            ro code        0xac0  0x188  display_manager.o [2]
  .text            ro code        0xc48    0x6  ABImemclr.o [11]
  .text            ro code        0xc4e   0x44  input_manager.o [2]
  .text            ro code        0xc94   0x12  strcmp.o [11]
  .text            ro code        0xca8   0x5e  ABImemset.o [11]
  .text            ro code        0xd08  0x12c  keypad.o [4]
  .text            ro code        0xe34   0x8c  main.o [1]
  .text            ro code        0xec0   0x38  zero_init3.o [11]
  .text            ro code        0xef8   0x28  data_init.o [11]
  .text            ro code        0xf20   0x22  startup_ewarm.o [1]
  .text            ro code        0xf44   0x1c  cstartup_M.o [11]
  .text            ro code        0xf60   0x22  fpinit_M.o [10]
  .text            ro code        0xf84   0x1e  cmain.o [11]
  .text            ro code        0xfa2    0x4  low_level_init.o [8]
  .text            ro code        0xfa6    0x4  exit.o [8]
  .text            ro code        0xfac    0xa  cexit.o [11]
  .text            ro code        0xfb8   0x14  exit.o [12]
  .iar.init_table  const          0xfcc   0x10  - Linker created -
  .rodata          const          0xfdc   0x18  display_manager.o [2]
  .rodata          const          0xff4   0x14  display_manager.o [2]
  .rodata          const         0x1008   0x14  display_manager.o [2]
  .rodata          const         0x101c   0x14  display_manager.o [2]
  .rodata          const         0x1030   0x10  display_manager.o [2]
  .rodata          const         0x1040   0x10  display_manager.o [2]
  .rodata          const         0x1050   0x10  keypad.o [4]
  .rodata          const         0x1060   0x10  main.o [1]
  .rodata          const         0x1070    0x8  display_manager.o [2]
  .rodata          const         0x1078    0x8  display_manager.o [2]
  .rodata          const         0x1080    0x4  keypad.o [4]
  .rodata          const         0x1084    0x4  keypad.o [4]
  .rodata          const         0x1088    0x4  keypad.o [4]
  .rodata          const         0x108c    0x4  keypad.o [4]
  .rodata          const         0x1090    0x0  zero_init3.o [11]
                               - 0x1090  0xe24

"P2", part 1 of 2:                         0x4
  .bss             zero     0x2000'0000    0x1  display_manager.o [2]
                          - 0x2000'0001    0x1

"P2", part 2 of 2:                       0x200
  .noinit          uninit   0x2000'0004  0x200  startup_ewarm.o [1]
                          - 0x2000'0204  0x200

Unused ranges:

         From           To      Size
         ----           --      ----
       0x1090     0x3'ffff  0x3'ef70
  0x2000'0204  0x2000'7fff    0x7dfc


*******************************************************************************
*** INIT TABLE
***

          Address      Size
          -------      ----
Zero (__iar_zero_init3)
    1 destination range, total size 0x1:
          0x2000'0000   0x1



*******************************************************************************
*** MODULE SUMMARY
***

    Module             ro code  ro data  rw data
    ------             -------  -------  -------
command line/config:
    --------------------------------------------
    Total:

E:\coding\embedded\embededProject\Debug\Obj: [1]
    main.o                 140       16
    startup_ewarm.o         34      620      512
    --------------------------------------------
    Total:                 174      636      512

E:\coding\embedded\embededProject\Debug\Obj\APP: [2]
    display_manager.o      392      132        1
    input_manager.o         68
    --------------------------------------------
    Total:                 460      132        1

E:\coding\embedded\embededProject\Debug\Obj\Comm: [3]
    --------------------------------------------
    Total:

E:\coding\embedded\embededProject\Debug\Obj\HAL\Keypad: [4]
    keypad.o               300       32
    --------------------------------------------
    Total:                 300       32

E:\coding\embedded\embededProject\Debug\Obj\HAL\LCD: [5]
    lcd.o                  462
    --------------------------------------------
    Total:                 462

E:\coding\embedded\embededProject\Debug\Obj\HAL\Potentiometer: [6]
    --------------------------------------------
    Total:

E:\coding\embedded\embededProject\Debug\Obj\Utils: [7]
    dio.o                1'240
    --------------------------------------------
    Total:               1'240

dl7M_tln.a: [8]
    exit.o                   4
    low_level_init.o         4
    --------------------------------------------
    Total:                   8

driverlib.a: [9]
    sysctl.o               428
    --------------------------------------------
    Total:                 428

m7M_tls.a: [10]
    fpinit_M.o              34
    --------------------------------------------
    Total:                  34

rt7M_tl.a: [11]
    ABImemclr.o              6
    ABImemset.o             94
    cexit.o                 10
    cmain.o                 30
    cstartup_M.o            28
    data_init.o             40
    strcmp.o                18
    zero_init3.o            56
    --------------------------------------------
    Total:                 282

shb_l.a: [12]
    exit.o                  20
    --------------------------------------------
    Total:                  20

    Gaps                    16
    Linker created                   16
------------------------------------------------
    Grand Total:         3'424      816      513


*******************************************************************************
*** ENTRY LIST
***

Entry                       Address   Size  Type      Object
-----                       -------   ----  ----      ------
.iar.init_table$$Base         0xfcc          --   Gb  - Linker created -
.iar.init_table$$Limit        0xfdc          --   Gb  - Linker created -
?main                         0xf85         Code  Gb  cmain.o [11]
DIO_Init                      0x26d  0x29a  Code  Gb  dio.o [7]
DIO_ReadPin                   0x5af   0x48  Code  Gb  dio.o [7]
DIO_SetPUR                    0x5f7   0x9c  Code  Gb  dio.o [7]
DIO_WritePin                  0x507   0xa8  Code  Gb  dio.o [7]
DISPLAY_ClearScreen           0xb0f   0x10  Code  Gb  display_manager.o [2]
DISPLAY_ERROR                 0xc0f    0xe  Code  Gb  display_manager.o [2]
DISPLAY_HandleKey             0xac9   0x1a  Code  Gb  display_manager.o [2]
DISPLAY_Init                  0xac1    0x8  Code  Gb  display_manager.o [2]
DISPLAY_OPEN                  0xb1f   0xf0  Code  Gb  display_manager.o [2]
DISPLAY_ShowMainMenu          0xae3   0x1c  Code  Gb  display_manager.o [2]
DISPLAY_ShowMessage           0xaff   0x10  Code  Gb  display_manager.o [2]
DelayMs                       0x745    0xe  Code  Lc  lcd.o [5]
FaultISR                      0xf3b    0x2  Code  Lc  startup_ewarm.o [1]
InputManager_GetKey           0xc79   0x1a  Code  Gb  input_manager.o [2]
IntDefaultHandler             0xf3d    0x2  Code  Lc  startup_ewarm.o [1]
Keypad_GetKey                 0xd79   0xa6  Code  Gb  keypad.o [4]
Keypad_Init                   0xd09   0x70  Code  Gb  keypad.o [4]
LCD_Clear                     0x8c9   0x10  Code  Gb  lcd.o [5]
LCD_EnablePulse               0x753   0x24  Code  Lc  lcd.o [5]
LCD_Init                      0x7b7   0xaa  Code  Gb  lcd.o [5]
LCD_Send4Bits                 0x777   0x40  Code  Lc  lcd.o [5]
LCD_SendCommand               0x861   0x3e  Code  Gb  lcd.o [5]
LCD_SendData                  0x89f   0x2a  Code  Gb  lcd.o [5]
LCD_SetCursor                 0x8d9   0x1a  Code  Gb  lcd.o [5]
LCD_WriteChar                 0x909    0xa  Code  Gb  lcd.o [5]
LCD_WriteString               0x8f3   0x16  Code  Gb  lcd.o [5]
MapKey                        0xc4f   0x2a  Code  Lc  input_manager.o [2]
NmiSR                         0xf39    0x2  Code  Lc  startup_ewarm.o [1]
PORTF_Handler                 0xf41    0x2  Code  Gb  startup_ewarm.o [1]
Region$$Table$$Base           0xfcc          --   Gb  - Linker created -
Region$$Table$$Limit          0xfdc          --   Gb  - Linker created -
ResetISR                      0xf21   0x14  Code  Gb  startup_ewarm.o [1]
SysCtlClockGet                0x91d  0x110  Code  Gb  sysctl.o [9]
SysCtlDelay                   0x915    0x8  Code  Gb  sysctl.o [9]
__aeabi_memclr                0xc49         Code  Gb  ABImemclr.o [11]
__cmain                       0xf85         Code  Gb  cmain.o [11]
__exit                        0xfb9   0x14  Code  Gb  exit.o [12]
__iar_Memset_word             0xca9         Code  Gb  ABImemset.o [11]
__iar_data_init3              0xef9   0x28  Code  Gb  data_init.o [11]
__iar_init_vfp                0xf61         Code  Gb  fpinit_M.o [10]
__iar_program_start           0xf45         Code  Gb  cstartup_M.o [11]
__iar_zero_init3              0xec1   0x38  Code  Gb  zero_init3.o [11]
__low_level_init              0xfa3    0x4  Code  Gb  low_level_init.o [8]
__vector_table                  0x0  0x26c  Data  Gb  startup_ewarm.o [1]
_call_main                    0xf91         Code  Gb  cmain.o [11]
_exit                         0xfad         Code  Gb  cexit.o [11]
exit                          0xfa7    0x4  Code  Gb  exit.o [8]
g_pui32Xtals                  0xa54   0x6c  Data  Lc  sysctl.o [9]
keypad_codes                 0x1050   0x10  Data  Gb  keypad.o [4]
main                          0xe35   0x8c  Code  Gb  main.o [1]
password_mode           0x2000'0000    0x1  Data  Lc  display_manager.o [2]
pui32Stack              0x2000'0004  0x200  Data  Lc  startup_ewarm.o [1]
strcmp                        0xc95         Code  Gb  strcmp.o [11]
systick_ISR                   0xf3f    0x2  Code  Gb  startup_ewarm.o [1]


[1] = E:\coding\embedded\embededProject\Debug\Obj
[2] = E:\coding\embedded\embededProject\Debug\Obj\APP
[3] = E:\coding\embedded\embededProject\Debug\Obj\Comm
[4] = E:\coding\embedded\embededProject\Debug\Obj\HAL\Keypad
[5] = E:\coding\embedded\embededProject\Debug\Obj\HAL\LCD
[6] = E:\coding\embedded\embededProject\Debug\Obj\HAL\Potentiometer
[7] = E:\coding\embedded\embededProject\Debug\Obj\Utils
[8] = dl7M_tln.a
[9] = driverlib.a
[10] = m7M_tls.a
[11] = rt7M_tl.a
[12] = shb_l.a

  3'424 bytes of readonly  code memory
    816 bytes of readonly  data memory
    513 bytes of readwrite data memory

Errors: none
Warnings: 1
