###############################################################################
#
# IAR ELF Linker V9.10.1.308/W64 for ARM                  18/Dec/2025  05:18:03
# Copyright 2007-2021 IAR Systems AB.
#
#    Output file  =  E:\coding\embedded\embededProject\Debug\Exe\main.out
#    Map file     =  E:\coding\embedded\embededProject\Debug\List\main.map
#    Command line =
#        -f E:\coding\embedded\embededProject\Debug\Exe\main.out.rsp
#        (E:\coding\embedded\embededProject\Debug\Obj\HAL\Keypad\dio.o
#        E:\coding\embedded\embededProject\Debug\Obj\APP\display_manager.o
#        E:\coding\embedded\embededProject\Debug\Obj\UART\HMI_Comm.o
#        E:\coding\embedded\embededProject\Debug\Obj\APP\input_manager.o
#        E:\coding\embedded\embededProject\Debug\Obj\HAL\Keypad\keypad.o
#        E:\coding\embedded\embededProject\Debug\Obj\HAL\LCD\lcd.o
#        E:\coding\embedded\embededProject\Debug\Obj\main.o
#        E:\coding\embedded\embededProject\Debug\Obj\HAL\Potentiometer\potentiometer.o
#        E:\coding\embedded\embededProject\Debug\Obj\APP\potentiometer_manager.o
#        E:\coding\embedded\embededProject\Debug\Obj\startup_ewarm.o
#        --no_out_extension -o
#        E:\coding\embedded\embededProject\Debug\Exe\main.out --redirect
#        _Printf=_PrintfFullNoMb --redirect _Scanf=_ScanfFullNoMb --map
#        E:\coding\embedded\embededProject\Debug\List\main.map --config
#        "C:\Program Files\IAR Systems\Embedded Workbench
#        9.0\arm\config\linker\TexasInstruments\TM4C123GH6.icf" --semihosting
#        C:\ti\TivaWare_C_Series-2.2.0.295\driverlib\ewarm\Exe\driverlib.a
#        --entry __iar_program_start --vfe --text_out locale)
#
###############################################################################

*******************************************************************************
*** MESSAGES
***

Warning[Lt009]: Inconsistent wchar_t size
            gpio.o(driverlib.a) and 5 other objects in driverlib.a have wchar_t
                      size 16 bits
            dio.o and 25 other objects, some of them in dl7M_tln.a and 11 other
                      libraries have wchar_t size 32 bits


*******************************************************************************
*** RUNTIME MODEL ATTRIBUTES
***

CppFlavor       = *
__SystemLibrary = DLib
__dlib_version  = 6


*******************************************************************************
*** HEAP SELECTION
***

The basic heap was selected because no calls to memory allocation
functions were found in the application outside of system library
functions, and there are calls to deallocation functions in the
application.


*******************************************************************************
*** PLACEMENT SUMMARY
***

"A0":  place at address 0x0 { ro section .intvec };
"P1":  place in [from 0x0 to 0x3'ffff] { ro };
define block CSTACK with size = 4K, alignment = 8 { };
define block HEAP with size = 8K, alignment = 8 { };
"P2":  place in [from 0x2000'0000 to 0x2000'7fff] {
          rw, block CSTACK, block HEAP };
do not initialize { rw section .noinit };

  Section          Kind         Address   Size  Object
  -------          ----         -------   ----  ------
"A0":                                    0x26c
  .intvec          const            0x0  0x26c  startup_ewarm.o [1]
                                - 0x26c  0x26c

"P1":                                    0xd00
  .text            ro code        0x26c  0x390  HMI_Comm.o [6]
  .text            ro code        0x5fc  0x2e4  sysctl.o [8]
  .text            ro code        0x8e0  0x2b8  gpio.o [8]
  .text            ro code        0xb98   0xb6  uart.o [8]
  .text            ro code        0xc50   0x18  strcpy.o [10]
  .text            ro code        0xc68   0x4c  strtok.o [7]
  .text            ro code        0xcb4   0x66  ABImemset.o [10]
  .text            ro code        0xd1c   0x12  strcmp.o [10]
  .text            ro code        0xd2e   0x22  strspn.o [7]
  .text            ro code        0xd50   0x22  strcspn.o [7]
  .text            ro code        0xd74   0x7c  main.o [1]
  .text            ro code        0xdf0   0x38  zero_init3.o [10]
  .text            ro code        0xe28   0x28  data_init.o [10]
  .text            ro code        0xe50   0x22  startup_ewarm.o [1]
  .text            ro code        0xe74   0x1c  cstartup_M.o [10]
  .text            ro code        0xe90   0x22  fpinit_M.o [9]
  .text            ro code        0xeb4   0x1e  cmain.o [10]
  .text            ro code        0xed2    0x4  low_level_init.o [7]
  .text            ro code        0xed6    0x4  exit.o [7]
  .text            ro code        0xedc    0xa  cexit.o [10]
  .text            ro code        0xee8   0x14  exit.o [11]
  .iar.init_table  const          0xefc   0x10  - Linker created -
  .rodata          const          0xf0c   0x14  HMI_Comm.o [6]
  .rodata          const          0xf20   0x14  HMI_Comm.o [6]
  .rodata          const          0xf34   0x10  HMI_Comm.o [6]
  .rodata          const          0xf44   0x10  HMI_Comm.o [6]
  .rodata          const          0xf54   0x10  HMI_Comm.o [6]
  .rodata          const          0xf64    0x8  HMI_Comm.o [6]
  .rodata          const          0xf6c    0x0  zero_init3.o [10]
                                - 0xf6c  0xd00

"P2", part 1 of 2:                        0x1c
  .bss             zero     0x2000'0000   0x14  HMI_Comm.o [6]
  .bss             zero     0x2000'0014    0x4  strtok.o [7]
  .bss             zero     0x2000'0018    0x2  HMI_Comm.o [6]
  .bss             zero     0x2000'001a    0x1  HMI_Comm.o [6]
                          - 0x2000'001b   0x1b

"P2", part 2 of 2:                       0x200
  .noinit          uninit   0x2000'001c  0x200  startup_ewarm.o [1]
                          - 0x2000'021c  0x200

Unused ranges:

         From           To      Size
         ----           --      ----
        0xf6c     0x3'ffff  0x3'f094
  0x2000'021c  0x2000'7fff    0x7de4


*******************************************************************************
*** INIT TABLE
***

          Address      Size
          -------      ----
Zero (__iar_zero_init3)
    1 destination range, total size 0x1b:
          0x2000'0000  0x1b



*******************************************************************************
*** MODULE SUMMARY
***

    Module            ro code  ro data  rw data
    ------            -------  -------  -------
command line/config:
    -------------------------------------------
    Total:

E:\coding\embedded\embededProject\Debug\Obj: [1]
    main.o                124
    startup_ewarm.o        34      620      512
    -------------------------------------------
    Total:                158      620      512

E:\coding\embedded\embededProject\Debug\Obj\APP: [2]
    -------------------------------------------
    Total:

E:\coding\embedded\embededProject\Debug\Obj\HAL\Keypad: [3]
    -------------------------------------------
    Total:

E:\coding\embedded\embededProject\Debug\Obj\HAL\LCD: [4]
    -------------------------------------------
    Total:

E:\coding\embedded\embededProject\Debug\Obj\HAL\Potentiometer: [5]
    -------------------------------------------
    Total:

E:\coding\embedded\embededProject\Debug\Obj\UART: [6]
    HMI_Comm.o            912       96       23
    -------------------------------------------
    Total:                912       96       23

dl7M_tln.a: [7]
    exit.o                  4
    low_level_init.o        4
    strcspn.o              34
    strspn.o               34
    strtok.o               76                 4
    -------------------------------------------
    Total:                152                 4

driverlib.a: [8]
    gpio.o                696
    sysctl.o              740
    uart.o                182
    -------------------------------------------
    Total:              1'618

m7M_tls.a: [9]
    fpinit_M.o             34
    -------------------------------------------
    Total:                 34

rt7M_tl.a: [10]
    ABImemset.o           102
    cexit.o                10
    cmain.o                30
    cstartup_M.o           28
    data_init.o            40
    strcmp.o               18
    strcpy.o               24
    zero_init3.o           56
    -------------------------------------------
    Total:                308

shb_l.a: [11]
    exit.o                 20
    -------------------------------------------
    Total:                 20

    Gaps                   14
    Linker created                  16
-----------------------------------------------
    Grand Total:        3'216      732      539


*******************************************************************************
*** ENTRY LIST
***

Entry                       Address   Size  Type      Object
-----                       -------   ----  ----      ------
.iar.init_table$$Base         0xefc          --   Gb  - Linker created -
.iar.init_table$$Limit        0xf0c          --   Gb  - Linker created -
?main                         0xeb5         Code  Gb  cmain.o [10]
BUZZ                          0x305   0x1e  Code  Gb  HMI_Comm.o [6]
FaultISR                      0xe6b    0x2  Code  Lc  startup_ewarm.o [1]
GPIODirModeSet                0x8e1   0x28  Code  Gb  gpio.o [8]
GPIOPadConfigSet              0x909  0x174  Code  Gb  gpio.o [8]
GPIOPinConfigure              0xabf   0x38  Code  Gb  gpio.o [8]
GPIOPinTypeGPIOOutput         0xa87    0xa  Code  Gb  gpio.o [8]
GPIOPinTypeUART               0xaab   0x14  Code  Gb  gpio.o [8]
GPIOPinWrite                  0xa7d    0x6  Code  Gb  gpio.o [8]
IntDefaultHandler             0xe6d    0x2  Code  Lc  startup_ewarm.o [1]
LED_Init                      0xd75   0x2c  Code  Gb  main.o [1]
NmiSR                         0xe69    0x2  Code  Lc  startup_ewarm.o [1]
PORTF_Handler                 0xe71    0x2  Code  Gb  startup_ewarm.o [1]
Region$$Table$$Base           0xefc          --   Gb  - Linker created -
Region$$Table$$Limit          0xf0c          --   Gb  - Linker created -
ResetISR                      0xe51   0x14  Code  Gb  startup_ewarm.o [1]
SysCtlClockGet                0x719  0x110  Code  Gb  sysctl.o [8]
SysCtlClockSet                0x641   0xd8  Code  Gb  sysctl.o [8]
SysCtlDelay                   0x639    0x8  Code  Gb  sysctl.o [8]
SysCtlPeripheralEnable        0x61d    0x8  Code  Gb  sysctl.o [8]
SysCtlPeripheralReady         0x5fd    0x8  Code  Gb  sysctl.o [8]
UART1_Init                    0x26d   0x98  Code  Gb  HMI_Comm.o [6]
UART1_SendString              0x323   0x40  Code  Gb  HMI_Comm.o [6]
UARTBusy                      0xc45    0xa  Code  Gb  uart.o [8]
UARTCharGet                   0xc31    0xa  Code  Gb  uart.o [8]
UARTCharPut                   0xc3b    0xa  Code  Gb  uart.o [8]
UARTCharsAvail                0xc21    0x6  Code  Gb  uart.o [8]
UARTConfigSetExpClk           0xb99   0x4c  Code  Gb  uart.o [8]
UARTDisable                   0xbff   0x1e  Code  Gb  uart.o [8]
UARTEnable                    0xbe5   0x1a  Code  Gb  uart.o [8]
WAIT_FOR_MESSAGE              0x363  0x242  Code  Gb  HMI_Comm.o [6]
_Strtok_ssave           0x2000'0014    0x4  Data  Lc  strtok.o [7]
__aeabi_memset                0xcb5         Code  Gb  ABImemset.o [10]
__cmain                       0xeb5         Code  Gb  cmain.o [10]
__exit                        0xee9   0x14  Code  Gb  exit.o [11]
__iar_Memset                  0xcb5         Code  Gb  ABImemset.o [10]
__iar_Memset_word             0xcbd         Code  Gb  ABImemset.o [10]
__iar_data_init3              0xe29   0x28  Code  Gb  data_init.o [10]
__iar_init_vfp                0xe91         Code  Gb  fpinit_M.o [9]
__iar_program_start           0xe75         Code  Gb  cstartup_M.o [10]
__iar_zero_init3              0xdf1   0x38  Code  Gb  zero_init3.o [10]
__low_level_init              0xed3    0x4  Code  Gb  low_level_init.o [7]
__vector_table                  0x0  0x26c  Data  Gb  startup_ewarm.o [1]
_call_main                    0xec1         Code  Gb  cmain.o [10]
_exit                         0xedd         Code  Gb  cexit.o [10]
exit                          0xed7    0x4  Code  Gb  exit.o [7]
failedAttempts          0x2000'0018    0x2  Data  Gb  HMI_Comm.o [6]
g_pui32GPIOBaseAddrs          0xb08   0x90  Data  Lc  gpio.o [8]
g_pui32Xtals                  0x874   0x6c  Data  Lc  sysctl.o [8]
main                          0xda1   0x42  Code  Gb  main.o [1]
pui32Stack              0x2000'001c  0x200  Data  Lc  startup_ewarm.o [1]
rxBuffer                0x2000'0000   0x14  Data  Gb  HMI_Comm.o [6]
rxIndex                 0x2000'001a    0x1  Data  Gb  HMI_Comm.o [6]
strcmp                        0xd1d         Code  Gb  strcmp.o [10]
strcpy                        0xc51         Code  Gb  strcpy.o [10]
strcspn                       0xd51   0x22  Code  Gb  strcspn.o [7]
strspn                        0xd2f   0x22  Code  Gb  strspn.o [7]
strtok                        0xc69   0x4c  Code  Gb  strtok.o [7]
systick_ISR                   0xe6f    0x2  Code  Gb  startup_ewarm.o [1]


[1] = E:\coding\embedded\embededProject\Debug\Obj
[2] = E:\coding\embedded\embededProject\Debug\Obj\APP
[3] = E:\coding\embedded\embededProject\Debug\Obj\HAL\Keypad
[4] = E:\coding\embedded\embededProject\Debug\Obj\HAL\LCD
[5] = E:\coding\embedded\embededProject\Debug\Obj\HAL\Potentiometer
[6] = E:\coding\embedded\embededProject\Debug\Obj\UART
[7] = dl7M_tln.a
[8] = driverlib.a
[9] = m7M_tls.a
[10] = rt7M_tl.a
[11] = shb_l.a

  3'216 bytes of readonly  code memory
    732 bytes of readonly  data memory
    539 bytes of readwrite data memory

Errors: none
Warnings: 1
