###############################################################################
#
# IAR ELF Linker V9.10.1.308/W64 for ARM                  11/Dec/2025  18:53:45
# Copyright 2007-2021 IAR Systems AB.
#
#    Output file  =  E:\coding\embedded\embededProject\Debug\Exe\main.out
#    Map file     =  E:\coding\embedded\embededProject\Debug\List\main.map
#    Command line =
#        -f E:\coding\embedded\embededProject\Debug\Exe\main.out.rsp
#        (E:\coding\embedded\embededProject\Debug\Obj\Utils\dio.o
#        E:\coding\embedded\embededProject\Debug\Obj\APP\display_manager.o
#        E:\coding\embedded\embededProject\Debug\Obj\Comm\HMI_Comm.o
#        E:\coding\embedded\embededProject\Debug\Obj\APP\input_manager.o
#        E:\coding\embedded\embededProject\Debug\Obj\HAL\Keypad\keypad.o
#        E:\coding\embedded\embededProject\Debug\Obj\HAL\LCD\lcd.o
#        E:\coding\embedded\embededProject\Debug\Obj\main.o
#        E:\coding\embedded\embededProject\Debug\Obj\HAL\Potentiometer\potentiometer.o
#        E:\coding\embedded\embededProject\Debug\Obj\APP\potentiometer_manager.o
#        E:\coding\embedded\embededProject\Debug\Obj\startup_ewarm.o
#        --no_out_extension -o
#        E:\coding\embedded\embededProject\Debug\Exe\main.out --redirect
#        _Printf=_PrintfFullNoMb --redirect _Scanf=_ScanfFullNoMb --map
#        E:\coding\embedded\embededProject\Debug\List\main.map --config
#        "C:\Program Files\IAR Systems\Embedded Workbench
#        9.0\arm\config\linker\TexasInstruments\TM4C123GH6.icf" --semihosting
#        C:\ti\TivaWare_C_Series-2.2.0.295\driverlib\ewarm\Exe\driverlib.a
#        --entry __iar_program_start --vfe --text_out locale)
#
###############################################################################

*******************************************************************************
*** MESSAGES
***

Warning[Lt009]: Inconsistent wchar_t size
            sysctl.o(driverlib.a) and 5 other objects in driverlib.a have
                      wchar_t size 16 bits
            dio.o and 22 other objects, some of them in dl7M_tln.a and 11 other
                      libraries have wchar_t size 32 bits


*******************************************************************************
*** RUNTIME MODEL ATTRIBUTES
***

CppFlavor       = *
__SystemLibrary = DLib
__dlib_version  = 6


*******************************************************************************
*** HEAP SELECTION
***

The basic heap was selected because no calls to memory allocation
functions were found in the application outside of system library
functions, and there are calls to deallocation functions in the
application.


*******************************************************************************
*** PLACEMENT SUMMARY
***

"A0":  place at address 0x0 { ro section .intvec };
"P1":  place in [from 0x0 to 0x3'ffff] { ro };
define block CSTACK with size = 4K, alignment = 8 { };
define block HEAP with size = 8K, alignment = 8 { };
"P2":  place in [from 0x2000'0000 to 0x2000'7fff] {
          rw, block CSTACK, block HEAP };
do not initialize { rw section .noinit };

  Section          Kind         Address   Size  Object
  -------          ----         -------   ----  ------
"A0":                                    0x26c
  .intvec          const            0x0  0x26c  startup_ewarm.o [1]
                                - 0x26c  0x26c

"P1":                                    0xf38
  .text            ro code        0x26c  0x4d8  dio.o [7]
  .text            ro code        0x744  0x24c  display_manager.o [2]
  .text            ro code        0x990  0x1ce  lcd.o [5]
  .text            ro code        0xb60    0x6  ABImemclr.o [11]
  .text            ro code        0xb66   0x44  input_manager.o [2]
  .text            ro code        0xbac  0x1ac  sysctl.o [9]
  .text            ro code        0xd58   0x12  strcmp.o [11]
  .text            ro code        0xd6c   0x5e  ABImemset.o [11]
  .text            ro code        0xdcc  0x144  keypad.o [4]
  .text            ro code        0xf10   0x98  main.o [1]
  .text            ro code        0xfa8   0x38  zero_init3.o [11]
  .text            ro code        0xfe0   0x28  data_init.o [11]
  .text            ro code       0x1008   0x22  startup_ewarm.o [1]
  .text            ro code       0x102c   0x1c  cstartup_M.o [11]
  .text            ro code       0x1048   0x22  fpinit_M.o [10]
  .text            ro code       0x106c   0x1e  cmain.o [11]
  .text            ro code       0x108a    0x4  low_level_init.o [8]
  .text            ro code       0x108e    0x4  exit.o [8]
  .text            ro code       0x1094    0xa  cexit.o [11]
  .text            ro code       0x10a0   0x14  exit.o [12]
  .iar.init_table  const         0x10b4   0x10  - Linker created -
  .rodata          const         0x10c4   0x14  display_manager.o [2]
  .rodata          const         0x10d8   0x14  display_manager.o [2]
  .rodata          const         0x10ec   0x14  display_manager.o [2]
  .rodata          const         0x1100   0x14  display_manager.o [2]
  .rodata          const         0x1114   0x10  display_manager.o [2]
  .rodata          const         0x1124   0x10  display_manager.o [2]
  .rodata          const         0x1134   0x10  display_manager.o [2]
  .rodata          const         0x1144   0x10  display_manager.o [2]
  .rodata          const         0x1154   0x10  keypad.o [4]
  .rodata          const         0x1164   0x10  main.o [1]
  .rodata          const         0x1174    0x8  display_manager.o [2]
  .rodata          const         0x117c    0x8  display_manager.o [2]
  .rodata          const         0x1184    0x8  display_manager.o [2]
  .rodata          const         0x118c    0x8  main.o [1]
  .rodata          const         0x1194    0x4  keypad.o [4]
  .rodata          const         0x1198    0x4  keypad.o [4]
  .rodata          const         0x119c    0x4  keypad.o [4]
  .rodata          const         0x11a0    0x4  keypad.o [4]
  .rodata          const         0x11a4    0x0  zero_init3.o [11]
                               - 0x11a4  0xf38

"P2", part 1 of 2:                         0x4
  .bss             zero     0x2000'0000    0x2  display_manager.o [2]
  .bss             zero     0x2000'0002    0x1  display_manager.o [2]
                          - 0x2000'0003    0x3

"P2", part 2 of 2:                       0x200
  .noinit          uninit   0x2000'0004  0x200  startup_ewarm.o [1]
                          - 0x2000'0204  0x200

Unused ranges:

         From           To      Size
         ----           --      ----
       0x11a4     0x3'ffff  0x3'ee5c
  0x2000'0204  0x2000'7fff    0x7dfc


*******************************************************************************
*** INIT TABLE
***

          Address      Size
          -------      ----
Zero (__iar_zero_init3)
    1 destination range, total size 0x3:
          0x2000'0000   0x3



*******************************************************************************
*** MODULE SUMMARY
***

    Module             ro code  ro data  rw data
    ------             -------  -------  -------
command line/config:
    --------------------------------------------
    Total:

E:\coding\embedded\embededProject\Debug\Obj: [1]
    main.o                 152       24
    startup_ewarm.o         34      620      512
    --------------------------------------------
    Total:                 186      644      512

E:\coding\embedded\embededProject\Debug\Obj\APP: [2]
    display_manager.o      588      168        3
    input_manager.o         68
    --------------------------------------------
    Total:                 656      168        3

E:\coding\embedded\embededProject\Debug\Obj\Comm: [3]
    --------------------------------------------
    Total:

E:\coding\embedded\embededProject\Debug\Obj\HAL\Keypad: [4]
    keypad.o               324       32
    --------------------------------------------
    Total:                 324       32

E:\coding\embedded\embededProject\Debug\Obj\HAL\LCD: [5]
    lcd.o                  462
    --------------------------------------------
    Total:                 462

E:\coding\embedded\embededProject\Debug\Obj\HAL\Potentiometer: [6]
    --------------------------------------------
    Total:

E:\coding\embedded\embededProject\Debug\Obj\Utils: [7]
    dio.o                1'240
    --------------------------------------------
    Total:               1'240

dl7M_tln.a: [8]
    exit.o                   4
    low_level_init.o         4
    --------------------------------------------
    Total:                   8

driverlib.a: [9]
    sysctl.o               428
    --------------------------------------------
    Total:                 428

m7M_tls.a: [10]
    fpinit_M.o              34
    --------------------------------------------
    Total:                  34

rt7M_tl.a: [11]
    ABImemclr.o              6
    ABImemset.o             94
    cexit.o                 10
    cmain.o                 30
    cstartup_M.o            28
    data_init.o             40
    strcmp.o                18
    zero_init3.o            56
    --------------------------------------------
    Total:                 282

shb_l.a: [12]
    exit.o                  20
    --------------------------------------------
    Total:                  20

    Gaps                    16
    Linker created                   16
------------------------------------------------
    Grand Total:         3'656      860      515


*******************************************************************************
*** ENTRY LIST
***

Entry                       Address   Size  Type      Object
-----                       -------   ----  ----      ------
.iar.init_table$$Base        0x10b4          --   Gb  - Linker created -
.iar.init_table$$Limit       0x10c4          --   Gb  - Linker created -
?main                        0x106d         Code  Gb  cmain.o [11]
DIO_Init                      0x26d  0x29a  Code  Gb  dio.o [7]
DIO_ReadPin                   0x5af   0x48  Code  Gb  dio.o [7]
DIO_SetPUR                    0x5f7   0x9c  Code  Gb  dio.o [7]
DIO_WritePin                  0x507   0xa8  Code  Gb  dio.o [7]
DISPLAY_ClearScreen           0x799   0x10  Code  Gb  display_manager.o [2]
DISPLAY_ERROR                 0x949    0xe  Code  Gb  display_manager.o [2]
DISPLAY_HandleKey             0x74d   0x1c  Code  Gb  display_manager.o [2]
DISPLAY_Init                  0x745    0x8  Code  Gb  display_manager.o [2]
DISPLAY_NEW_PASSWORD          0x837   0xfa  Code  Gb  display_manager.o [2]
DISPLAY_OLD_PASSWORD          0x7a9   0x8e  Code  Gb  display_manager.o [2]
DISPLAY_OPEN                  0x931   0x18  Code  Gb  display_manager.o [2]
DISPLAY_ShowMainMenu          0x769   0x20  Code  Gb  display_manager.o [2]
DISPLAY_ShowMessage           0x789   0x10  Code  Gb  display_manager.o [2]
DelayMs                       0x991    0xe  Code  Lc  lcd.o [5]
FaultISR                     0x1023    0x2  Code  Lc  startup_ewarm.o [1]
InputManager_GetKey           0xb91   0x1a  Code  Gb  input_manager.o [2]
IntDefaultHandler            0x1025    0x2  Code  Lc  startup_ewarm.o [1]
Keypad_GetKey                 0xe3d   0xc0  Code  Gb  keypad.o [4]
Keypad_Init                   0xdcd   0x70  Code  Gb  keypad.o [4]
LCD_Clear                     0xb15   0x10  Code  Gb  lcd.o [5]
LCD_EnablePulse               0x99f   0x24  Code  Lc  lcd.o [5]
LCD_Init                      0xa03   0xaa  Code  Gb  lcd.o [5]
LCD_Send4Bits                 0x9c3   0x40  Code  Lc  lcd.o [5]
LCD_SendCommand               0xaad   0x3e  Code  Gb  lcd.o [5]
LCD_SendData                  0xaeb   0x2a  Code  Gb  lcd.o [5]
LCD_SetCursor                 0xb25   0x1a  Code  Gb  lcd.o [5]
LCD_WriteChar                 0xb55    0xa  Code  Gb  lcd.o [5]
LCD_WriteString               0xb3f   0x16  Code  Gb  lcd.o [5]
MapKey                        0xb67   0x2a  Code  Lc  input_manager.o [2]
NmiSR                        0x1021    0x2  Code  Lc  startup_ewarm.o [1]
PORTF_Handler                0x1029    0x2  Code  Gb  startup_ewarm.o [1]
Region$$Table$$Base          0x10b4          --   Gb  - Linker created -
Region$$Table$$Limit         0x10c4          --   Gb  - Linker created -
ResetISR                     0x1009   0x14  Code  Gb  startup_ewarm.o [1]
SysCtlClockGet                0xbb5  0x110  Code  Gb  sysctl.o [9]
SysCtlDelay                   0xbad    0x8  Code  Gb  sysctl.o [9]
__aeabi_memclr                0xb61         Code  Gb  ABImemclr.o [11]
__cmain                      0x106d         Code  Gb  cmain.o [11]
__exit                       0x10a1   0x14  Code  Gb  exit.o [12]
__iar_Memset_word             0xd6d         Code  Gb  ABImemset.o [11]
__iar_data_init3              0xfe1   0x28  Code  Gb  data_init.o [11]
__iar_init_vfp               0x1049         Code  Gb  fpinit_M.o [10]
__iar_program_start          0x102d         Code  Gb  cstartup_M.o [11]
__iar_zero_init3              0xfa9   0x38  Code  Gb  zero_init3.o [11]
__low_level_init             0x108b    0x4  Code  Gb  low_level_init.o [8]
__vector_table                  0x0  0x26c  Data  Gb  startup_ewarm.o [1]
_call_main                   0x1079         Code  Gb  cmain.o [11]
_exit                        0x1095         Code  Gb  cexit.o [11]
exit                         0x108f    0x4  Code  Gb  exit.o [8]
g_pui32Xtals                  0xcec   0x6c  Data  Lc  sysctl.o [9]
haspass                 0x2000'0000    0x2  Data  Gb  display_manager.o [2]
keypad_codes                 0x1154   0x10  Data  Gb  keypad.o [4]
main                          0xf11   0x98  Code  Gb  main.o [1]
password_mode           0x2000'0002    0x1  Data  Lc  display_manager.o [2]
pui32Stack              0x2000'0004  0x200  Data  Lc  startup_ewarm.o [1]
strcmp                        0xd59         Code  Gb  strcmp.o [11]
systick_ISR                  0x1027    0x2  Code  Gb  startup_ewarm.o [1]


[1] = E:\coding\embedded\embededProject\Debug\Obj
[2] = E:\coding\embedded\embededProject\Debug\Obj\APP
[3] = E:\coding\embedded\embededProject\Debug\Obj\Comm
[4] = E:\coding\embedded\embededProject\Debug\Obj\HAL\Keypad
[5] = E:\coding\embedded\embededProject\Debug\Obj\HAL\LCD
[6] = E:\coding\embedded\embededProject\Debug\Obj\HAL\Potentiometer
[7] = E:\coding\embedded\embededProject\Debug\Obj\Utils
[8] = dl7M_tln.a
[9] = driverlib.a
[10] = m7M_tls.a
[11] = rt7M_tl.a
[12] = shb_l.a

  3'656 bytes of readonly  code memory
    860 bytes of readonly  data memory
    515 bytes of readwrite data memory

Errors: none
Warnings: 1
