###############################################################################
#
# IAR ELF Linker V9.10.1.308/W64 for ARM                  21/Dec/2025  18:07:17
# Copyright 2007-2021 IAR Systems AB.
#
#    Output file  =  E:\coding\embedded\embededProject\Debug\Exe\main.out
#    Map file     =  E:\coding\embedded\embededProject\Debug\List\main.map
#    Command line =
#        -f E:\coding\embedded\embededProject\Debug\Exe\main.out.rsp
#        (E:\coding\embedded\embededProject\Debug\Obj\Utils\dio.o
#        E:\coding\embedded\embededProject\Debug\Obj\APP\display_manager.o
#        E:\coding\embedded\embededProject\Debug\Obj\Comm\HMI_Comm.o
#        E:\coding\embedded\embededProject\Debug\Obj\APP\input_manager.o
#        E:\coding\embedded\embededProject\Debug\Obj\HAL\Keypad\keypad.o
#        E:\coding\embedded\embededProject\Debug\Obj\HAL\LCD\lcd.o
#        E:\coding\embedded\embededProject\Debug\Obj\main.o
#        E:\coding\embedded\embededProject\Debug\Obj\HAL\Potentiometer\potentiometer.o
#        E:\coding\embedded\embededProject\Debug\Obj\APP\potentiometer_manager.o
#        E:\coding\embedded\embededProject\Debug\Obj\startup_ewarm.o
#        --no_out_extension -o
#        E:\coding\embedded\embededProject\Debug\Exe\main.out --redirect
#        _Printf=_PrintfFullNoMb --redirect _Scanf=_ScanfFullNoMb --map
#        E:\coding\embedded\embededProject\Debug\List\main.map --config
#        "C:\Program Files\IAR Systems\Embedded Workbench
#        9.0\arm\config\linker\TexasInstruments\TM4C123GH6.icf" --semihosting
#        C:\ti\TivaWare_C_Series-2.2.0.295\driverlib\ewarm\Exe\driverlib.a
#        --entry __iar_program_start --vfe --text_out locale)
#
###############################################################################

*******************************************************************************
*** MESSAGES
***

Warning[Lt009]: Inconsistent wchar_t size
            gpio.o(driverlib.a) and 5 other objects in driverlib.a have wchar_t
                      size 16 bits
            dio.o and 22 other objects, some of them in dl7M_tln.a and 11 other
                      libraries have wchar_t size 32 bits
Error[Li005]: no definition for "DISPLAY_ERROR" [referenced from
          E:\coding\embedded\embededProject\Debug\Obj\main.o]
Error[Li005]: no definition for "DISPLAY_OPEN" [referenced from
          E:\coding\embedded\embededProject\Debug\Obj\main.o]
Error[Li005]: no definition for "DISPLAY_CHANGEPASSWORD" [referenced from
          E:\coding\embedded\embededProject\Debug\Obj\main.o]
Error[Li005]: no definition for "DISPLAY_CHANGETIMEOUT" [referenced from
          E:\coding\embedded\embededProject\Debug\Obj\main.o]


*******************************************************************************
*** RUNTIME MODEL ATTRIBUTES
***

CppFlavor       = *
__SystemLibrary = DLib
__dlib_version  = 6


*******************************************************************************
*** HEAP SELECTION
***

The basic heap was selected because no calls to memory allocation
functions were found in the application outside of system library
functions, and there are calls to deallocation functions in the
application.


*******************************************************************************
*** PLACEMENT SUMMARY
***

"A0":  place at address 0x0 { ro section .intvec };
"P1":  place in [from 0x0 to 0x3'ffff] { ro };
define block CSTACK with size = 4K, alignment = 8 { };
define block HEAP with size = 8K, alignment = 8 { };
"P2":  place in [from 0x2000'0000 to 0x2000'7fff] {
          rw, block CSTACK, block HEAP };
do not initialize { rw section .noinit };

  Section  Kind         Address    Size  Object
  -------  ----         -------    ----  ------
"A0":                             0x26c
  .intvec  const            0x0   0x26c  startup_ewarm.o [1]
                        - 0x26c   0x26c

"P1":                            0x1354
  .text    ro code        0x26c   0x4e0  dio.o [7]
  .text    ro code        0x74c   0x2e4  sysctl.o [9]
  .text    ro code        0xa30   0x2d0  gpio.o [9]
  .text    ro code        0xd00   0x1d0  lcd.o [5]
  .text    ro code        0xed0   0x15c  keypad.o [4]
  .text    ro code       0x102c   0x104  main.o [1]
  .text    ro code       0x1130    0xc8  HMI_Comm.o [3]
  .text    ro code       0x11f8    0x4c  display_manager.o [2]
  .text    ro code       0x1244    0x8c  potentiometer.o [6]
  .text    ro code       0x12d0    0x4c  input_manager.o [2]
  .text    ro code       0x131c    0xa2  uart.o [9]
  .text    ro code       0x13c0   0x102  adc.o [9]
  .text    ro code       0x14c4    0x22  startup_ewarm.o [1]
  .text    ro code       0x14e8    0x1c  cstartup_M.o [11]
  .text    ro code       0x1504    0x22  fpinit_M.o [10]
  .text    ro code       0x1528    0x1e  cmain.o [11]
  .text    ro code       0x1546     0x4  low_level_init.o [8]
  .text    ro code       0x154a     0x4  exit.o [8]
  .text    ro code       0x1550     0xa  cexit.o [11]
  .text    ro code       0x155c    0x14  exit.o [12]
  .rodata  const         0x1570    0x18  display_manager.o [2]
  .rodata  const         0x1588    0x10  keypad.o [4]
  .rodata  const         0x1598    0x10  main.o [1]
  .rodata  const         0x15a8     0x8  display_manager.o [2]
  .rodata  const         0x15b0     0x4  keypad.o [4]
  .rodata  const         0x15b4     0x4  keypad.o [4]
  .rodata  const         0x15b8     0x4  keypad.o [4]
  .rodata  const         0x15bc     0x4  keypad.o [4]
                       - 0x15c0  0x1354

"P2":                             0x200
  .noinit  uninit   0x2000'0000   0x200  startup_ewarm.o [1]
                  - 0x2000'0200   0x200

Unused ranges:

         From           To      Size
         ----           --      ----
       0x15c0     0x3'ffff  0x3'ea40
  0x2000'0200  0x2000'7fff    0x7e00



*******************************************************************************
*** MODULE SUMMARY
***

    Module             ro code  ro data  rw data
    ------             -------  -------  -------
command line/config:
    --------------------------------------------
    Total:

E:\coding\embedded\embededProject\Debug\Obj: [1]
    main.o                 260       16
    startup_ewarm.o         34      620      512
    --------------------------------------------
    Total:                 294      636      512

E:\coding\embedded\embededProject\Debug\Obj\APP: [2]
    display_manager.o       76       32
    input_manager.o         76
    --------------------------------------------
    Total:                 152       32

E:\coding\embedded\embededProject\Debug\Obj\Comm: [3]
    HMI_Comm.o             200
    --------------------------------------------
    Total:                 200

E:\coding\embedded\embededProject\Debug\Obj\HAL\Keypad: [4]
    keypad.o               348       32
    --------------------------------------------
    Total:                 348       32

E:\coding\embedded\embededProject\Debug\Obj\HAL\LCD: [5]
    lcd.o                  464
    --------------------------------------------
    Total:                 464

E:\coding\embedded\embededProject\Debug\Obj\HAL\Potentiometer: [6]
    potentiometer.o        140
    --------------------------------------------
    Total:                 140

E:\coding\embedded\embededProject\Debug\Obj\Utils: [7]
    dio.o                1'248
    --------------------------------------------
    Total:               1'248

dl7M_tln.a: [8]
    exit.o                   4
    low_level_init.o         4
    --------------------------------------------
    Total:                   8

driverlib.a: [9]
    adc.o                  258
    gpio.o                 720
    sysctl.o               740
    uart.o                 162
    --------------------------------------------
    Total:               1'880

m7M_tls.a: [10]
    fpinit_M.o              34
    --------------------------------------------
    Total:                  34

rt7M_tl.a: [11]
    cexit.o                 10
    cmain.o                 30
    cstartup_M.o            28
    --------------------------------------------
    Total:                  68

shb_l.a: [12]
    exit.o                  20
    --------------------------------------------
    Total:                  20

    Gaps                    12
------------------------------------------------
    Grand Total:         4'868      700      512


*******************************************************************************
*** ENTRY LIST
***

Entry                       Address   Size  Type      Object
-----                       -------   ----  ----      ------
?main                        0x1529         Code  Gb  cmain.o [11]
ADCIntClear                  0x13c1    0xa  Code  Gb  adc.o [9]
ADCSequenceConfigure         0x13e5   0x52  Code  Gb  adc.o [9]
ADCSequenceDisable           0x13d5    0x2  Code  Gb  adc.o [9]
ADCSequenceEnable            0x13cb    0xa  Code  Gb  adc.o [9]
ADCSequenceStepConfigure
                             0x1437   0x76  Code  Gb  adc.o [9]
DELAY                        0x102d    0xc  Code  Gb  main.o [1]
DIO_Init                      0x26d  0x29c  Code  Gb  dio.o [7]
DIO_ReadPin                   0x5b5   0x48  Code  Gb  dio.o [7]
DIO_SetPUR                    0x5fd   0xa0  Code  Gb  dio.o [7]
DIO_WritePin                  0x509   0xac  Code  Gb  dio.o [7]
DISPLAY_ClearScreen          0x1235   0x10  Code  Gb  display_manager.o [2]
DISPLAY_Init                 0x11f9    0x8  Code  Gb  display_manager.o [2]
DISPLAY_ShowMainMenu         0x1201   0x1c  Code  Gb  display_manager.o [2]
DISPLAY_ShowMessage          0x121d   0x10  Code  Gb  display_manager.o [2]
DelayMs                       0xd01   0x12  Code  Lc  lcd.o [5]
FaultISR                     0x14df    0x2  Code  Lc  startup_ewarm.o [1]
GPIODirModeSet                0xa31   0x28  Code  Gb  gpio.o [9]
GPIOPadConfigSet              0xa59  0x174  Code  Gb  gpio.o [9]
GPIOPinConfigure              0xc29   0x38  Code  Gb  gpio.o [9]
GPIOPinTypeADC                0xbd3    0x4  Code  Gb  gpio.o [9]
GPIOPinTypeGPIOOutput         0xbf1    0xa  Code  Gb  gpio.o [9]
GPIOPinTypeUART               0xc15   0x14  Code  Gb  gpio.o [9]
GPIOPinWrite                  0xbcd    0x6  Code  Gb  gpio.o [9]
InputManager_GetKey          0x12ff   0x1e  Code  Gb  input_manager.o [2]
IntDefaultHandler            0x14e1    0x2  Code  Lc  startup_ewarm.o [1]
Keypad_GetKey                 0xf41   0xd4  Code  Gb  keypad.o [4]
Keypad_Init                   0xed1   0x70  Code  Gb  keypad.o [4]
LCD_Clear                     0xe89   0x10  Code  Gb  lcd.o [5]
LCD_EnablePulse               0xd13   0x24  Code  Lc  lcd.o [5]
LCD_Init                      0xd77   0xaa  Code  Gb  lcd.o [5]
LCD_Send4Bits                 0xd37   0x40  Code  Lc  lcd.o [5]
LCD_SendCommand               0xe21   0x40  Code  Gb  lcd.o [5]
LCD_SendData                  0xe61   0x28  Code  Gb  lcd.o [5]
LCD_SetCursor                 0xe99   0x22  Code  Gb  lcd.o [5]
LCD_WriteString               0xebb   0x16  Code  Gb  lcd.o [5]
MapKey                       0x12d1   0x2e  Code  Lc  input_manager.o [2]
NmiSR                        0x14dd    0x2  Code  Lc  startup_ewarm.o [1]
PORTF_Handler                0x14e5    0x2  Code  Gb  startup_ewarm.o [1]
Potentiometer_Init           0x1245   0x74  Code  Gb  potentiometer.o [6]
Region$$Table$$Base             0x0          --   Gb  - Linker created -
Region$$Table$$Limit            0x0          --   Gb  - Linker created -
ResetISR                     0x14c5   0x14  Code  Gb  startup_ewarm.o [1]
SysCtlClockGet                0x869  0x110  Code  Gb  sysctl.o [9]
SysCtlClockSet                0x791   0xd8  Code  Gb  sysctl.o [9]
SysCtlDelay                   0x789    0x8  Code  Gb  sysctl.o [9]
SysCtlPeripheralEnable        0x76d    0x8  Code  Gb  sysctl.o [9]
SysCtlPeripheralReady         0x74d    0x8  Code  Gb  sysctl.o [9]
UART5_Init_front             0x1131   0xa6  Code  Gb  HMI_Comm.o [3]
UARTCharGet                  0x13b5    0xa  Code  Gb  uart.o [9]
UARTCharsAvail               0x13a5    0x6  Code  Gb  uart.o [9]
UARTConfigSetExpClk          0x131d   0x4c  Code  Gb  uart.o [9]
UARTDisable                  0x1383   0x1e  Code  Gb  uart.o [9]
UARTEnable                   0x1369   0x1a  Code  Gb  uart.o [9]
__cmain                      0x1529         Code  Gb  cmain.o [11]
__exit                       0x155d   0x14  Code  Gb  exit.o [12]
__iar_init_vfp               0x1505         Code  Gb  fpinit_M.o [10]
__iar_program_start          0x14e9         Code  Gb  cstartup_M.o [11]
__low_level_init             0x1547    0x4  Code  Gb  low_level_init.o [8]
__vector_table                  0x0  0x26c  Data  Gb  startup_ewarm.o [1]
_call_main                   0x1535         Code  Gb  cmain.o [11]
_exit                        0x1551         Code  Gb  cexit.o [11]
exit                         0x154b    0x4  Code  Gb  exit.o [8]
g_pui32GPIOBaseAddrs          0xc70   0x90  Data  Lc  gpio.o [9]
g_pui32Xtals                  0x9c4   0x6c  Data  Lc  sysctl.o [9]
keypad_codes                 0x1588   0x10  Data  Gb  keypad.o [4]
main                         0x1039   0xee  Code  Gb  main.o [1]
pui32Stack              0x2000'0000  0x200  Data  Lc  startup_ewarm.o [1]
systick_ISR                  0x14e3    0x2  Code  Gb  startup_ewarm.o [1]


[1] = E:\coding\embedded\embededProject\Debug\Obj
[2] = E:\coding\embedded\embededProject\Debug\Obj\APP
[3] = E:\coding\embedded\embededProject\Debug\Obj\Comm
[4] = E:\coding\embedded\embededProject\Debug\Obj\HAL\Keypad
[5] = E:\coding\embedded\embededProject\Debug\Obj\HAL\LCD
[6] = E:\coding\embedded\embededProject\Debug\Obj\HAL\Potentiometer
[7] = E:\coding\embedded\embededProject\Debug\Obj\Utils
[8] = dl7M_tln.a
[9] = driverlib.a
[10] = m7M_tls.a
[11] = rt7M_tl.a
[12] = shb_l.a

  4'868 bytes of readonly  code memory
    700 bytes of readonly  data memory
    512 bytes of readwrite data memory

Errors: 4
Warnings: 1
