###############################################################################
#
# IAR ELF Linker V9.10.1.308/W64 for ARM                  18/Dec/2025  22:31:03
# Copyright 2007-2021 IAR Systems AB.
#
#    Output file  =  E:\coding\embedded\embededProject\Debug\Exe\main.out
#    Map file     =  E:\coding\embedded\embededProject\Debug\List\main.map
#    Command line =
#        -f E:\coding\embedded\embededProject\Debug\Exe\main.out.rsp
#        (E:\coding\embedded\embededProject\Debug\Obj\HAL\Keypad\dio.o
#        E:\coding\embedded\embededProject\Debug\Obj\APP\display_manager.o
#        E:\coding\embedded\embededProject\Debug\Obj\UART\HMI_Comm.o
#        E:\coding\embedded\embededProject\Debug\Obj\APP\input_manager.o
#        E:\coding\embedded\embededProject\Debug\Obj\HAL\Keypad\keypad.o
#        E:\coding\embedded\embededProject\Debug\Obj\HAL\LCD\lcd.o
#        E:\coding\embedded\embededProject\Debug\Obj\main.o
#        E:\coding\embedded\embededProject\Debug\Obj\HAL\Potentiometer\potentiometer.o
#        E:\coding\embedded\embededProject\Debug\Obj\APP\potentiometer_manager.o
#        E:\coding\embedded\embededProject\Debug\Obj\startup_ewarm.o
#        E:\coding\embedded\embededProject\Debug\Obj\TIMER\timer.o
#        --no_out_extension -o
#        E:\coding\embedded\embededProject\Debug\Exe\main.out --redirect
#        _Printf=_PrintfFullNoMb --redirect _Scanf=_ScanfFullNoMb --map
#        E:\coding\embedded\embededProject\Debug\List\main.map --config
#        "C:\Program Files\IAR Systems\Embedded Workbench
#        9.0\arm\config\linker\TexasInstruments\TM4C123GH6.icf" --semihosting
#        C:\ti\TivaWare_C_Series-2.2.0.295\driverlib\ewarm\Exe\driverlib.a
#        --entry __iar_program_start --vfe --text_out locale)
#
###############################################################################

*******************************************************************************
*** MESSAGES
***

Warning[Lt009]: Inconsistent wchar_t size
            gpio.o(driverlib.a) and 6 other objects in driverlib.a have wchar_t
                      size 16 bits
            dio.o and 27 other objects, some of them in dl7M_tln.a and 11 other
                      libraries have wchar_t size 32 bits


*******************************************************************************
*** RUNTIME MODEL ATTRIBUTES
***

CppFlavor       = *
__SystemLibrary = DLib
__dlib_version  = 6


*******************************************************************************
*** HEAP SELECTION
***

The basic heap was selected because no calls to memory allocation
functions were found in the application outside of system library
functions, and there are calls to deallocation functions in the
application.


*******************************************************************************
*** PLACEMENT SUMMARY
***

"A0":  place at address 0x0 { ro section .intvec };
"P1":  place in [from 0x0 to 0x3'ffff] { ro };
define block CSTACK with size = 4K, alignment = 8 { };
define block HEAP with size = 8K, alignment = 8 { };
"P2":  place in [from 0x2000'0000 to 0x2000'7fff] {
          rw, block CSTACK, block HEAP };
do not initialize { rw section .noinit };

  Section          Kind         Address    Size  Object
  -------          ----         -------    ----  ------
"A0":                                     0x26c
  .intvec          const            0x0   0x26c  startup_ewarm.o [1]
                                - 0x26c   0x26c

"P1":                                    0x10bc
  .text            ro code        0x26c   0x368  HMI_Comm.o [7]
  .text            ro code        0x5d4   0x2e4  sysctl.o [9]
  .text            ro code        0x8b8   0x2b8  gpio.o [9]
  .text            ro code        0xb70    0xe8  uart.o [9]
  .text            ro code        0xc58    0x84  interrupt.o [9]
  .text            ro code        0xcdc    0x18  strcpy.o [11]
  .text            ro code        0xcf4    0x4c  strtok.o [8]
  .text            ro code        0xd40    0x12  strcmp.o [11]
  .text            ro code        0xd54    0x78  timer.o [6]
  .text            ro code        0xdcc   0x150  iar_Stoulx.o [8]
  .text            ro code        0xf1c    0x66  ABImemset.o [11]
  .text            ro code        0xf84    0xa2  timer.o [9]
  .text            ro code       0x1028     0x8  cpu.o [9]
  .text            ro code       0x1030    0x22  strspn.o [8]
  .text            ro code       0x1052    0x22  strcspn.o [8]
  .text            ro code       0x1074    0x58  memchr.o [11]
  .text            ro code       0x10cc    0xb4  main.o [1]
  .rodata          const         0x1180    0x50  iar_Stoulx.o [8]
  .text            ro code       0x11d0    0x38  zero_init3.o [11]
  .text            ro code       0x1208    0x28  data_init.o [11]
  .text            ro code       0x1230    0x22  startup_ewarm.o [1]
  .text            ro code       0x1254    0x1c  cstartup_M.o [11]
  .text            ro code       0x1270    0x22  fpinit_M.o [10]
  .text            ro code       0x1294    0x1e  cmain.o [11]
  .text            ro code       0x12b2     0x4  low_level_init.o [8]
  .text            ro code       0x12b6     0x4  exit.o [8]
  .text            ro code       0x12bc     0xa  cexit.o [11]
  .text            ro code       0x12c8    0x14  exit.o [12]
  .iar.init_table  const         0x12dc    0x10  - Linker created -
  .rodata          const         0x12ec     0xc  HMI_Comm.o [7]
  .rodata          const         0x12f8     0xc  HMI_Comm.o [7]
  .rodata          const         0x1304     0xc  HMI_Comm.o [7]
  .rodata          const         0x1310     0x8  HMI_Comm.o [7]
  .rodata          const         0x1318     0x8  HMI_Comm.o [7]
  .rodata          const         0x1320     0x8  HMI_Comm.o [7]
  .rodata          const         0x1328     0x0  zero_init3.o [11]
                               - 0x1328  0x10bc

"P2", part 1 of 2:                         0x48
  .bss             zero     0x2000'0000    0x40  HMI_Comm.o [7]
  .bss             zero     0x2000'0040     0x4  strtok.o [8]
  .bss             zero     0x2000'0044     0x2  HMI_Comm.o [7]
  .bss             zero     0x2000'0046     0x1  HMI_Comm.o [7]
  .bss             zero     0x2000'0047     0x1  HMI_Comm.o [7]
                          - 0x2000'0048    0x48

"P2", part 2 of 2:                        0x200
  .noinit          uninit   0x2000'0048   0x200  startup_ewarm.o [1]
                          - 0x2000'0248   0x200

Unused ranges:

         From           To      Size
         ----           --      ----
       0x1328     0x3'ffff  0x3'ecd8
  0x2000'0248  0x2000'7fff    0x7db8


*******************************************************************************
*** INIT TABLE
***

          Address      Size
          -------      ----
Zero (__iar_zero_init3)
    1 destination range, total size 0x48:
          0x2000'0000  0x48



*******************************************************************************
*** MODULE SUMMARY
***

    Module            ro code  ro data  rw data
    ------            -------  -------  -------
command line/config:
    -------------------------------------------
    Total:

E:\coding\embedded\embededProject\Debug\Obj: [1]
    main.o                180
    startup_ewarm.o        34      620      512
    -------------------------------------------
    Total:                214      620      512

E:\coding\embedded\embededProject\Debug\Obj\APP: [2]
    -------------------------------------------
    Total:

E:\coding\embedded\embededProject\Debug\Obj\HAL\Keypad: [3]
    -------------------------------------------
    Total:

E:\coding\embedded\embededProject\Debug\Obj\HAL\LCD: [4]
    -------------------------------------------
    Total:

E:\coding\embedded\embededProject\Debug\Obj\HAL\Potentiometer: [5]
    -------------------------------------------
    Total:

E:\coding\embedded\embededProject\Debug\Obj\TIMER: [6]
    timer.o               120
    -------------------------------------------
    Total:                120

E:\coding\embedded\embededProject\Debug\Obj\UART: [7]
    HMI_Comm.o            872       60       68
    -------------------------------------------
    Total:                872       60       68

dl7M_tln.a: [8]
    exit.o                  4
    iar_Stoulx.o          336       80
    low_level_init.o        4
    strcspn.o              34
    strspn.o               34
    strtok.o               76                 4
    -------------------------------------------
    Total:                488       80        4

driverlib.a: [9]
    cpu.o                   8
    gpio.o                696
    interrupt.o           132
    sysctl.o              740
    timer.o               162
    uart.o                232
    -------------------------------------------
    Total:              1'970

m7M_tls.a: [10]
    fpinit_M.o             34
    -------------------------------------------
    Total:                 34

rt7M_tl.a: [11]
    ABImemset.o           102
    cexit.o                10
    cmain.o                30
    cstartup_M.o           28
    data_init.o            40
    memchr.o               88
    strcmp.o               18
    strcpy.o               24
    zero_init3.o           56
    -------------------------------------------
    Total:                396

shb_l.a: [12]
    exit.o                 20
    -------------------------------------------
    Total:                 20

    Gaps                   14
    Linker created                  16
-----------------------------------------------
    Grand Total:        4'128      776      584


*******************************************************************************
*** ENTRY LIST
***

Entry                       Address   Size  Type      Object
-----                       -------   ----  ----      ------
.iar.init_table$$Base        0x12dc          --   Gb  - Linker created -
.iar.init_table$$Limit       0x12ec          --   Gb  - Linker created -
?main                        0x1295         Code  Gb  cmain.o [11]
Activate_Lockout              0x50f   0x22  Code  Gb  HMI_Comm.o [7]
CPUcpsie                     0x1029    0x8  Code  Gb  cpu.o [9]
Door_Lock                     0x567    0xe  Code  Gb  HMI_Comm.o [7]
Door_Unlock                   0x4fb   0x14  Code  Gb  HMI_Comm.o [7]
EEPROMWriteByte               0x4f9    0x2  Code  Gb  HMI_Comm.o [7]
FaultISR                     0x124b    0x2  Code  Lc  startup_ewarm.o [1]
GPIODirModeSet                0x8b9   0x28  Code  Gb  gpio.o [9]
GPIOPadConfigSet              0x8e1  0x174  Code  Gb  gpio.o [9]
GPIOPinConfigure              0xa97   0x38  Code  Gb  gpio.o [9]
GPIOPinTypeGPIOOutput         0xa5f    0xa  Code  Gb  gpio.o [9]
GPIOPinTypeUART               0xa83   0x14  Code  Gb  gpio.o [9]
GPIOPinWrite                  0xa55    0x6  Code  Gb  gpio.o [9]
IntDefaultHandler            0x124d    0x2  Code  Lc  startup_ewarm.o [1]
IntEnable                     0xc69   0x56  Code  Gb  interrupt.o [9]
IntMasterEnable               0xc59    0x8  Code  Gb  interrupt.o [9]
LED_Init                     0x10cd   0x4a  Code  Gb  main.o [1]
NmiSR                        0x1249    0x2  Code  Lc  startup_ewarm.o [1]
PORTF_Handler                0x1251    0x2  Code  Gb  startup_ewarm.o [1]
PROCESS_MESSAGE               0x363  0x17e  Code  Gb  HMI_Comm.o [7]
Region$$Table$$Base          0x12dc          --   Gb  - Linker created -
Region$$Table$$Limit         0x12ec          --   Gb  - Linker created -
ResetISR                     0x1231   0x14  Code  Gb  startup_ewarm.o [1]
SavePasswordToEEPROM          0x531   0x24  Code  Gb  HMI_Comm.o [7]
SaveTimeoutToEEPROM           0x555   0x12  Code  Gb  HMI_Comm.o [7]
SysCtlClockGet                0x6f1  0x110  Code  Gb  sysctl.o [9]
SysCtlClockSet                0x619   0xd8  Code  Gb  sysctl.o [9]
SysCtlDelay                   0x611    0x8  Code  Gb  sysctl.o [9]
SysCtlPeripheralEnable        0x5f5    0x8  Code  Gb  sysctl.o [9]
SysCtlPeripheralReady         0x5d5    0x8  Code  Gb  sysctl.o [9]
Timer0A_Handler               0xd87   0x1a  Code  Gb  timer.o [6]
Timer0A_Init                  0xd55   0x32  Code  Gb  timer.o [6]
TimerConfigure                0xf9d   0x52  Code  Gb  timer.o [9]
TimerDisable                  0xf91    0xc  Code  Gb  timer.o [9]
TimerEnable                   0xf85    0xc  Code  Gb  timer.o [9]
TimerIntClear                0x1023    0x4  Code  Gb  timer.o [9]
TimerIntEnable               0x1011    0x4  Code  Gb  timer.o [9]
TimerLoadSet                 0x1001   0x10  Code  Gb  timer.o [9]
TimerStart                    0xda1   0x20  Code  Gb  timer.o [6]
UART1_Handler                 0x303   0x60  Code  Gb  HMI_Comm.o [7]
UART1_Init                    0x26d   0x96  Code  Gb  HMI_Comm.o [7]
UART1_SendString              0x4e1   0x18  Code  Gb  HMI_Comm.o [7]
UARTCharGetNonBlocking        0xc1b    0xe  Code  Gb  uart.o [9]
UARTCharPut                   0xc29    0xa  Code  Gb  uart.o [9]
UARTCharsAvail                0xc0b    0x6  Code  Gb  uart.o [9]
UARTConfigSetExpClk           0xb71   0x4c  Code  Gb  uart.o [9]
UARTDisable                   0xbd7   0x1e  Code  Gb  uart.o [9]
UARTEnable                    0xbbd   0x1a  Code  Gb  uart.o [9]
UARTFIFOEnable                0xbf9    0xc  Code  Gb  uart.o [9]
UARTIntClear                  0xc4f    0x4  Code  Gb  uart.o [9]
UARTIntDisable                0xc39    0x4  Code  Gb  uart.o [9]
UARTIntEnable                 0xc33    0x6  Code  Gb  uart.o [9]
UARTIntStatus                 0xc45    0xa  Code  Gb  uart.o [9]
UARTRxErrorClear              0xc53    0x6  Code  Gb  uart.o [9]
_Strtok_ssave           0x2000'0040    0x4  Data  Lc  strtok.o [8]
__aeabi_memset                0xf1d         Code  Gb  ABImemset.o [11]
__cmain                      0x1295         Code  Gb  cmain.o [11]
__exit                       0x12c9   0x14  Code  Gb  exit.o [12]
__iar_Memchr                 0x1075         Code  Gb  memchr.o [11]
__iar_Memset                  0xf1d         Code  Gb  ABImemset.o [11]
__iar_Memset_word             0xf25         Code  Gb  ABImemset.o [11]
__iar_Stoulx                  0xdcd  0x13e  Code  Gb  iar_Stoulx.o [8]
__iar_data_init3             0x1209   0x28  Code  Gb  data_init.o [11]
__iar_init_vfp               0x1271         Code  Gb  fpinit_M.o [10]
__iar_program_start          0x1255         Code  Gb  cstartup_M.o [11]
__iar_zero_init3             0x11d1   0x38  Code  Gb  zero_init3.o [11]
__low_level_init             0x12b3    0x4  Code  Gb  low_level_init.o [8]
__vector_table                  0x0  0x26c  Data  Gb  startup_ewarm.o [1]
_call_main                   0x12a1         Code  Gb  cmain.o [11]
_exit                        0x12bd         Code  Gb  cexit.o [11]
atoi                          0xf11    0x2  Code  Gb  iar_Stoulx.o [8]
digits                       0x11a8   0x28  Data  Lc  iar_Stoulx.o [8]
exit                         0x12b7    0x4  Code  Gb  exit.o [8]
failedAttempts          0x2000'0044    0x2  Data  Gb  HMI_Comm.o [7]
g_pui32EnRegs                 0xcc8   0x14  Data  Lc  interrupt.o [9]
g_pui32GPIOBaseAddrs          0xae0   0x90  Data  Lc  gpio.o [9]
g_pui32Xtals                  0x84c   0x6c  Data  Lc  sysctl.o [9]
main                         0x1117   0x58  Code  Gb  main.o [1]
memchr                       0x1075         Code  Gb  memchr.o [11]
messageReady            0x2000'0047    0x1  Data  Gb  HMI_Comm.o [7]
ndigs                        0x1180   0x28  Data  Lc  iar_Stoulx.o [8]
pui32Stack              0x2000'0048  0x200  Data  Lc  startup_ewarm.o [1]
rxBuffer                0x2000'0000   0x40  Data  Gb  HMI_Comm.o [7]
rxIndex                 0x2000'0046    0x1  Data  Gb  HMI_Comm.o [7]
strcmp                        0xd41         Code  Gb  strcmp.o [11]
strcpy                        0xcdd         Code  Gb  strcpy.o [11]
strcspn                      0x1053   0x22  Code  Gb  strcspn.o [8]
strspn                       0x1031   0x22  Code  Gb  strspn.o [8]
strtok                        0xcf5   0x4c  Code  Gb  strtok.o [8]
systick_ISR                  0x124f    0x2  Code  Gb  startup_ewarm.o [1]


[1] = E:\coding\embedded\embededProject\Debug\Obj
[2] = E:\coding\embedded\embededProject\Debug\Obj\APP
[3] = E:\coding\embedded\embededProject\Debug\Obj\HAL\Keypad
[4] = E:\coding\embedded\embededProject\Debug\Obj\HAL\LCD
[5] = E:\coding\embedded\embededProject\Debug\Obj\HAL\Potentiometer
[6] = E:\coding\embedded\embededProject\Debug\Obj\TIMER
[7] = E:\coding\embedded\embededProject\Debug\Obj\UART
[8] = dl7M_tln.a
[9] = driverlib.a
[10] = m7M_tls.a
[11] = rt7M_tl.a
[12] = shb_l.a

  4'128 bytes of readonly  code memory
    776 bytes of readonly  data memory
    584 bytes of readwrite data memory

Errors: none
Warnings: 1
