###############################################################################
#
# IAR ELF Linker V9.10.1.308/W64 for ARM                  10/Dec/2025  22:07:36
# Copyright 2007-2021 IAR Systems AB.
#
#    Output file  =  E:\coding\embedded\embededProject\Debug\Exe\main.out
#    Map file     =  E:\coding\embedded\embededProject\Debug\List\main.map
#    Command line =
#        -f E:\coding\embedded\embededProject\Debug\Exe\main.out.rsp
#        (E:\coding\embedded\embededProject\Debug\Obj\Utils\dio.o
#        E:\coding\embedded\embededProject\Debug\Obj\APP\display_manager.o
#        E:\coding\embedded\embededProject\Debug\Obj\Comm\HMI_Comm.o
#        E:\coding\embedded\embededProject\Debug\Obj\APP\input_manager.o
#        E:\coding\embedded\embededProject\Debug\Obj\HAL\Keypad\keypad.o
#        E:\coding\embedded\embededProject\Debug\Obj\HAL\LCD\lcd.o
#        E:\coding\embedded\embededProject\Debug\Obj\main.o
#        E:\coding\embedded\embededProject\Debug\Obj\HAL\Potentiometer\potentiometer.o
#        E:\coding\embedded\embededProject\Debug\Obj\APP\potentiometer_manager.o
#        E:\coding\embedded\embededProject\Debug\Obj\startup_ewarm.o
#        --no_out_extension -o
#        E:\coding\embedded\embededProject\Debug\Exe\main.out --redirect
#        _Printf=_PrintfFullNoMb --redirect _Scanf=_ScanfFullNoMb --map
#        E:\coding\embedded\embededProject\Debug\List\main.map --config
#        "C:\Program Files\IAR Systems\Embedded Workbench
#        9.0\arm\config\linker\TexasInstruments\TM4C123GH6.icf" --semihosting
#        C:\ti\TivaWare_C_Series-2.2.0.295\driverlib\ewarm\Exe\driverlib.a
#        --entry __iar_program_start --vfe --text_out locale)
#
###############################################################################

*******************************************************************************
*** MESSAGES
***

Warning[Lt009]: Inconsistent wchar_t size
            sysctl.o(driverlib.a) and 5 other objects in driverlib.a have
                      wchar_t size 16 bits
            dio.o and 22 other objects, some of them in dl7M_tln.a and 11 other
                      libraries have wchar_t size 32 bits


*******************************************************************************
*** RUNTIME MODEL ATTRIBUTES
***

CppFlavor       = *
__SystemLibrary = DLib
__dlib_version  = 6


*******************************************************************************
*** HEAP SELECTION
***

The basic heap was selected because no calls to memory allocation
functions were found in the application outside of system library
functions, and there are calls to deallocation functions in the
application.


*******************************************************************************
*** PLACEMENT SUMMARY
***

"A0":  place at address 0x0 { ro section .intvec };
"P1":  place in [from 0x0 to 0x3'ffff] { ro };
define block CSTACK with size = 4K, alignment = 8 { };
define block HEAP with size = 8K, alignment = 8 { };
"P2":  place in [from 0x2000'0000 to 0x2000'7fff] {
          rw, block CSTACK, block HEAP };
do not initialize { rw section .noinit };

  Section          Kind         Address   Size  Object
  -------          ----         -------   ----  ------
"A0":                                    0x26c
  .intvec          const            0x0  0x26c  startup_ewarm.o [1]
                                - 0x26c  0x26c

"P1":                                    0xafc
  .text            ro code        0x26c  0x4d8  dio.o [7]
  .text            ro code        0x744  0x1e8  keypad.o [4]
  .text            ro code        0x92c  0x1ce  lcd.o [5]
  .text            ro code        0xafc    0x8  sysctl.o [9]
  .text            ro code        0xb04   0x6c  display_manager.o [2]
  .text            ro code        0xb70   0x48  main.o [1]
  .text            ro code        0xbb8   0x44  input_manager.o [2]
  .text            ro code        0xbfc   0x38  zero_init3.o [11]
  .text            ro code        0xc34   0x28  data_init.o [11]
  .text            ro code        0xc5c   0x22  startup_ewarm.o [1]
  .text            ro code        0xc80   0x1c  cstartup_M.o [11]
  .text            ro code        0xc9c   0x22  fpinit_M.o [10]
  .text            ro code        0xcc0   0x1e  cmain.o [11]
  .text            ro code        0xcde    0x4  low_level_init.o [8]
  .text            ro code        0xce2    0x4  exit.o [8]
  .text            ro code        0xce8    0xa  cexit.o [11]
  .text            ro code        0xcf4   0x14  exit.o [12]
  .iar.init_table  const          0xd08   0x10  - Linker created -
  .rodata          const          0xd18   0x18  display_manager.o [2]
  .rodata          const          0xd30   0x10  keypad.o [4]
  .rodata          const          0xd40   0x10  main.o [1]
  .rodata          const          0xd50    0x8  display_manager.o [2]
  .rodata          const          0xd58    0x4  keypad.o [4]
  .rodata          const          0xd5c    0x4  keypad.o [4]
  .rodata          const          0xd60    0x4  keypad.o [4]
  .rodata          const          0xd64    0x4  keypad.o [4]
  .rodata          const          0xd68    0x0  zero_init3.o [11]
                                - 0xd68  0xafc

"P2", part 1 of 2:                         0x4
  .bss             zero     0x2000'0000    0x1  display_manager.o [2]
  .bss             zero     0x2000'0001    0x1  keypad.o [4]
                          - 0x2000'0002    0x2

"P2", part 2 of 2:                       0x200
  .noinit          uninit   0x2000'0004  0x200  startup_ewarm.o [1]
                          - 0x2000'0204  0x200

Unused ranges:

         From           To      Size
         ----           --      ----
        0xd68     0x3'ffff  0x3'f298
  0x2000'0204  0x2000'7fff    0x7dfc


*******************************************************************************
*** INIT TABLE
***

          Address      Size
          -------      ----
Zero (__iar_zero_init3)
    1 destination range, total size 0x2:
          0x2000'0000   0x2



*******************************************************************************
*** MODULE SUMMARY
***

    Module             ro code  ro data  rw data
    ------             -------  -------  -------
command line/config:
    --------------------------------------------
    Total:

E:\coding\embedded\embededProject\Debug\Obj: [1]
    main.o                  72       16
    startup_ewarm.o         34      620      512
    --------------------------------------------
    Total:                 106      636      512

E:\coding\embedded\embededProject\Debug\Obj\APP: [2]
    display_manager.o      108       32        1
    input_manager.o         68
    --------------------------------------------
    Total:                 176       32        1

E:\coding\embedded\embededProject\Debug\Obj\Comm: [3]
    --------------------------------------------
    Total:

E:\coding\embedded\embededProject\Debug\Obj\HAL\Keypad: [4]
    keypad.o               488       32        1
    --------------------------------------------
    Total:                 488       32        1

E:\coding\embedded\embededProject\Debug\Obj\HAL\LCD: [5]
    lcd.o                  462
    --------------------------------------------
    Total:                 462

E:\coding\embedded\embededProject\Debug\Obj\HAL\Potentiometer: [6]
    --------------------------------------------
    Total:

E:\coding\embedded\embededProject\Debug\Obj\Utils: [7]
    dio.o                1'240
    --------------------------------------------
    Total:               1'240

dl7M_tln.a: [8]
    exit.o                   4
    low_level_init.o         4
    --------------------------------------------
    Total:                   8

driverlib.a: [9]
    sysctl.o                 8
    --------------------------------------------
    Total:                   8

m7M_tls.a: [10]
    fpinit_M.o              34
    --------------------------------------------
    Total:                  34

rt7M_tl.a: [11]
    cexit.o                 10
    cmain.o                 30
    cstartup_M.o            28
    data_init.o             40
    zero_init3.o            56
    --------------------------------------------
    Total:                 164

shb_l.a: [12]
    exit.o                  20
    --------------------------------------------
    Total:                  20

    Gaps                    10
    Linker created                   16
------------------------------------------------
    Grand Total:         2'716      716      514


*******************************************************************************
*** ENTRY LIST
***

Entry                       Address   Size  Type      Object
-----                       -------   ----  ----      ------
.iar.init_table$$Base         0xd08          --   Gb  - Linker created -
.iar.init_table$$Limit        0xd18          --   Gb  - Linker created -
?main                         0xcc1         Code  Gb  cmain.o [11]
DIO_Init                      0x26d  0x29a  Code  Gb  dio.o [7]
DIO_ReadPin                   0x5af   0x48  Code  Gb  dio.o [7]
DIO_SetPUR                    0x5f7   0x9c  Code  Gb  dio.o [7]
DIO_WritePin                  0x507   0xa8  Code  Gb  dio.o [7]
DISPLAY_ClearScreen           0xb53   0x10  Code  Gb  display_manager.o [2]
DISPLAY_HandleKey             0xb0d   0x1a  Code  Gb  display_manager.o [2]
DISPLAY_Init                  0xb05    0x8  Code  Gb  display_manager.o [2]
DISPLAY_ShowMainMenu          0xb27   0x1c  Code  Gb  display_manager.o [2]
DISPLAY_ShowMessage           0xb43   0x10  Code  Gb  display_manager.o [2]
DelayMs                       0x92d    0xe  Code  Lc  lcd.o [5]
FaultISR                      0xc77    0x2  Code  Lc  startup_ewarm.o [1]
GPIOPortA_Handler             0x925    0x8  Code  Gb  keypad.o [4]
InputManager_GetKey           0xbe3   0x1a  Code  Gb  input_manager.o [2]
IntDefaultHandler             0xc79    0x2  Code  Lc  startup_ewarm.o [1]
Keypad_GetKey                 0x829    0xe  Code  Gb  keypad.o [4]
Keypad_Init                   0x745   0xe4  Code  Gb  keypad.o [4]
Keypad_RowISR                 0x837   0xb8  Code  Gb  keypad.o [4]
LCD_Clear                     0xab1   0x10  Code  Gb  lcd.o [5]
LCD_EnablePulse               0x93b   0x24  Code  Lc  lcd.o [5]
LCD_Init                      0x99f   0xaa  Code  Gb  lcd.o [5]
LCD_Send4Bits                 0x95f   0x40  Code  Lc  lcd.o [5]
LCD_SendCommand               0xa49   0x3e  Code  Gb  lcd.o [5]
LCD_SendData                  0xa87   0x2a  Code  Gb  lcd.o [5]
LCD_SetCursor                 0xac1   0x1a  Code  Gb  lcd.o [5]
LCD_WriteChar                 0xaf1    0xa  Code  Gb  lcd.o [5]
LCD_WriteString               0xadb   0x16  Code  Gb  lcd.o [5]
MapKey                        0xbb9   0x2a  Code  Lc  input_manager.o [2]
NmiSR                         0xc75    0x2  Code  Lc  startup_ewarm.o [1]
PORTF_Handler                 0xc7d    0x2  Code  Gb  startup_ewarm.o [1]
Region$$Table$$Base           0xd08          --   Gb  - Linker created -
Region$$Table$$Limit          0xd18          --   Gb  - Linker created -
ResetISR                      0xc5d   0x14  Code  Gb  startup_ewarm.o [1]
SysCtlDelay                   0xafd    0x8  Code  Gb  sysctl.o [9]
__cmain                       0xcc1         Code  Gb  cmain.o [11]
__exit                        0xcf5   0x14  Code  Gb  exit.o [12]
__iar_data_init3              0xc35   0x28  Code  Gb  data_init.o [11]
__iar_init_vfp                0xc9d         Code  Gb  fpinit_M.o [10]
__iar_program_start           0xc81         Code  Gb  cstartup_M.o [11]
__iar_zero_init3              0xbfd   0x38  Code  Gb  zero_init3.o [11]
__low_level_init              0xcdf    0x4  Code  Gb  low_level_init.o [8]
__vector_table                  0x0  0x26c  Data  Gb  startup_ewarm.o [1]
_call_main                    0xccd         Code  Gb  cmain.o [11]
_exit                         0xce9         Code  Gb  cexit.o [11]
exit                          0xce3    0x4  Code  Gb  exit.o [8]
keypad_codes                  0xd30   0x10  Data  Gb  keypad.o [4]
last_key_pressed        0x2000'0001    0x1  Data  Lc  keypad.o [4]
main                          0xb71   0x48  Code  Gb  main.o [1]
password_mode           0x2000'0000    0x1  Data  Lc  display_manager.o [2]
pui32Stack              0x2000'0004  0x200  Data  Lc  startup_ewarm.o [1]
systick_ISR                   0xc7b    0x2  Code  Gb  startup_ewarm.o [1]


[1] = E:\coding\embedded\embededProject\Debug\Obj
[2] = E:\coding\embedded\embededProject\Debug\Obj\APP
[3] = E:\coding\embedded\embededProject\Debug\Obj\Comm
[4] = E:\coding\embedded\embededProject\Debug\Obj\HAL\Keypad
[5] = E:\coding\embedded\embededProject\Debug\Obj\HAL\LCD
[6] = E:\coding\embedded\embededProject\Debug\Obj\HAL\Potentiometer
[7] = E:\coding\embedded\embededProject\Debug\Obj\Utils
[8] = dl7M_tln.a
[9] = driverlib.a
[10] = m7M_tls.a
[11] = rt7M_tl.a
[12] = shb_l.a

  2'716 bytes of readonly  code memory
    716 bytes of readonly  data memory
    514 bytes of readwrite data memory

Errors: none
Warnings: 1
