###############################################################################
#
# IAR ELF Linker V9.10.1.308/W64 for ARM                  15/Dec/2025  21:28:29
# Copyright 2007-2021 IAR Systems AB.
#
#    Output file  =  E:\coding\embedded\embededProject\Debug\Exe\main.out
#    Map file     =  E:\coding\embedded\embededProject\Debug\List\main.map
#    Command line =
#        -f E:\coding\embedded\embededProject\Debug\Exe\main.out.rsp
#        (E:\coding\embedded\embededProject\Debug\Obj\Utils\dio.o
#        E:\coding\embedded\embededProject\Debug\Obj\APP\display_manager.o
#        E:\coding\embedded\embededProject\Debug\Obj\Comm\HMI_Comm.o
#        E:\coding\embedded\embededProject\Debug\Obj\APP\input_manager.o
#        E:\coding\embedded\embededProject\Debug\Obj\HAL\Keypad\keypad.o
#        E:\coding\embedded\embededProject\Debug\Obj\HAL\LCD\lcd.o
#        E:\coding\embedded\embededProject\Debug\Obj\main.o
#        E:\coding\embedded\embededProject\Debug\Obj\HAL\Potentiometer\potentiometer.o
#        E:\coding\embedded\embededProject\Debug\Obj\APP\potentiometer_manager.o
#        E:\coding\embedded\embededProject\Debug\Obj\startup_ewarm.o
#        --no_out_extension -o
#        E:\coding\embedded\embededProject\Debug\Exe\main.out --redirect
#        _Printf=_PrintfFullNoMb --redirect _Scanf=_ScanfFullNoMb --map
#        E:\coding\embedded\embededProject\Debug\List\main.map --config
#        "C:\Program Files\IAR Systems\Embedded Workbench
#        9.0\arm\config\linker\TexasInstruments\TM4C123GH6.icf" --semihosting
#        C:\ti\TivaWare_C_Series-2.2.0.295\driverlib\ewarm\Exe\driverlib.a
#        --entry __iar_program_start --vfe --text_out locale)
#
###############################################################################

*******************************************************************************
*** MESSAGES
***

Warning[Lt009]: Inconsistent wchar_t size
            sysctl.o(driverlib.a) and 5 other objects in driverlib.a have
                      wchar_t size 16 bits
            dio.o and 22 other objects, some of them in dl7M_tln.a and 11 other
                      libraries have wchar_t size 32 bits


*******************************************************************************
*** RUNTIME MODEL ATTRIBUTES
***

CppFlavor       = *
__SystemLibrary = DLib
__dlib_version  = 6


*******************************************************************************
*** HEAP SELECTION
***

The basic heap was selected because no calls to memory allocation
functions were found in the application outside of system library
functions, and there are calls to deallocation functions in the
application.


*******************************************************************************
*** PLACEMENT SUMMARY
***

"A0":  place at address 0x0 { ro section .intvec };
"P1":  place in [from 0x0 to 0x3'ffff] { ro };
define block CSTACK with size = 4K, alignment = 8 { };
define block HEAP with size = 8K, alignment = 8 { };
"P2":  place in [from 0x2000'0000 to 0x2000'7fff] {
          rw, block CSTACK, block HEAP };
do not initialize { rw section .noinit };
initialize by copy { rw };

  Section            Kind         Address    Size  Object
  -------            ----         -------    ----  ------
"A0":                                       0x26c
  .intvec            const            0x0   0x26c  startup_ewarm.o [1]
                                  - 0x26c   0x26c

"P1":                                      0x1848
  .text              ro code        0x26c   0x4d8  dio.o [7]
  .text              ro code        0x744   0x314  display_manager.o [2]
  .text              ro code        0xa58   0x1ce  lcd.o [5]
  .text              ro code        0xc26    0x2a  copy_init3.o [11]
  .text              ro code        0xc50     0x6  ABImemclr.o [11]
  .text              ro code        0xc56    0x44  input_manager.o [2]
  .text              ro code        0xc9c   0x1f0  sysctl.o [9]
  .text              ro code        0xe8c    0x12  strcmp.o [11]
  .text              ro code        0xea0   0x114  potentiometer_manager.o [2]
  .text              ro code        0xfb4    0x66  ABImemset.o [11]
  .text              ro code       0x101c    0x80  HMI_Comm.o [3]
  .text              ro code       0x109c   0x144  keypad.o [4]
  .text              ro code       0x11e0    0xec  potentiometer.o [6]
  .text              ro code       0x12cc   0x2b0  gpio.o [9]
  .text              ro code       0x157c    0x92  uart.o [9]
  .text              ro code       0x1610   0x170  adc.o [9]
  .text              ro code       0x1780    0xe8  main.o [1]
  .text              ro code       0x1868    0x28  data_init.o [11]
  .text              ro code       0x1890    0x22  startup_ewarm.o [1]
  .text              ro code       0x18b4    0x1c  cstartup_M.o [11]
  .text              ro code       0x18d0    0x22  fpinit_M.o [10]
  .text              ro code       0x18f4    0x1e  cmain.o [11]
  .text              ro code       0x1912     0x4  low_level_init.o [8]
  .text              ro code       0x1916     0x4  exit.o [8]
  .text              ro code       0x191c     0xa  cexit.o [11]
  .text              ro code       0x1928    0x14  exit.o [12]
  .iar.init_table    const         0x193c    0x14  - Linker created -
  .rodata            const         0x1950    0x14  display_manager.o [2]
  .rodata            const         0x1964    0x14  display_manager.o [2]
  .rodata            const         0x1978    0x14  display_manager.o [2]
  .rodata            const         0x198c    0x14  display_manager.o [2]
  .rodata            const         0x19a0    0x14  display_manager.o [2]
  .rodata            const         0x19b4    0x14  display_manager.o [2]
  .rodata            const         0x19c8    0x10  display_manager.o [2]
  .rodata            const         0x19d8    0x10  display_manager.o [2]
  .rodata            const         0x19e8    0x10  display_manager.o [2]
  .rodata            const         0x19f8    0x10  display_manager.o [2]
  .rodata            const         0x1a08    0x10  display_manager.o [2]
  .rodata            const         0x1a18    0x10  keypad.o [4]
  .rodata            const         0x1a28    0x10  main.o [1]
  .rodata            const         0x1a38    0x10  potentiometer_manager.o [2]
  .rodata            const         0x1a48    0x10  potentiometer_manager.o [2]
  .rodata            const         0x1a58     0xc  display_manager.o [2]
  .rodata            const         0x1a64     0xc  display_manager.o [2]
  .rodata            const         0x1a70     0xc  display_manager.o [2]
  .rodata            const         0x1a7c     0xc  potentiometer_manager.o [2]
  .rodata            const         0x1a88     0x8  display_manager.o [2]
  .rodata            const         0x1a90     0x8  potentiometer_manager.o [2]
  .rodata            const         0x1a98     0x8  potentiometer_manager.o [2]
  .rodata            const         0x1aa0     0x4  keypad.o [4]
  .rodata            const         0x1aa4     0x4  keypad.o [4]
  .rodata            const         0x1aa8     0x4  keypad.o [4]
  .rodata            const         0x1aac     0x4  keypad.o [4]
  Initializer bytes  const         0x1ab0     0x4  <for P2-1>
  .rodata            const         0x1ab4     0x0  copy_init3.o [11]
                                 - 0x1ab4  0x1848

"P2", part 1 of 2:                            0x4
  P2-1                        0x2000'0000     0x1  <Init block>
    .data            inited   0x2000'0000     0x1  potentiometer_manager.o [2]
                            - 0x2000'0001     0x1

"P2", part 2 of 2:                          0x200
  .noinit            uninit   0x2000'0004   0x200  startup_ewarm.o [1]
                            - 0x2000'0204   0x200

Unused ranges:

         From           To      Size
         ----           --      ----
       0x1ab4     0x3'ffff  0x3'e54c
  0x2000'0204  0x2000'7fff    0x7dfc


*******************************************************************************
*** INIT TABLE
***

          Address      Size
          -------      ----
Copy (__iar_copy_init3)
    1 source range, total size 0x4 (400% of destination):
               0x1ab0   0x4
    1 destination range, total size 0x1:
          0x2000'0000   0x1



*******************************************************************************
*** MODULE SUMMARY
***

    Module                   ro code  ro data  rw data
    ------                   -------  -------  -------
command line/config:
    --------------------------------------------------
    Total:

E:\coding\embedded\embededProject\Debug\Obj: [1]
    main.o                       232       16
    startup_ewarm.o               34      620      512
    --------------------------------------------------
    Total:                       266      636      512

E:\coding\embedded\embededProject\Debug\Obj\APP: [2]
    display_manager.o            788      244
    input_manager.o               68
    potentiometer_manager.o      276       61        1
    --------------------------------------------------
    Total:                     1'132      305        1

E:\coding\embedded\embededProject\Debug\Obj\Comm: [3]
    HMI_Comm.o                   128
    --------------------------------------------------
    Total:                       128

E:\coding\embedded\embededProject\Debug\Obj\HAL\Keypad: [4]
    keypad.o                     324       32
    --------------------------------------------------
    Total:                       324       32

E:\coding\embedded\embededProject\Debug\Obj\HAL\LCD: [5]
    lcd.o                        462
    --------------------------------------------------
    Total:                       462

E:\coding\embedded\embededProject\Debug\Obj\HAL\Potentiometer: [6]
    potentiometer.o              236
    --------------------------------------------------
    Total:                       236

E:\coding\embedded\embededProject\Debug\Obj\Utils: [7]
    dio.o                      1'240
    --------------------------------------------------
    Total:                     1'240

dl7M_tln.a: [8]
    exit.o                         4
    low_level_init.o               4
    --------------------------------------------------
    Total:                         8

driverlib.a: [9]
    adc.o                        368
    gpio.o                       688
    sysctl.o                     496
    uart.o                       146
    --------------------------------------------------
    Total:                     1'698

m7M_tls.a: [10]
    fpinit_M.o                    34
    --------------------------------------------------
    Total:                        34

rt7M_tl.a: [11]
    ABImemclr.o                    6
    ABImemset.o                  102
    cexit.o                       10
    cmain.o                       30
    copy_init3.o                  42
    cstartup_M.o                  28
    data_init.o                   40
    strcmp.o                      18
    --------------------------------------------------
    Total:                       276

shb_l.a: [12]
    exit.o                        20
    --------------------------------------------------
    Total:                        20

    Gaps                          16
    Linker created                         23
------------------------------------------------------
    Grand Total:               5'840      996      513


*******************************************************************************
*** ENTRY LIST
***

Entry                       Address   Size  Type      Object
-----                       -------   ----  ----      ------
.iar.init_table$$Base        0x193c          --   Gb  - Linker created -
.iar.init_table$$Limit       0x1950          --   Gb  - Linker created -
?main                        0x18f5         Code  Gb  cmain.o [11]
ADCIntClear                  0x163b    0xa  Code  Gb  adc.o [9]
ADCIntStatus                 0x1611   0x2a  Code  Gb  adc.o [9]
ADCProcessorTrigger          0x175b   0x1c  Code  Gb  adc.o [9]
ADCSequenceConfigure         0x165f   0x52  Code  Gb  adc.o [9]
ADCSequenceDataGet           0x173d   0x1e  Code  Gb  adc.o [9]
ADCSequenceDisable           0x164f    0x2  Code  Gb  adc.o [9]
ADCSequenceEnable            0x1645    0xa  Code  Gb  adc.o [9]
ADCSequenceStepConfigure
                             0x16b1   0x76  Code  Gb  adc.o [9]
DELAY                        0x1781    0xc  Code  Gb  main.o [1]
DIO_Init                      0x26d  0x29a  Code  Gb  dio.o [7]
DIO_ReadPin                   0x5af   0x48  Code  Gb  dio.o [7]
DIO_SetPUR                    0x5f7   0x9c  Code  Gb  dio.o [7]
DIO_WritePin                  0x507   0xa8  Code  Gb  dio.o [7]
DISPLAY_CHANGEPASSWORD        0x78d  0x1b2  Code  Gb  display_manager.o [2]
DISPLAY_CHANGETIMEOUT         0x93f    0x8  Code  Gb  display_manager.o [2]
DISPLAY_ClearScreen           0x77d   0x10  Code  Gb  display_manager.o [2]
DISPLAY_ERROR                 0xa0b    0xe  Code  Gb  display_manager.o [2]
DISPLAY_Init                  0x745    0x8  Code  Gb  display_manager.o [2]
DISPLAY_OLD_PASSWORD          0x947   0xbc  Code  Gb  display_manager.o [2]
DISPLAY_OPEN                  0xa03    0x8  Code  Gb  display_manager.o [2]
DISPLAY_ShowMainMenu          0x74d   0x20  Code  Gb  display_manager.o [2]
DISPLAY_ShowMessage           0x76d   0x10  Code  Gb  display_manager.o [2]
DelayMs                       0xa59    0xe  Code  Lc  lcd.o [5]
FaultISR                     0x18ab    0x2  Code  Lc  startup_ewarm.o [1]
GPIODirModeSet               0x12cd   0x28  Code  Gb  gpio.o [9]
GPIOPadConfigSet             0x12f5  0x174  Code  Gb  gpio.o [9]
GPIOPinConfigure             0x14a3   0x38  Code  Gb  gpio.o [9]
GPIOPinTypeADC               0x1469    0x4  Code  Gb  gpio.o [9]
GPIOPinTypeUART              0x148f   0x14  Code  Gb  gpio.o [9]
InputManager_GetKey           0xc81   0x1a  Code  Gb  input_manager.o [2]
IntDefaultHandler            0x18ad    0x2  Code  Lc  startup_ewarm.o [1]
Keypad_GetKey                0x110d   0xc0  Code  Gb  keypad.o [4]
Keypad_Init                  0x109d   0x70  Code  Gb  keypad.o [4]
LCD_Clear                     0xbdd   0x10  Code  Gb  lcd.o [5]
LCD_EnablePulse               0xa67   0x24  Code  Lc  lcd.o [5]
LCD_Init                      0xacb   0xaa  Code  Gb  lcd.o [5]
LCD_Send4Bits                 0xa8b   0x40  Code  Lc  lcd.o [5]
LCD_SendCommand               0xb75   0x3e  Code  Gb  lcd.o [5]
LCD_SendData                  0xbb3   0x2a  Code  Gb  lcd.o [5]
LCD_SetCursor                 0xbed   0x1a  Code  Gb  lcd.o [5]
LCD_WriteChar                 0xc1d    0xa  Code  Gb  lcd.o [5]
LCD_WriteString               0xc07   0x16  Code  Gb  lcd.o [5]
MapKey                        0xc57   0x2a  Code  Lc  input_manager.o [2]
NmiSR                        0x18a9    0x2  Code  Lc  startup_ewarm.o [1]
PORTF_Handler                0x18b1    0x2  Code  Gb  startup_ewarm.o [1]
PotentiometerManager_GetTimeout
                              0xea1    0x6  Code  Gb  potentiometer_manager.o [2]
PotentiometerManager_HandleTimeoutConfig
                              0xea7   0xe8  Code  Gb  potentiometer_manager.o [2]
Potentiometer_Init           0x11e1   0x74  Code  Gb  potentiometer.o [6]
Potentiometer_ReadRaw        0x1255   0x36  Code  Gb  potentiometer.o [6]
Potentiometer_ReadTimeout
                             0x12a5   0x28  Code  Gb  potentiometer.o [6]
Region$$Table$$Base          0x193c          --   Gb  - Linker created -
Region$$Table$$Limit         0x1950          --   Gb  - Linker created -
ResetISR                     0x1891   0x14  Code  Gb  startup_ewarm.o [1]
SysCtlClockGet                0xce1  0x110  Code  Gb  sysctl.o [9]
SysCtlDelay                   0xcd9    0x8  Code  Gb  sysctl.o [9]
SysCtlPeripheralEnable        0xcbd    0x8  Code  Gb  sysctl.o [9]
SysCtlPeripheralReady         0xc9d    0x8  Code  Gb  sysctl.o [9]
UART5_Init_front             0x101d   0x50  Code  Gb  HMI_Comm.o [3]
UART5_SendString             0x106d   0x18  Code  Gb  HMI_Comm.o [3]
UARTCharPut                  0x1605    0xa  Code  Gb  uart.o [9]
UARTConfigSetExpClk          0x157d   0x4c  Code  Gb  uart.o [9]
UARTDisable                  0x15e3   0x1e  Code  Gb  uart.o [9]
UARTEnable                   0x15c9   0x1a  Code  Gb  uart.o [9]
__aeabi_memclr                0xc51         Code  Gb  ABImemclr.o [11]
__aeabi_memset                0xfb5         Code  Gb  ABImemset.o [11]
__cmain                      0x18f5         Code  Gb  cmain.o [11]
__exit                       0x1929   0x14  Code  Gb  exit.o [12]
__iar_Memset                  0xfb5         Code  Gb  ABImemset.o [11]
__iar_Memset_word             0xfbd         Code  Gb  ABImemset.o [11]
__iar_copy_init3              0xc27   0x2a  Code  Gb  copy_init3.o [11]
__iar_data_init3             0x1869   0x28  Code  Gb  data_init.o [11]
__iar_init_vfp               0x18d1         Code  Gb  fpinit_M.o [10]
__iar_program_start          0x18b5         Code  Gb  cstartup_M.o [11]
__low_level_init             0x1913    0x4  Code  Gb  low_level_init.o [8]
__vector_table                  0x0  0x26c  Data  Gb  startup_ewarm.o [1]
_call_main                   0x1901         Code  Gb  cmain.o [11]
_exit                        0x191d         Code  Gb  cexit.o [11]
exit                         0x1917    0x4  Code  Gb  exit.o [8]
g_pui32GPIOBaseAddrs         0x14ec   0x90  Data  Lc  gpio.o [9]
g_pui32Xtals                  0xe20   0x6c  Data  Lc  sysctl.o [9]
keypad_codes                 0x1a18   0x10  Data  Gb  keypad.o [4]
main                         0x178d   0xd8  Code  Gb  main.o [1]
pui32Stack              0x2000'0004  0x200  Data  Lc  startup_ewarm.o [1]
stored_timeout          0x2000'0000    0x1  Data  Lc  potentiometer_manager.o [2]
strcmp                        0xe8d         Code  Gb  strcmp.o [11]
systick_ISR                  0x18af    0x2  Code  Gb  startup_ewarm.o [1]


[1] = E:\coding\embedded\embededProject\Debug\Obj
[2] = E:\coding\embedded\embededProject\Debug\Obj\APP
[3] = E:\coding\embedded\embededProject\Debug\Obj\Comm
[4] = E:\coding\embedded\embededProject\Debug\Obj\HAL\Keypad
[5] = E:\coding\embedded\embededProject\Debug\Obj\HAL\LCD
[6] = E:\coding\embedded\embededProject\Debug\Obj\HAL\Potentiometer
[7] = E:\coding\embedded\embededProject\Debug\Obj\Utils
[8] = dl7M_tln.a
[9] = driverlib.a
[10] = m7M_tls.a
[11] = rt7M_tl.a
[12] = shb_l.a

  5'840 bytes of readonly  code memory
    996 bytes of readonly  data memory
    513 bytes of readwrite data memory

Errors: none
Warnings: 1
