###############################################################################
#
# IAR ELF Linker V9.10.1.308/W64 for ARM                  21/Dec/2025  01:31:04
# Copyright 2007-2021 IAR Systems AB.
#
#    Output file  =  E:\coding\embedded\embededProject\Debug\Exe\main.out
#    Map file     =  E:\coding\embedded\embededProject\Debug\List\main.map
#    Command line =
#        -f E:\coding\embedded\embededProject\Debug\Exe\main.out.rsp
#        (E:\coding\embedded\embededProject\Debug\Obj\BUZZER\buzzer.o
#        E:\coding\embedded\embededProject\Debug\Obj\HAL\Keypad\dio.o
#        E:\coding\embedded\embededProject\Debug\Obj\APP\display_manager.o
#        E:\coding\embedded\embededProject\Debug\Obj\EEPROM\eepromDriver.o
#        E:\coding\embedded\embededProject\Debug\Obj\UART\HMI_Comm.o
#        E:\coding\embedded\embededProject\Debug\Obj\APP\input_manager.o
#        E:\coding\embedded\embededProject\Debug\Obj\HAL\Keypad\keypad.o
#        E:\coding\embedded\embededProject\Debug\Obj\HAL\LCD\lcd.o
#        E:\coding\embedded\embededProject\Debug\Obj\main.o
#        E:\coding\embedded\embededProject\Debug\Obj\HAL\PASSWORD\password.o
#        E:\coding\embedded\embededProject\Debug\Obj\APP\password_manager.o
#        E:\coding\embedded\embededProject\Debug\Obj\HAL\Potentiometer\potentiometer.o
#        E:\coding\embedded\embededProject\Debug\Obj\APP\potentiometer_manager.o
#        E:\coding\embedded\embededProject\Debug\Obj\startup_ewarm.o
#        E:\coding\embedded\embededProject\Debug\Obj\TIMER\timer.o
#        --no_out_extension -o
#        E:\coding\embedded\embededProject\Debug\Exe\main.out --redirect
#        _Printf=_PrintfFullNoMb --redirect _Scanf=_ScanfFullNoMb --map
#        E:\coding\embedded\embededProject\Debug\List\main.map --config
#        "C:\Program Files\IAR Systems\Embedded Workbench
#        9.0\arm\config\linker\TexasInstruments\TM4C123GH6.icf" --semihosting
#        C:\ti\TivaWare_C_Series-2.2.0.295\driverlib\ewarm\Exe\driverlib.a
#        --entry __iar_program_start --vfe --text_out locale)
#
###############################################################################

*******************************************************************************
*** MESSAGES
***

Warning[Lt009]: Inconsistent wchar_t size
            eeprom.o(driverlib.a) and 7 other objects in driverlib.a have
                      wchar_t size 16 bits
            buzzer.o and 31 other objects, some of them in dl7M_tln.a and 11
                      other libraries have wchar_t size 32 bits


*******************************************************************************
*** RUNTIME MODEL ATTRIBUTES
***

CppFlavor       = *
__SystemLibrary = DLib
__dlib_version  = 6


*******************************************************************************
*** HEAP SELECTION
***

The basic heap was selected because no calls to memory allocation
functions were found in the application outside of system library
functions, and there are calls to deallocation functions in the
application.


*******************************************************************************
*** PLACEMENT SUMMARY
***

"A0":  place at address 0x0 { ro section .intvec };
"P1":  place in [from 0x0 to 0x3'ffff] { ro };
define block CSTACK with size = 4K, alignment = 8 { };
define block HEAP with size = 8K, alignment = 8 { };
"P2":  place in [from 0x2000'0000 to 0x2000'7fff] {
          rw, block CSTACK, block HEAP };
do not initialize { rw section .noinit };

  Section          Kind         Address    Size  Object
  -------          ----         -------    ----  ------
"A0":                                     0x26c
  .intvec          const            0x0   0x26c  startup_ewarm.o [1]
                                - 0x26c   0x26c

"P1":                                    0x1058
  .text            ro code        0x26c   0x324  HMI_Comm.o [10]
  .text            ro code        0x590   0x2e4  sysctl.o [12]
  .text            ro code        0x874   0x2b8  gpio.o [12]
  .text            ro code        0xb2c    0xe8  uart.o [12]
  .text            ro code        0xc14    0x84  interrupt.o [12]
  .text            ro code        0xc98    0x18  strcpy.o [14]
  .text            ro code        0xcb0    0x4c  strtok.o [11]
  .text            ro code        0xcfc    0x12  strcmp.o [14]
  .text            ro code        0xd10    0x78  timer.o [9]
  .text            ro code        0xd88   0x150  iar_Stoulx.o [11]
  .text            ro code        0xed8    0x66  ABImemset.o [14]
  .text            ro code        0xf40    0xa2  timer.o [12]
  .text            ro code        0xfe4     0x8  cpu.o [12]
  .text            ro code        0xfec    0x22  strspn.o [11]
  .text            ro code       0x100e    0x22  strcspn.o [11]
  .text            ro code       0x1030    0x58  memchr.o [14]
  .text            ro code       0x1088    0x94  main.o [1]
  .rodata          const         0x111c    0x50  iar_Stoulx.o [11]
  .text            ro code       0x116c    0x38  zero_init3.o [14]
  .text            ro code       0x11a4    0x28  data_init.o [14]
  .text            ro code       0x11cc    0x22  startup_ewarm.o [1]
  .text            ro code       0x11f0    0x1c  cstartup_M.o [14]
  .text            ro code       0x120c    0x22  fpinit_M.o [13]
  .text            ro code       0x1230    0x1e  cmain.o [14]
  .text            ro code       0x124e     0x4  low_level_init.o [11]
  .text            ro code       0x1252     0x4  exit.o [11]
  .text            ro code       0x1258     0xa  cexit.o [14]
  .text            ro code       0x1264    0x14  exit.o [15]
  .iar.init_table  const         0x1278    0x10  - Linker created -
  .rodata          const         0x1288     0xc  HMI_Comm.o [10]
  .rodata          const         0x1294     0xc  HMI_Comm.o [10]
  .rodata          const         0x12a0     0xc  HMI_Comm.o [10]
  .rodata          const         0x12ac     0x8  HMI_Comm.o [10]
  .rodata          const         0x12b4     0x8  HMI_Comm.o [10]
  .rodata          const         0x12bc     0x8  HMI_Comm.o [10]
  .rodata          const         0x12c4     0x0  zero_init3.o [14]
                               - 0x12c4  0x1058

"P2", part 1 of 2:                         0x48
  .bss             zero     0x2000'0000    0x40  HMI_Comm.o [10]
  .bss             zero     0x2000'0040     0x4  strtok.o [11]
  .bss             zero     0x2000'0044     0x2  HMI_Comm.o [10]
  .bss             zero     0x2000'0046     0x1  HMI_Comm.o [10]
  .bss             zero     0x2000'0047     0x1  HMI_Comm.o [10]
                          - 0x2000'0048    0x48

"P2", part 2 of 2:                        0x200
  .noinit          uninit   0x2000'0048   0x200  startup_ewarm.o [1]
                          - 0x2000'0248   0x200

Unused ranges:

         From           To      Size
         ----           --      ----
       0x12c4     0x3'ffff  0x3'ed3c
  0x2000'0248  0x2000'7fff    0x7db8


*******************************************************************************
*** INIT TABLE
***

          Address      Size
          -------      ----
Zero (__iar_zero_init3)
    1 destination range, total size 0x48:
          0x2000'0000  0x48



*******************************************************************************
*** MODULE SUMMARY
***

    Module            ro code  ro data  rw data
    ------            -------  -------  -------
command line/config:
    -------------------------------------------
    Total:

E:\coding\embedded\embededProject\Debug\Obj: [1]
    main.o                148
    startup_ewarm.o        34      620      512
    -------------------------------------------
    Total:                182      620      512

E:\coding\embedded\embededProject\Debug\Obj\APP: [2]
    -------------------------------------------
    Total:

E:\coding\embedded\embededProject\Debug\Obj\BUZZER: [3]
    -------------------------------------------
    Total:

E:\coding\embedded\embededProject\Debug\Obj\EEPROM: [4]
    -------------------------------------------
    Total:

E:\coding\embedded\embededProject\Debug\Obj\HAL\Keypad: [5]
    -------------------------------------------
    Total:

E:\coding\embedded\embededProject\Debug\Obj\HAL\LCD: [6]
    -------------------------------------------
    Total:

E:\coding\embedded\embededProject\Debug\Obj\HAL\PASSWORD: [7]
    -------------------------------------------
    Total:

E:\coding\embedded\embededProject\Debug\Obj\HAL\Potentiometer: [8]
    -------------------------------------------
    Total:

E:\coding\embedded\embededProject\Debug\Obj\TIMER: [9]
    timer.o               120
    -------------------------------------------
    Total:                120

E:\coding\embedded\embededProject\Debug\Obj\UART: [10]
    HMI_Comm.o            804       60       68
    -------------------------------------------
    Total:                804       60       68

dl7M_tln.a: [11]
    exit.o                  4
    iar_Stoulx.o          336       80
    low_level_init.o        4
    strcspn.o              34
    strspn.o               34
    strtok.o               76                 4
    -------------------------------------------
    Total:                488       80        4

driverlib.a: [12]
    cpu.o                   8
    gpio.o                696
    interrupt.o           132
    sysctl.o              740
    timer.o               162
    uart.o                232
    -------------------------------------------
    Total:              1'970

m7M_tls.a: [13]
    fpinit_M.o             34
    -------------------------------------------
    Total:                 34

rt7M_tl.a: [14]
    ABImemset.o           102
    cexit.o                10
    cmain.o                30
    cstartup_M.o           28
    data_init.o            40
    memchr.o               88
    strcmp.o               18
    strcpy.o               24
    zero_init3.o           56
    -------------------------------------------
    Total:                396

shb_l.a: [15]
    exit.o                 20
    -------------------------------------------
    Total:                 20

    Gaps                   14
    Linker created                  16
-----------------------------------------------
    Grand Total:        4'028      776      584


*******************************************************************************
*** ENTRY LIST
***

Entry                       Address   Size  Type      Object
-----                       -------   ----  ----      ------
.iar.init_table$$Base        0x1278          --   Gb  - Linker created -
.iar.init_table$$Limit       0x1288          --   Gb  - Linker created -
?main                        0x1231         Code  Gb  cmain.o [14]
Activate_Lockout              0x4cb   0x22  Code  Gb  HMI_Comm.o [10]
CPUcpsie                      0xfe5    0x8  Code  Gb  cpu.o [12]
Door_Lock                     0x523    0xe  Code  Gb  HMI_Comm.o [10]
Door_Unlock                   0x4b7   0x14  Code  Gb  HMI_Comm.o [10]
EEPROMWriteByte               0x4b5    0x2  Code  Gb  HMI_Comm.o [10]
FaultISR                     0x11e7    0x2  Code  Lc  startup_ewarm.o [1]
GPIODirModeSet                0x875   0x28  Code  Gb  gpio.o [12]
GPIOPadConfigSet              0x89d  0x174  Code  Gb  gpio.o [12]
GPIOPinConfigure              0xa53   0x38  Code  Gb  gpio.o [12]
GPIOPinTypeGPIOOutput         0xa1b    0xa  Code  Gb  gpio.o [12]
GPIOPinTypeUART               0xa3f   0x14  Code  Gb  gpio.o [12]
GPIOPinWrite                  0xa11    0x6  Code  Gb  gpio.o [12]
IntDefaultHandler            0x11e9    0x2  Code  Lc  startup_ewarm.o [1]
IntEnable                     0xc25   0x56  Code  Gb  interrupt.o [12]
IntMasterEnable               0xc15    0x8  Code  Gb  interrupt.o [12]
LED_Init                     0x1089   0x4a  Code  Gb  main.o [1]
NmiSR                        0x11e5    0x2  Code  Lc  startup_ewarm.o [1]
PORTF_Handler                0x11ed    0x2  Code  Gb  startup_ewarm.o [1]
PROCESS_MESSAGE               0x35b  0x142  Code  Gb  HMI_Comm.o [10]
Region$$Table$$Base          0x1278          --   Gb  - Linker created -
Region$$Table$$Limit         0x1288          --   Gb  - Linker created -
ResetISR                     0x11cd   0x14  Code  Gb  startup_ewarm.o [1]
SavePasswordToEEPROM          0x4ed   0x24  Code  Gb  HMI_Comm.o [10]
SaveTimeoutToEEPROM           0x511   0x12  Code  Gb  HMI_Comm.o [10]
SysCtlClockGet                0x6ad  0x110  Code  Gb  sysctl.o [12]
SysCtlClockSet                0x5d5   0xd8  Code  Gb  sysctl.o [12]
SysCtlDelay                   0x5cd    0x8  Code  Gb  sysctl.o [12]
SysCtlPeripheralEnable        0x5b1    0x8  Code  Gb  sysctl.o [12]
SysCtlPeripheralReady         0x591    0x8  Code  Gb  sysctl.o [12]
Timer0A_Handler               0xd43   0x1a  Code  Gb  timer.o [9]
Timer0A_Init                  0xd11   0x32  Code  Gb  timer.o [9]
TimerConfigure                0xf59   0x52  Code  Gb  timer.o [12]
TimerDisable                  0xf4d    0xc  Code  Gb  timer.o [12]
TimerEnable                   0xf41    0xc  Code  Gb  timer.o [12]
TimerIntClear                 0xfdf    0x4  Code  Gb  timer.o [12]
TimerIntEnable                0xfcd    0x4  Code  Gb  timer.o [12]
TimerLoadSet                  0xfbd   0x10  Code  Gb  timer.o [12]
TimerStart                    0xd5d   0x20  Code  Gb  timer.o [9]
UART1_Handler                 0x2fb   0x60  Code  Gb  HMI_Comm.o [10]
UART1_Init                    0x26d   0x8e  Code  Gb  HMI_Comm.o [10]
UART1_SendString              0x49d   0x18  Code  Gb  HMI_Comm.o [10]
UARTCharGetNonBlocking        0xbd7    0xe  Code  Gb  uart.o [12]
UARTCharPut                   0xbe5    0xa  Code  Gb  uart.o [12]
UARTCharsAvail                0xbc7    0x6  Code  Gb  uart.o [12]
UARTConfigSetExpClk           0xb2d   0x4c  Code  Gb  uart.o [12]
UARTDisable                   0xb93   0x1e  Code  Gb  uart.o [12]
UARTEnable                    0xb79   0x1a  Code  Gb  uart.o [12]
UARTFIFOEnable                0xbb5    0xc  Code  Gb  uart.o [12]
UARTIntClear                  0xc0b    0x4  Code  Gb  uart.o [12]
UARTIntDisable                0xbf5    0x4  Code  Gb  uart.o [12]
UARTIntEnable                 0xbef    0x6  Code  Gb  uart.o [12]
UARTIntStatus                 0xc01    0xa  Code  Gb  uart.o [12]
UARTRxErrorClear              0xc0f    0x6  Code  Gb  uart.o [12]
_Strtok_ssave           0x2000'0040    0x4  Data  Lc  strtok.o [11]
__aeabi_memset                0xed9         Code  Gb  ABImemset.o [14]
__cmain                      0x1231         Code  Gb  cmain.o [14]
__exit                       0x1265   0x14  Code  Gb  exit.o [15]
__iar_Memchr                 0x1031         Code  Gb  memchr.o [14]
__iar_Memset                  0xed9         Code  Gb  ABImemset.o [14]
__iar_Memset_word             0xee1         Code  Gb  ABImemset.o [14]
__iar_Stoulx                  0xd89  0x13e  Code  Gb  iar_Stoulx.o [11]
__iar_data_init3             0x11a5   0x28  Code  Gb  data_init.o [14]
__iar_init_vfp               0x120d         Code  Gb  fpinit_M.o [13]
__iar_program_start          0x11f1         Code  Gb  cstartup_M.o [14]
__iar_zero_init3             0x116d   0x38  Code  Gb  zero_init3.o [14]
__low_level_init             0x124f    0x4  Code  Gb  low_level_init.o [11]
__vector_table                  0x0  0x26c  Data  Gb  startup_ewarm.o [1]
_call_main                   0x123d         Code  Gb  cmain.o [14]
_exit                        0x1259         Code  Gb  cexit.o [14]
atoi                          0xecd    0x2  Code  Gb  iar_Stoulx.o [11]
digits                       0x1144   0x28  Data  Lc  iar_Stoulx.o [11]
exit                         0x1253    0x4  Code  Gb  exit.o [11]
failedAttempts          0x2000'0044    0x2  Data  Gb  HMI_Comm.o [10]
g_pui32EnRegs                 0xc84   0x14  Data  Lc  interrupt.o [12]
g_pui32GPIOBaseAddrs          0xa9c   0x90  Data  Lc  gpio.o [12]
g_pui32Xtals                  0x808   0x6c  Data  Lc  sysctl.o [12]
main                         0x10d3   0x3a  Code  Gb  main.o [1]
memchr                       0x1031         Code  Gb  memchr.o [14]
messageReady            0x2000'0047    0x1  Data  Gb  HMI_Comm.o [10]
ndigs                        0x111c   0x28  Data  Lc  iar_Stoulx.o [11]
pui32Stack              0x2000'0048  0x200  Data  Lc  startup_ewarm.o [1]
rxBuffer                0x2000'0000   0x40  Data  Gb  HMI_Comm.o [10]
rxIndex                 0x2000'0046    0x1  Data  Gb  HMI_Comm.o [10]
strcmp                        0xcfd         Code  Gb  strcmp.o [14]
strcpy                        0xc99         Code  Gb  strcpy.o [14]
strcspn                      0x100f   0x22  Code  Gb  strcspn.o [11]
strspn                        0xfed   0x22  Code  Gb  strspn.o [11]
strtok                        0xcb1   0x4c  Code  Gb  strtok.o [11]
systick_ISR                  0x11eb    0x2  Code  Gb  startup_ewarm.o [1]


[1] = E:\coding\embedded\embededProject\Debug\Obj
[2] = E:\coding\embedded\embededProject\Debug\Obj\APP
[3] = E:\coding\embedded\embededProject\Debug\Obj\BUZZER
[4] = E:\coding\embedded\embededProject\Debug\Obj\EEPROM
[5] = E:\coding\embedded\embededProject\Debug\Obj\HAL\Keypad
[6] = E:\coding\embedded\embededProject\Debug\Obj\HAL\LCD
[7] = E:\coding\embedded\embededProject\Debug\Obj\HAL\PASSWORD
[8] = E:\coding\embedded\embededProject\Debug\Obj\HAL\Potentiometer
[9] = E:\coding\embedded\embededProject\Debug\Obj\TIMER
[10] = E:\coding\embedded\embededProject\Debug\Obj\UART
[11] = dl7M_tln.a
[12] = driverlib.a
[13] = m7M_tls.a
[14] = rt7M_tl.a
[15] = shb_l.a

  4'028 bytes of readonly  code memory
    776 bytes of readonly  data memory
    584 bytes of readwrite data memory

Errors: none
Warnings: 1
